<html>
<body>
<pre>
<h1>µVision Build Log</h1>
<h2>Tool Versions:</h2>
IDE-Version: µVision V5.20.0.0
Copyright (C) 2016 ARM Ltd and ARM Germany GmbH. All rights reserved.
License Information: serhiy Àäìèíèñòðàòîð,  , LIC=V859U-S8GRN-05ZTY-I0FHN-66JJA-CGQDK
 
Tool Versions:
Toolchain:       MDK-ARM Professional  Version: 5.20
Toolchain Path:  d:\Keil_v5\ARM\ARMCC\Bin
C Compiler:      Armcc.exe V5.06 update 2 (build 183)
Assembler:       Armasm.exe V5.06 update 2 (build 183)
Linker/Locator:  ArmLink.exe V5.06 update 2 (build 183)
Library Manager: ArmAr.exe V5.06 update 2 (build 183)
Hex Converter:   FromElf.exe V5.06 update 2 (build 183)
CPU DLL:         SARMCM3.DLL V5.20
Dialog DLL:      DCM.DLL V1.13.7.0
Target DLL:      STLink\ST-LINKIII-KEIL_SWO.dll V2.0.18.0
Dialog DLL:      TCM.DLL V1.14.9.0
 
<h2>Project:</h2>
E:\MY_Proj\STM32net_uIP\current\_keil\stm32_net.uvprojx
Project File Date:  09/19/2016

<h2>Output:</h2>
*** Using Compiler 'V5.06 update 2 (build 183)', folder: 'd:\Keil_v5\ARM\ARMCC\Bin'
Rebuild target 'Target 1'
compiling clock-arch.c...
compiling stm32net.c...
..\src\stm32net.c(161): warning:  #177-D: function "HardFault_Handler" was declared but never referenced
  static void HardFault_Handler(void)
..\src\stm32net.c: 1 warning, 0 errors
compiling stm32f10x_gpio.c...
compiling stm32f10x_rcc.c...
compiling stm32f10x_spi.c...
compiling enc28j60.c...
..\enc28j60\src\enc28j60.c(183): warning:  #177-D: variable "a" was declared but never referenced
  	uint16_t a;
..\enc28j60\src\enc28j60.c: 1 warning, 0 errors
compiling misc.c...
compiling timer.c...
compiling psock.c...
..\uIP\psock.c(179): warning:  #550-D: variable "PT_YIELD_FLAG" was set but never used
    PT_BEGIN(&s->psockpt);
..\uIP\psock.c(218): warning:  #550-D: variable "PT_YIELD_FLAG" was set but never used
    PT_BEGIN(&s->psockpt);
..\uIP\psock.c(276): warning:  #167-D: argument of type "char *" is incompatible with parameter of type "u8_t *"
    buf_setup(&psock->buf, psock->bufptr, psock->bufsize);
..\uIP\psock.c(274): warning:  #550-D: variable "PT_YIELD_FLAG" was set but never used
    PT_BEGIN(&psock->psockpt);
..\uIP\psock.c(303): warning:  #167-D: argument of type "char *" is incompatible with parameter of type "u8_t *"
    buf_setup(&psock->buf, psock->bufptr, psock->bufsize);
..\uIP\psock.c(301): warning:  #550-D: variable "PT_YIELD_FLAG" was set but never used
    PT_BEGIN(&psock->psockpt);
..\uIP\psock.c(334): warning:  #167-D: argument of type "char *" is incompatible with parameter of type "u8_t *"
    buf_setup(&psock->buf, buffer, buffersize);
..\uIP\psock.c: 7 warnings, 0 errors
compiling uip_arp.c...
compiling uip.c...
..\uIP\uip.c(1847): warning:  #177-D: label "ip_send_nolen" was declared but never referenced
   ip_send_nolen:
..\uIP\uip.c(113): warning:  #177-D: variable "all_ones_addr" was declared but never referenced
  static const uip_ipaddr_t all_ones_addr =
..\uIP\uip.c: 2 warnings, 0 errors
compiling uip-fw.c...
compiling uiplib.c...
compiling uip-neighbor.c...
compiling uip-split.c...
compiling httpd-cgi.c...
..\app\httpd-cgi.c(70): warning:  #550-D: variable "PT_YIELD_FLAG" was set but never used
    PSOCK_BEGIN(&s->sout);
..\app\httpd-cgi.c(98): warning:  #550-D: variable "PT_YIELD_FLAG" was set but never used
    PSOCK_BEGIN(&s->sout);
..\app\httpd-cgi.c(170): warning:  #550-D: variable "PT_YIELD_FLAG" was set but never used
    PSOCK_BEGIN(&s->sout);
..\app\httpd-cgi.c(192): warning:  #550-D: variable "PT_YIELD_FLAG" was set but never used
    PSOCK_BEGIN(&s->sout);
..\app\httpd-cgi.c(211): warning:  #177-D: variable "s" was declared but never referenced
  	struct httpd_state *s = (struct httpd_state *)arg;
..\app\httpd-cgi.c(226): warning:  #550-D: variable "PT_YIELD_FLAG" was set but never used
    PSOCK_BEGIN(&s->sout);
..\app\httpd-cgi.c(237): warning:  #177-D: variable "s" was declared but never referenced
  	struct httpd_state *s = (struct httpd_state *)arg;
..\app\httpd-cgi.c(252): warning:  #550-D: variable "PT_YIELD_FLAG" was set but never used
    PSOCK_BEGIN(&s->sout);
..\app\httpd-cgi.c(262): warning:  #177-D: variable "s" was declared but never referenced
  	struct httpd_state *s = (struct httpd_state *)arg;
..\app\httpd-cgi.c(277): warning:  #550-D: variable "PT_YIELD_FLAG" was set but never used
    PSOCK_BEGIN(&s->sout);
..\app\httpd-cgi.c: 10 warnings, 0 errors
compiling httpd.c...
..\app\httpd.c(99): warning:  #550-D: variable "PT_YIELD_FLAG" was set but never used
    PSOCK_BEGIN(&s->sout);
..\app\httpd.c(114): warning:  #550-D: variable "PT_YIELD_FLAG" was set but never used
    PSOCK_BEGIN(&s->sout);
..\app\httpd.c(126): warning:  #550-D: variable "PT_YIELD_FLAG" was set but never used
    PT_BEGIN(&s->scriptpt);
..\app\httpd.c(202): warning:  #550-D: variable "PT_YIELD_FLAG" was set but never used
    PT_BEGIN(&s->scriptpt);
..\app\httpd.c(262): warning:  #550-D: variable "PT_YIELD_FLAG" was set but never used
    PSOCK_BEGIN(&s->sout);
..\app\httpd.c(291): warning:  #550-D: variable "PT_YIELD_FLAG" was set but never used
    PT_BEGIN(&s->outputpt);
..\app\httpd.c(336): warning:  #550-D: variable "PT_YIELD_FLAG" was set but never used
    PSOCK_BEGIN(&s->sin);
..\app\httpd.c: 7 warnings, 0 errors
compiling httpd-fs.c...
..\app\httpd-fsdata.c(839): warning:  #144-D: a value of type "const unsigned char *" cannot be used to initialize an entity of type "const char *"
  const struct httpd_fsdata_file file_settings_shtml[] = {{
ULL, data_settings_shtml, data_settings_shtml + 16, sizeof(data_settings_shtml) - 16}};
..\app\httpd-fsdata.c(839): warning:  #144-D: a value of type "const unsigned char *" cannot be used to initialize an entity of type "const char *"
  const struct httpd_fsdata_file file_settings_shtml[] = {{
ULL, data_settings_shtml, data_settings_shtml + 16, sizeof(data_settings_shtml) - 16}};
..\app\httpd-fs.c: 2 warnings, 0 errors
compiling http-strings.c...
compiling httpd-ajax.c...
..\app\httpd-ajax.c(72): warning:  #550-D: variable "PT_YIELD_FLAG" was set but never used
    PSOCK_BEGIN(&s->sout);
..\app\httpd-ajax.c(79): warning:  #177-D: variable "f" was declared but never referenced
    const struct httpd_cgi_call **f;
..\app\httpd-ajax.c: 2 warnings, 0 errors
assembling startup_stm32f10x_md_vl.s...
compiling RTX_Conf_CM.c...
compiling system_stm32f10x.c...
linking...
Program Size: Code=19588 RO-data=8112 RW-data=260 ZI-data=7692  
".\Objects\stm32_net.axf" - 0 Error(s), 32 Warning(s).

<h2>Software Packages used:</h2>

Package Vendor: ARM
                http://www.keil.com/pack/ARM.CMSIS.4.5.0.pack
                ::CMSIS:RTOS:1.0 (API)
                CMSIS (Cortex Microcontroller Software Interface Standard)
   * Component: RTOS Version: 1.0
   * Component: CORE Version: 4.3.0
   * Component: Keil RTX Version: 4.80.0

Package Vendor: Keil
                http://www.keil.com/pack/Keil.STM32F1xx_DFP.2.1.0.pack
                Keil::Device:Startup:1.0.0
                STMicroelectronics STM32F1 Series Device Support, Drivers and Examples
   * Component: Startup Version: 1.0.0

<h2>Collection of Component include folders:</h2>
  E:\MY_Proj\STM32net_uIP\current\_keil\RTE
  E:\MY_Proj\STM32net_uIP\current\_keil\RTE\Device\STM32F100RB
  d:\Keil_v5\ARM\PACK\ARM\CMSIS\4.5.0\CMSIS\Include
  d:\Keil_v5\ARM\PACK\ARM\CMSIS\4.5.0\CMSIS\RTOS\RTX\INC
  d:\Keil_v5\ARM\PACK\Keil\STM32F1xx_DFP\2.1.0\Device\Include

<h2>Collection of Component Files used:</h2>

   * Component: ::CMSIS:RTOS:1.0 (API)

   * Component: ARM::CMSIS:CORE:4.3.0

   * Component: ARM::CMSIS:RTOS:Keil RTX:4.80.0
      Include file:  CMSIS\RTOS\RTX\INC\cmsis_os.h
      Source file:   CMSIS\RTOS\RTX\UserCodeTemplates\Semaphore.c
      Include file:  CMSIS\RTOS\RTX\UserCodeTemplates\osObjects.h
      Source file:   CMSIS\RTOS\RTX\UserCodeTemplates\Mutex.c
      Source file:   CMSIS\RTOS\RTX\UserCodeTemplates\MemPool.c
      Source file:   CMSIS\RTOS\RTX\UserCodeTemplates\Thread.c
      Source file:   CMSIS\RTOS\RTX\UserCodeTemplates\main.c
      Source file:   CMSIS\RTOS\RTX\UserCodeTemplates\MailQueue.c
      Source file:   CMSIS\RTOS\RTX\Templates\RTX_Conf_CM.c
      Source file:   CMSIS\RTOS\RTX\SRC\ARM\SVC_Table.s
      Source file:   CMSIS\RTOS\RTX\UserCodeTemplates\MsgQueue.c
      Source file:   CMSIS\RTOS\RTX\UserCodeTemplates\Timer.c
      Library file:  CMSIS\RTOS\RTX\LIB\ARM\RTX_CM3.lib

   * Component: Keil::Device:Startup:1.0.0
      Source file:   Device\Source\system_stm32f10x.c
      Source file:   Device\Source\ARM\STM32F1xx_OPT.s
      Source file:   Device\Source\ARM\startup_stm32f10x_md_vl.s
      Include file:  RTE_Driver\Config\RTE_Device.h
Build Time Elapsed:  00:00:03
</pre>
</body>
</html>
