<html>
<body>
<pre>
<h1>µVision Build Log</h1>
<h2>Tool Versions:</h2>
IDE-Version: µVision V5.20.0.0
Copyright (C) 2016 ARM Ltd and ARM Germany GmbH. All rights reserved.
License Information: serhiy Àäìèíèñòðàòîð,  , LIC=V859U-S8GRN-05ZTY-I0FHN-66JJA-CGQDK
 
Tool Versions:
Toolchain:       MDK-ARM Professional  Version: 5.20
Toolchain Path:  d:\Keil_v5\ARM\ARMCC\Bin
C Compiler:      Armcc.exe V5.06 update 2 (build 183)
Assembler:       Armasm.exe V5.06 update 2 (build 183)
Linker/Locator:  ArmLink.exe V5.06 update 2 (build 183)
Library Manager: ArmAr.exe V5.06 update 2 (build 183)
Hex Converter:   FromElf.exe V5.06 update 2 (build 183)
CPU DLL:         SARMCM3.DLL V5.20
Dialog DLL:      DCM.DLL V1.13.7.0
Target DLL:      STLink\ST-LINKIII-KEIL_SWO.dll V2.0.18.0
Dialog DLL:      TCM.DLL V1.14.9.0
 
<h2>Project:</h2>
E:\MY_Proj\STM32net_uIP\current\_keil\stm32_net.uvprojx
Project File Date:  09/13/2016

<h2>Output:</h2>
*** Using Compiler 'V5.06 update 2 (build 183)', folder: 'd:\Keil_v5\ARM\ARMCC\Bin'
Rebuild target 'Target 1'
compiling clock-arch.c...
compiling stm32f10x_gpio.c...
compiling stm32net.c...
..\src\stm32net.c(161): warning:  #177-D: function "HardFault_Handler" was declared but never referenced
  static void HardFault_Handler(void)
..\src\stm32net.c: 1 warning, 0 errors
compiling stm32f10x_rcc.c...
compiling misc.c...
compiling stm32f10x_spi.c...
compiling timer.c...
compiling enc28j60.c...
..\enc28j60\src\enc28j60.c(183): warning:  #177-D: variable "a" was declared but never referenced
  	uint16_t a;
..\enc28j60\src\enc28j60.c: 1 warning, 0 errors
compiling psock.c...
..\uIP\psock.c(179): warning:  #550-D: variable "PT_YIELD_FLAG" was set but never used
    PT_BEGIN(&s->psockpt);
..\uIP\psock.c(218): warning:  #550-D: variable "PT_YIELD_FLAG" was set but never used
    PT_BEGIN(&s->psockpt);
..\uIP\psock.c(276): warning:  #167-D: argument of type "char *" is incompatible with parameter of type "u8_t *"
    buf_setup(&psock->buf, psock->bufptr, psock->bufsize);
..\uIP\psock.c(274): warning:  #550-D: variable "PT_YIELD_FLAG" was set but never used
    PT_BEGIN(&psock->psockpt);
..\uIP\psock.c(303): warning:  #167-D: argument of type "char *" is incompatible with parameter of type "u8_t *"
    buf_setup(&psock->buf, psock->bufptr, psock->bufsize);
..\uIP\psock.c(301): warning:  #550-D: variable "PT_YIELD_FLAG" was set but never used
    PT_BEGIN(&psock->psockpt);
..\uIP\psock.c(334): warning:  #167-D: argument of type "char *" is incompatible with parameter of type "u8_t *"
    buf_setup(&psock->buf, buffer, buffersize);
..\uIP\psock.c: 7 warnings, 0 errors
compiling uip_arp.c...
compiling uip-fw.c...
compiling uip.c...
..\uIP\uip.c(1847): warning:  #177-D: label "ip_send_nolen" was declared but never referenced
   ip_send_nolen:
..\uIP\uip.c(113): warning:  #177-D: variable "all_ones_addr" was declared but never referenced
  static const uip_ipaddr_t all_ones_addr =
..\uIP\uip.c: 2 warnings, 0 errors
compiling uiplib.c...
compiling uip-neighbor.c...
compiling uip-split.c...
compiling httpd.c...
..\app\httpd.c(97): warning:  #550-D: variable "PT_YIELD_FLAG" was set but never used
    PSOCK_BEGIN(&s->sout);
..\app\httpd.c(112): warning:  #550-D: variable "PT_YIELD_FLAG" was set but never used
    PSOCK_BEGIN(&s->sout);
..\app\httpd.c(133): warning:  #550-D: variable "PT_YIELD_FLAG" was set but never used
    PT_BEGIN(&s->scriptpt);
..\app\httpd.c(193): warning:  #550-D: variable "PT_YIELD_FLAG" was set but never used
    PSOCK_BEGIN(&s->sout);
..\app\httpd.c(222): warning:  #550-D: variable "PT_YIELD_FLAG" was set but never used
    PT_BEGIN(&s->outputpt);
..\app\httpd.c(255): warning:  #550-D: variable "PT_YIELD_FLAG" was set but never used
    PSOCK_BEGIN(&s->sin);
..\app\httpd.c: 6 warnings, 0 errors
compiling httpd-cgi.c...
..\app\httpd-cgi.c(71): warning:  #550-D: variable "PT_YIELD_FLAG" was set but never used
    PSOCK_BEGIN(&s->sout);
..\app\httpd-cgi.c(99): warning:  #550-D: variable "PT_YIELD_FLAG" was set but never used
    PSOCK_BEGIN(&s->sout);
..\app\httpd-cgi.c(171): warning:  #550-D: variable "PT_YIELD_FLAG" was set but never used
    PSOCK_BEGIN(&s->sout);
..\app\httpd-cgi.c(193): warning:  #550-D: variable "PT_YIELD_FLAG" was set but never used
    PSOCK_BEGIN(&s->sout);
..\app\httpd-cgi.c(212): warning:  #177-D: variable "s" was declared but never referenced
  	struct httpd_state *s = (struct httpd_state *)arg;
..\app\httpd-cgi.c(227): warning:  #550-D: variable "PT_YIELD_FLAG" was set but never used
    PSOCK_BEGIN(&s->sout);
..\app\httpd-cgi.c(238): warning:  #177-D: variable "s" was declared but never referenced
  	struct httpd_state *s = (struct httpd_state *)arg;
..\app\httpd-cgi.c(253): warning:  #550-D: variable "PT_YIELD_FLAG" was set but never used
    PSOCK_BEGIN(&s->sout);
..\app\httpd-cgi.c(272): warning:  #940-D: missing return statement at end of non-void function "set_host_addr"
  }
..\app\httpd-cgi.c(261): warning:  #177-D: variable "addr" was declared but never referenced
  	unsigned char addr[4];
..\app\httpd-cgi.c(262): warning:  #177-D: variable "s" was declared but never referenced
  	struct httpd_state *s = (struct httpd_state *)arg;
..\app\httpd-cgi.c(277): warning:  #550-D: variable "PT_YIELD_FLAG" was set but never used
    PSOCK_BEGIN(&s->sout);
..\app\httpd-cgi.c(288): warning:  #177-D: variable "s" was declared but never referenced
  	struct httpd_state *s = (struct httpd_state *)arg;
..\app\httpd-cgi.c(303): warning:  #550-D: variable "PT_YIELD_FLAG" was set but never used
    PSOCK_BEGIN(&s->sout);
..\app\httpd-cgi.c: 14 warnings, 0 errors
compiling httpd-fs.c...
..\app\httpd-fsdata.c(817): warning:  #144-D: a value of type "const unsigned char *" cannot be used to initialize an entity of type "const char *"
  const struct httpd_fsdata_file file_settings_shtml[] = {{
ULL, data_settings_shtml, data_settings_shtml + 16, sizeof(data_settings_shtml) - 16}};
..\app\httpd-fsdata.c(817): warning:  #144-D: a value of type "const unsigned char *" cannot be used to initialize an entity of type "const char *"
  const struct httpd_fsdata_file file_settings_shtml[] = {{
ULL, data_settings_shtml, data_settings_shtml + 16, sizeof(data_settings_shtml) - 16}};
..\app\httpd-fsdata.c(819): warning:  #144-D: a value of type "const unsigned char *" cannot be used to initialize an entity of type "const char *"
  const struct httpd_fsdata_file file_processes_shtml[] = {{file_settings_shtml, data_processes_shtml, data_processes_shtml + 17, sizeof(data_processes_shtml) - 17}};
..\app\httpd-fsdata.c(819): warning:  #144-D: a value of type "const unsigned char *" cannot be used to initialize an entity of type "const char *"
  const struct httpd_fsdata_file file_processes_shtml[] = {{file_settings_shtml, data_processes_shtml, data_processes_shtml + 17, sizeof(data_processes_shtml) - 17}};
..\app\httpd-fsdata.c(821): warning:  #144-D: a value of type "const unsigned char *" cannot be used to initialize an entity of type "const char *"
  const struct httpd_fsdata_file file_404_html[] = {{file_processes_shtml, data_404_html, data_404_html + 10, sizeof(data_404_html) - 10}};
..\app\httpd-fsdata.c(821): warning:  #144-D: a value of type "const unsigned char *" cannot be used to initialize an entity of type "const char *"
  const struct httpd_fsdata_file file_404_html[] = {{file_processes_shtml, data_404_html, data_404_html + 10, sizeof(data_404_html) - 10}};
..\app\httpd-fsdata.c(823): warning:  #144-D: a value of type "const unsigned char *" cannot be used to initialize an entity of type "const char *"
  const struct httpd_fsdata_file file_files_shtml[] = {{file_404_html, data_files_shtml, data_files_shtml + 13, sizeof(data_files_shtml) - 13}};
..\app\httpd-fsdata.c(823): warning:  #144-D: a value of type "const unsigned char *" cannot be used to initialize an entity of type "const char *"
  const struct httpd_fsdata_file file_files_shtml[] = {{file_404_html, data_files_shtml, data_files_shtml + 13, sizeof(data_files_shtml) - 13}};
..\app\httpd-fsdata.c(825): warning:  #144-D: a value of type "const unsigned char *" cannot be used to initialize an entity of type "const char *"
  const struct httpd_fsdata_file file_footer_html[] = {{file_files_shtml, data_footer_html, data_footer_html + 13, sizeof(data_footer_html) - 13}};
..\app\httpd-fsdata.c(825): warning:  #144-D: a value of type "const unsigned char *" cannot be used to initialize an entity of type "const char *"
  const struct httpd_fsdata_file file_footer_html[] = {{file_files_shtml, data_footer_html, data_footer_html + 13, sizeof(data_footer_html) - 13}};
..\app\httpd-fsdata.c(827): warning:  #144-D: a value of type "const unsigned char *" cannot be used to initialize an entity of type "const char *"
  const struct httpd_fsdata_file file_header_html[] = {{file_footer_html, data_header_html, data_header_html + 13, sizeof(data_header_html) - 13}};
..\app\httpd-fsdata.c(827): warning:  #144-D: a value of type "const unsigned char *" cannot be used to initialize an entity of type "const char *"
  const struct httpd_fsdata_file file_header_html[] = {{file_footer_html, data_header_html, data_header_html + 13, sizeof(data_header_html) - 13}};
..\app\httpd-fsdata.c(829): warning:  #144-D: a value of type "const unsigned char *" cannot be used to initialize an entity of type "const char *"
  const struct httpd_fsdata_file file_index_html[] = {{file_header_html, data_index_html, data_index_html + 12, sizeof(data_index_html) - 12}};
..\app\httpd-fsdata.c(829): warning:  #144-D: a value of type "const unsigned char *" cannot be used to initialize an entity of type "const char *"
  const struct httpd_fsdata_file file_index_html[] = {{file_header_html, data_index_html, data_index_html + 12, sizeof(data_index_html) - 12}};
..\app\httpd-fsdata.c(831): warning:  #144-D: a value of type "const unsigned char *" cannot be used to initialize an entity of type "const char *"
  const struct httpd_fsdata_file file_style_css[] = {{file_index_html, data_style_css, data_style_css + 11, sizeof(data_style_css) - 11}};
..\app\httpd-fsdata.c(831): warning:  #144-D: a value of type "const unsigned char *" cannot be used to initialize an entity of type "const char *"
  const struct httpd_fsdata_file file_style_css[] = {{file_index_html, data_style_css, data_style_css + 11, sizeof(data_style_css) - 11}};
..\app\httpd-fsdata.c(833): warning:  #144-D: a value of type "const unsigned char *" cannot be used to initialize an entity of type "const char *"
  const struct httpd_fsdata_file file_tcp_shtml[] = {{file_style_css, data_tcp_shtml, data_tcp_shtml + 11, sizeof(data_tcp_shtml) - 11}};
..\app\httpd-fsdata.c(833): warning:  #144-D: a value of type "const unsigned char *" cannot be used to initialize an entity of type "const char *"
  const struct httpd_fsdata_file file_tcp_shtml[] = {{file_style_css, data_tcp_shtml, data_tcp_shtml + 11, sizeof(data_tcp_shtml) - 11}};
..\app\httpd-fsdata.c(835): warning:  #144-D: a value of type "const unsigned char *" cannot be used to initialize an entity of type "const char *"
  const struct httpd_fsdata_file file_fade_png[] = {{file_tcp_shtml, data_fade_png, data_fade_png + 10, sizeof(data_fade_png) - 10}};
..\app\httpd-fsdata.c(835): warning:  #144-D: a value of type "const unsigned char *" cannot be used to initialize an entity of type "const char *"
  const struct httpd_fsdata_file file_fade_png[] = {{file_tcp_shtml, data_fade_png, data_fade_png + 10, sizeof(data_fade_png) - 10}};
..\app\httpd-fsdata.c(837): warning:  #144-D: a value of type "const unsigned char *" cannot be used to initialize an entity of type "const char *"
  const struct httpd_fsdata_file file_stats_shtml[] = {{file_fade_png, data_stats_shtml, data_stats_shtml + 13, sizeof(data_stats_shtml) - 13}};
..\app\httpd-fsdata.c(837): warning:  #144-D: a value of type "const unsigned char *" cannot be used to initialize an entity of type "const char *"
  const struct httpd_fsdata_file file_stats_shtml[] = {{file_fade_png, data_stats_shtml, data_stats_shtml + 13, sizeof(data_stats_shtml) - 13}};
..\app\httpd-fs.c: 22 warnings, 0 errors
compiling http-strings.c...
compiling RTX_Conf_CM.c...
assembling startup_stm32f10x_md_vl.s...
compiling system_stm32f10x.c...
linking...
Program Size: Code=19124 RO-data=7868 RW-data=224 ZI-data=6256  
".\Objects\stm32_net.axf" - 0 Error(s), 53 Warning(s).

<h2>Software Packages used:</h2>

Package Vendor: ARM
                http://www.keil.com/pack/ARM.CMSIS.4.5.0.pack
                ::CMSIS:RTOS:1.0 (API)
                CMSIS (Cortex Microcontroller Software Interface Standard)
   * Component: RTOS Version: 1.0
   * Component: Keil RTX Version: 4.80.0
   * Component: CORE Version: 4.3.0

Package Vendor: Keil
                http://www.keil.com/pack/Keil.STM32F1xx_DFP.2.1.0.pack
                Keil::Device:Startup:1.0.0
                STMicroelectronics STM32F1 Series Device Support, Drivers and Examples
   * Component: Startup Version: 1.0.0

<h2>Collection of Component include folders:</h2>
  E:\MY_Proj\STM32net_uIP\current\_keil\RTE
  E:\MY_Proj\STM32net_uIP\current\_keil\RTE\Device\STM32F100RB
  d:\Keil_v5\ARM\PACK\ARM\CMSIS\4.5.0\CMSIS\Include
  d:\Keil_v5\ARM\PACK\ARM\CMSIS\4.5.0\CMSIS\RTOS\RTX\INC
  d:\Keil_v5\ARM\PACK\Keil\STM32F1xx_DFP\2.1.0\Device\Include

<h2>Collection of Component Files used:</h2>

   * Component: ::CMSIS:RTOS:1.0 (API)

   * Component: ARM::CMSIS:RTOS:Keil RTX:4.80.0
      Source file:   CMSIS\RTOS\RTX\UserCodeTemplates\MemPool.c
      Source file:   CMSIS\RTOS\RTX\SRC\ARM\SVC_Table.s
      Source file:   CMSIS\RTOS\RTX\UserCodeTemplates\Thread.c
      Include file:  CMSIS\RTOS\RTX\UserCodeTemplates\osObjects.h
      Source file:   CMSIS\RTOS\RTX\UserCodeTemplates\Mutex.c
      Source file:   CMSIS\RTOS\RTX\Templates\RTX_Conf_CM.c
      Source file:   CMSIS\RTOS\RTX\UserCodeTemplates\Semaphore.c
      Source file:   CMSIS\RTOS\RTX\UserCodeTemplates\MsgQueue.c
      Source file:   CMSIS\RTOS\RTX\UserCodeTemplates\main.c
      Include file:  CMSIS\RTOS\RTX\INC\cmsis_os.h
      Source file:   CMSIS\RTOS\RTX\UserCodeTemplates\MailQueue.c
      Source file:   CMSIS\RTOS\RTX\UserCodeTemplates\Timer.c
      Library file:  CMSIS\RTOS\RTX\LIB\ARM\RTX_CM3.lib

   * Component: ARM::CMSIS:CORE:4.3.0

   * Component: Keil::Device:Startup:1.0.0
      Include file:  RTE_Driver\Config\RTE_Device.h
      Source file:   Device\Source\system_stm32f10x.c
      Source file:   Device\Source\ARM\STM32F1xx_OPT.s
      Source file:   Device\Source\ARM\startup_stm32f10x_md_vl.s
Build Time Elapsed:  00:00:03
</pre>
</body>
</html>
