Component: ARM Compiler 5.06 update 2 (build 183) Tool: armlink [4d35b7]

==============================================================================

Section Cross References

    stm32net.o(i.Init_Thread) refers to rt_cmsis.o(i.osThreadCreate) for osThreadCreate
    stm32net.o(i.Init_Thread) refers to stm32net.o(.constdata) for os_thread_def_Thread_uIP_periodic
    stm32net.o(i.Init_Thread) refers to stm32net.o(.data) for tid_Thread_uIP_periodic
    stm32net.o(i.Thread_uIP) refers to enc28j60.o(i.enc28j60_recv_packet) for enc28j60_recv_packet
    stm32net.o(i.Thread_uIP) refers to uip.o(i.uip_process) for uip_process
    stm32net.o(i.Thread_uIP) refers to uip_arp.o(i.uip_arp_out) for uip_arp_out
    stm32net.o(i.Thread_uIP) refers to enc28j60.o(i.enc28j60_send_packet) for enc28j60_send_packet
    stm32net.o(i.Thread_uIP) refers to uip_arp.o(i.uip_arp_arpin) for uip_arp_arpin
    stm32net.o(i.Thread_uIP) refers to uip.o(.bss) for uip_buf
    stm32net.o(i.Thread_uIP) refers to uip.o(.data) for uip_len
    stm32net.o(i.Thread_uIP_periodic) refers to rt_cmsis.o(i.osDelay) for osDelay
    stm32net.o(i.Thread_uIP_periodic) refers to uip.o(i.uip_process) for uip_process
    stm32net.o(i.Thread_uIP_periodic) refers to uip_arp.o(i.uip_arp_out) for uip_arp_out
    stm32net.o(i.Thread_uIP_periodic) refers to enc28j60.o(i.enc28j60_send_packet) for enc28j60_send_packet
    stm32net.o(i.Thread_uIP_periodic) refers to uip_arp.o(i.uip_arp_timer) for uip_arp_timer
    stm32net.o(i.Thread_uIP_periodic) refers to uip.o(.bss) for uip_conns
    stm32net.o(i.Thread_uIP_periodic) refers to uip.o(.data) for uip_conn
    stm32net.o(i.main) refers to enc28j60.o(i.enc28j60_init) for enc28j60_init
    stm32net.o(i.main) refers to uip.o(i.uip_init) for uip_init
    stm32net.o(i.main) refers to uip_arp.o(i.uip_arp_init) for uip_arp_init
    stm32net.o(i.main) refers to httpd.o(i.httpd_init) for httpd_init
    stm32net.o(i.main) refers to stm32net.o(i.Init_Thread) for Init_Thread
    stm32net.o(i.main) refers to rt_cmsis.o(i.osKernelRunning) for osKernelRunning
    stm32net.o(i.main) refers to rt_cmsis.o(i.osKernelStart) for osKernelStart
    stm32net.o(i.main) refers to stm32net.o(.constdata) for .constdata
    stm32net.o(i.main) refers to uip.o(.data) for uip_ethaddr
    stm32net.o(i.main) refers to stm32net.o(.data) for HostIP
    stm32net.o(.constdata) refers to stm32net.o(i.Thread_uIP_periodic) for Thread_uIP_periodic
    stm32net.o(.constdata) refers to stm32net.o(i.Thread_uIP) for Thread_uIP
    stm32f10x_gpio.o(i.GPIO_AFIODeInit) refers to stm32f10x_rcc.o(i.RCC_APB2PeriphResetCmd) for RCC_APB2PeriphResetCmd
    stm32f10x_gpio.o(i.GPIO_DeInit) refers to stm32f10x_rcc.o(i.RCC_APB2PeriphResetCmd) for RCC_APB2PeriphResetCmd
    stm32f10x_rcc.o(i.RCC_GetClocksFreq) refers to stm32f10x_rcc.o(.data) for APBAHBPrescTable
    stm32f10x_rcc.o(i.RCC_WaitForHSEStartUp) refers to stm32f10x_rcc.o(i.RCC_GetFlagStatus) for RCC_GetFlagStatus
    stm32f10x_spi.o(i.I2S_Init) refers to stm32f10x_rcc.o(i.RCC_GetClocksFreq) for RCC_GetClocksFreq
    stm32f10x_spi.o(i.SPI_I2S_DeInit) refers to stm32f10x_rcc.o(i.RCC_APB2PeriphResetCmd) for RCC_APB2PeriphResetCmd
    stm32f10x_spi.o(i.SPI_I2S_DeInit) refers to stm32f10x_rcc.o(i.RCC_APB1PeriphResetCmd) for RCC_APB1PeriphResetCmd
    enc28j60.o(i.enc28j60_bfc) refers to enc28j60.o(i.enc28j60_set_bank) for enc28j60_set_bank
    enc28j60.o(i.enc28j60_bfc) refers to enc28j60.o(i.enc28j60_write_op) for enc28j60_write_op
    enc28j60.o(i.enc28j60_bfs) refers to enc28j60.o(i.enc28j60_set_bank) for enc28j60_set_bank
    enc28j60.o(i.enc28j60_bfs) refers to enc28j60.o(i.enc28j60_write_op) for enc28j60_write_op
    enc28j60.o(i.enc28j60_init) refers to stm32f10x_rcc.o(i.RCC_APB2PeriphClockCmd) for RCC_APB2PeriphClockCmd
    enc28j60.o(i.enc28j60_init) refers to stm32f10x_rcc.o(i.RCC_APB1PeriphClockCmd) for RCC_APB1PeriphClockCmd
    enc28j60.o(i.enc28j60_init) refers to stm32f10x_gpio.o(i.GPIO_Init) for GPIO_Init
    enc28j60.o(i.enc28j60_init) refers to stm32f10x_spi.o(i.SPI_Init) for SPI_Init
    enc28j60.o(i.enc28j60_init) refers to stm32f10x_spi.o(i.SPI_Cmd) for SPI_Cmd
    enc28j60.o(i.enc28j60_init) refers to stm32f10x_gpio.o(i.GPIO_SetBits) for GPIO_SetBits
    enc28j60.o(i.enc28j60_init) refers to stm32f10x_gpio.o(i.GPIO_ResetBits) for GPIO_ResetBits
    enc28j60.o(i.enc28j60_init) refers to enc28j60.o(i.enc28j60_soft_reset) for enc28j60_soft_reset
    enc28j60.o(i.enc28j60_init) refers to enc28j60.o(i.enc28j60_wcr16) for enc28j60_wcr16
    enc28j60.o(i.enc28j60_init) refers to enc28j60.o(i.enc28j60_rcr16) for enc28j60_rcr16
    enc28j60.o(i.enc28j60_init) refers to enc28j60.o(i.enc28j60_wcr) for enc28j60_wcr
    enc28j60.o(i.enc28j60_init) refers to enc28j60.o(i.enc28j60_write_phy) for enc28j60_write_phy
    enc28j60.o(i.enc28j60_init) refers to enc28j60.o(i.enc28j60_bfs) for enc28j60_bfs
    enc28j60.o(i.enc28j60_init) refers to enc28j60.o(.data) for enc28j60_rxrdpt
[...]
    i.uip_listen                             0x080041b0   Section        0  uip.o(i.uip_listen)
    i.uip_process                            0x080041f0   Section        0  uip.o(i.uip_process)
    i.uip_send                               0x08005050   Section        0  uip.o(i.uip_send)
    i.uip_tcpchksum                          0x08005080   Section        0  uip.o(i.uip_tcpchksum)
    i.upper_layer_chksum                     0x0800508c   Section        0  uip.o(i.upper_layer_chksum)
    upper_layer_chksum                       0x0800508d   Thumb Code    66  uip.o(i.upper_layer_chksum)
    locale$$code                             0x080050d4   Section       44  lc_ctype_c.o(locale$$code)
    .constdata                               0x08005100   Section       38  stm32net.o(.constdata)
    .constdata                               0x08005126   Section        8  uip.o(.constdata)
    all_ones_addr                            0x08005126   Data           4  uip.o(.constdata)
    all_zeroes_addr                          0x0800512a   Data           4  uip.o(.constdata)
    .constdata                               0x0800512e   Section       10  uip_arp.o(.constdata)
    broadcast_ethaddr                        0x0800512e   Data           6  uip_arp.o(.constdata)
    broadcast_ipaddr                         0x08005134   Data           4  uip_arp.o(.constdata)
    .constdata                               0x08005138   Section      134  httpd-cgi.o(.constdata)
    file                                     0x08005138   Data           8  httpd-cgi.o(.constdata)
    tcp                                      0x08005140   Data           8  httpd-cgi.o(.constdata)
    net                                      0x08005148   Data           8  httpd-cgi.o(.constdata)
    getaddr                                  0x08005150   Data           8  httpd-cgi.o(.constdata)
    mask                                     0x08005158   Data           8  httpd-cgi.o(.constdata)
    gate                                     0x08005160   Data           8  httpd-cgi.o(.constdata)
    closed                                   0x08005168   Data           7  httpd-cgi.o(.constdata)
    syn_rcvd                                 0x0800516f   Data           9  httpd-cgi.o(.constdata)
    syn_sent                                 0x08005178   Data           9  httpd-cgi.o(.constdata)
    established                              0x08005181   Data          12  httpd-cgi.o(.constdata)
    fin_wait_1                               0x0800518d   Data          11  httpd-cgi.o(.constdata)
    fin_wait_2                               0x08005198   Data          11  httpd-cgi.o(.constdata)
    closing                                  0x080051a3   Data           8  httpd-cgi.o(.constdata)
    time_wait                                0x080051ab   Data          10  httpd-cgi.o(.constdata)
    last_ack                                 0x080051b5   Data           9  httpd-cgi.o(.constdata)
    .constdata                               0x080051c0   Section     3772  httpd-fs.o(.constdata)
    data_404_html                            0x080051c0   Data         171  httpd-fs.o(.constdata)
    data_footer_html                         0x0800526b   Data          31  httpd-fs.o(.constdata)
    data_header_html                         0x0800528a   Data         500  httpd-fs.o(.constdata)
    data_index_html                          0x0800547e   Data         769  httpd-fs.o(.constdata)
    data_style_css                           0x0800577f   Data        1121  httpd-fs.o(.constdata)
    data_fade_png                            0x08005be0   Data         207  httpd-fs.o(.constdata)
    data_settings_shtml                      0x08005caf   Data         833  httpd-fs.o(.constdata)
    .constdata                               0x0800607c   Section      636  http-strings.o(.constdata)
    .constdata                               0x080062f8   Section       70  rtx_conf_cm.o(.constdata)
    __tagsym$$used                           0x08006314   Number         0  rtx_conf_cm.o(.constdata)
    __tagsym$$used                           0x08006318   Number         0  rtx_conf_cm.o(.constdata)
    __tagsym$$used                           0x0800631c   Number         0  rtx_conf_cm.o(.constdata)
    __tagsym$$used                           0x08006320   Number         0  rtx_conf_cm.o(.constdata)
    .conststring                             0x08006340   Section      170  httpd-cgi.o(.conststring)
    .conststring                             0x080063ec   Section        9  httpd-ajax.o(.conststring)
    locale$$data                             0x08006418   Section      272  lc_ctype_c.o(locale$$data)
    __lcctype_c_name                         0x0800641c   Data           2  lc_ctype_c.o(locale$$data)
    __lcctype_c_start                        0x08006424   Data           0  lc_ctype_c.o(locale$$data)
    __lcctype_c_end                          0x08006528   Data           0  lc_ctype_c.o(locale$$data)
    .data                                    0x20000000   Section       12  stm32net.o(.data)
    .data                                    0x2000000c   Section        4  enc28j60.o(.data)
    .data                                    0x20000010   Section       60  uip.o(.data)
    ipid                                     0x2000003c   Data           2  uip.o(.data)
    iss                                      0x2000003e   Data           4  uip.o(.data)
    lastport                                 0x20000042   Data           2  uip.o(.data)
    c                                        0x20000048   Data           1  uip.o(.data)
    opt                                      0x20000049   Data           1  uip.o(.data)
    tmp16                                    0x2000004a   Data           2  uip.o(.data)
    .data                                    0x2000004c   Section        8  uip_arp.o(.data)
    ipaddr                                   0x2000004c   Data           4  uip_arp.o(.data)
    i                                        0x20000050   Data           1  uip_arp.o(.data)
    c                                        0x20000051   Data           1  uip_arp.o(.data)
    arptime                                  0x20000052   Data           1  uip_arp.o(.data)
    tmpage                                   0x20000053   Data           1  uip_arp.o(.data)
    .data                                    0x20000054   Section       64  httpd-cgi.o(.data)
    calls                                    0x20000054   Data          28  httpd-cgi.o(.data)
    states                                   0x20000070   Data          36  httpd-cgi.o(.data)
    .data                                    0x20000094   Section       36  http-strings.o(.data)
    .data                                    0x200000b8   Section       16  httpd-ajax.o(.data)
    addr                                     0x200000b8   Data           8  httpd-ajax.o(.data)
    ajax_calls                               0x200000c0   Data           8  httpd-ajax.o(.data)
    .data                                    0x200000c8   Section       36  rtx_conf_cm.o(.data)
    nr_mutex                                 0x200000d8   Data           4  rtx_conf_cm.o(.data)
    .data                                    0x200000ec   Section        8  rt_cmsis.o(.data)
    .data                                    0x200000f4   Section        8  rt_task.o(.data)
    .data                                    0x200000fc   Section        8  rt_system.o(.data)
    os_lock                                  0x200000fc   Data           1  rt_system.o(.data)
    os_psh_flag                              0x200000fd   Data           1  rt_system.o(.data)
    pend_flags                               0x200000fe   Data           1  rt_system.o(.data)
    .data                                    0x20000104   Section        4  rt_time.o(.data)
    .data                                    0x20000108   Section        8  rt_robin.o(.data)
    .data                                    0x20000110   Section        1  hal_cm.o(.data)
    .bss                                     0x20000114   Section     3016  uip.o(.bss)
    .bss                                     0x20000cdc   Section       96  uip_arp.o(.bss)
    arp_table                                0x20000cdc   Data          96  uip_arp.o(.bss)
    .bss                                     0x20000d3c   Section       22  httpd-fs.o(.bss)
    count                                    0x20000d3c   Data          22  httpd-fs.o(.bss)
    .bss                                     0x20000d58   Section     2152  rtx_conf_cm.o(.bss)
    std_libspace                             0x20001420   Data         288  rtx_conf_cm.o(.bss)
    std_libmutex                             0x20001540   Data         128  rtx_conf_cm.o(.bss)
    .bss                                     0x200015c0   Section       52  rt_task.o(.bss)
    .bss                                     0x200015f4   Section       48  rt_list.o(.bss)
    .bss                                     0x20001624   Section       96  libspace.o(.bss)
    HEAP                                     0x20001688   Section      256  startup_stm32f10x_md_vl.o(HEAP)
    Heap_Mem                                 0x20001688   Data         256  startup_stm32f10x_md_vl.o(HEAP)
    STACK                                    0x20001788   Section      512  startup_stm32f10x_md_vl.o(STACK)
    Stack_Mem                                0x20001788   Data         512  startup_stm32f10x_md_vl.o(STACK)
    __initial_sp                             0x20001988   Data           0  startup_stm32f10x_md_vl.o(STACK)

    Global Symbols

    Symbol Name                              Value     Ov Type        Size  Object(Section)

    BuildAttributes$$THM_ISAv4$P$D$K$B$S$PE$A:L22UL41UL21$X:L11$S22US41US21$IEEE1$IW$USESV6$~STKCKD$USESV7$~SHL$OTIME$ROPI$EBA8$UX$STANDARDLIB$REQ8$PRES8$EABIv2 0x00000000   Number         0  anon$$obj.o ABSOLUTE
    __ARM_use_no_argv                        0x00000000   Number         0  stm32net.o ABSOLUTE
    _printf_flags                            0x00000000   Number         0  printf_stubs.o ABSOLUTE
    _printf_return_value                     0x00000000   Number         0  printf_stubs.o ABSOLUTE
    _printf_sizespec                         0x00000000   Number         0  printf_stubs.o ABSOLUTE
    _printf_widthprec                        0x00000000   Number         0  printf_stubs.o ABSOLUTE
    __ARM_exceptions_init                     - Undefined Weak Reference
    __alloca_initialize                       - Undefined Weak Reference
    __arm_preinit_                            - Undefined Weak Reference
    __cpp_initialize__aeabi_                  - Undefined Weak Reference
    __cxa_finalize                            - Undefined Weak Reference
    __sigvec_lookup                           - Undefined Weak Reference
    __user_heap_extent                        - Undefined Weak Reference
    _atexit_init                              - Undefined Weak Reference
    _call_atexit_fns                          - Undefined Weak Reference
    _clock_init                               - Undefined Weak Reference
    _fp_trap_init                             - Undefined Weak Reference
    _fp_trap_shutdown                         - Undefined Weak Reference
    _get_lc_collate                           - Undefined Weak Reference
    _get_lc_monetary                          - Undefined Weak Reference
    _get_lc_numeric                           - Undefined Weak Reference
    _get_lc_time                              - Undefined Weak Reference
    _getenv_init                              - Undefined Weak Reference
    _handle_redirection                       - Undefined Weak Reference
    _mutex_free                               - Undefined Weak Reference
    _printf_mbtowc                            - Undefined Weak Reference
    _printf_truncate_signed                   - Undefined Weak Reference
    _printf_truncate_unsigned                 - Undefined Weak Reference
    _rand_init                                - Undefined Weak Reference
    _signal_finish                            - Undefined Weak Reference
    _signal_init                              - Undefined Weak Reference
    __Vectors_Size                           0x00000120   Number         0  startup_stm32f10x_md_vl.o ABSOLUTE
    __RL_RTX_VER                             0x00000480   Number         0  rt_system.o ABSOLUTE
    __Vectors                                0x08000000   Data           4  startup_stm32f10x_md_vl.o(RESET)
    __Vectors_End                            0x08000120   Data           0  startup_stm32f10x_md_vl.o(RESET)
    __main                                   0x08000121   Thumb Code     8  __main.o(!!!main)
    __scatterload                            0x08000129   Thumb Code     0  __scatter.o(!!!scatter)
    __scatterload_rt2                        0x08000129   Thumb Code    44  __scatter.o(!!!scatter)
    __scatterload_rt2_thumb_only             0x08000129   Thumb Code     0  __scatter.o(!!!scatter)
    __scatterload_null                       0x08000137   Thumb Code     0  __scatter.o(!!!scatter)
    __scatterload_copy                       0x0800015d   Thumb Code    26  __scatter_copy.o(!!handler_copy)
    __scatterload_zeroinit                   0x08000179   Thumb Code    28  __scatter_zi.o(!!handler_zi)
    _printf_d                                0x08000195   Thumb Code     0  _printf_d.o(.ARM.Collect$$_printf_percent$$00000009)
    _printf_percent                          0x08000195   Thumb Code     0  _printf_percent.o(.ARM.Collect$$_printf_percent$$00000000)
    _printf_u                                0x0800019b   Thumb Code     0  _printf_u.o(.ARM.Collect$$_printf_percent$$0000000A)
    _printf_c                                0x080001a1   Thumb Code     0  _printf_c.o(.ARM.Collect$$_printf_percent$$00000013)
    _printf_s                                0x080001a7   Thumb Code     0  _printf_s.o(.ARM.Collect$$_printf_percent$$00000014)
    _printf_percent_end                      0x080001ad   Thumb Code     0  _printf_percent_end.o(.ARM.Collect$$_printf_percent$$00000017)
    __rt_lib_init                            0x080001b1   Thumb Code     0  libinit.o(.ARM.Collect$$libinit$$00000000)
    __rt_lib_init_fp_1                       0x080001b3   Thumb Code     0  libinit2.o(.ARM.Collect$$libinit$$00000002)
    __rt_lib_init_heap_1                     0x080001b3   Thumb Code     0  libinit2.o(.ARM.Collect$$libinit$$0000000A)
    __rt_lib_init_lc_common                  0x080001b3   Thumb Code     0  libinit2.o(.ARM.Collect$$libinit$$0000000F)
    __rt_lib_init_preinit_1                  0x080001b3   Thumb Code     0  libinit2.o(.ARM.Collect$$libinit$$00000004)
    __rt_lib_init_rand_1                     0x080001b3   Thumb Code     0  libinit2.o(.ARM.Collect$$libinit$$0000000E)
    __rt_lib_init_user_alloc_1               0x080001b3   Thumb Code     0  libinit2.o(.ARM.Collect$$libinit$$0000000C)
    __rt_lib_init_lc_collate_1               0x080001b9   Thumb Code     0  libinit2.o(.ARM.Collect$$libinit$$00000011)
    __rt_lib_init_lc_ctype_2                 0x080001b9   Thumb Code     0  libinit2.o(.ARM.Collect$$libinit$$00000012)
    __rt_lib_init_alloca_1                   0x080001c5   Thumb Code     0  libinit2.o(.ARM.Collect$$libinit$$0000002E)
    __rt_lib_init_argv_1                     0x080001c5   Thumb Code     0  libinit2.o(.ARM.Collect$$libinit$$0000002C)
    __rt_lib_init_atexit_1                   0x080001c5   Thumb Code     0  libinit2.o(.ARM.Collect$$libinit$$0000001B)
    __rt_lib_init_clock_1                    0x080001c5   Thumb Code     0  libinit2.o(.ARM.Collect$$libinit$$00000021)
    __rt_lib_init_cpp_1                      0x080001c5   Thumb Code     0  libinit2.o(.ARM.Collect$$libinit$$00000032)
    __rt_lib_init_exceptions_1               0x080001c5   Thumb Code     0  libinit2.o(.ARM.Collect$$libinit$$00000030)
    __rt_lib_init_fp_trap_1                  0x080001c5   Thumb Code     0  libinit2.o(.ARM.Collect$$libinit$$0000001F)
    __rt_lib_init_getenv_1                   0x080001c5   Thumb Code     0  libinit2.o(.ARM.Collect$$libinit$$00000023)
    __rt_lib_init_lc_ctype_1                 0x080001c5   Thumb Code     0  libinit2.o(.ARM.Collect$$libinit$$00000013)
    __rt_lib_init_lc_monetary_1              0x080001c5   Thumb Code     0  libinit2.o(.ARM.Collect$$libinit$$00000015)
    __rt_lib_init_lc_numeric_1               0x080001c5   Thumb Code     0  libinit2.o(.ARM.Collect$$libinit$$00000017)
    __rt_lib_init_lc_time_1                  0x080001c5   Thumb Code     0  libinit2.o(.ARM.Collect$$libinit$$00000019)
    __rt_lib_init_return                     0x080001c5   Thumb Code     0  libinit2.o(.ARM.Collect$$libinit$$00000033)
    __rt_lib_init_signal_1                   0x080001c5   Thumb Code     0  libinit2.o(.ARM.Collect$$libinit$$0000001D)
    __rt_lib_init_stdio_1                    0x080001c5   Thumb Code     0  libinit2.o(.ARM.Collect$$libinit$$00000025)
    __rt_lib_shutdown                        0x080001c7   Thumb Code     0  libshutdown.o(.ARM.Collect$$libshutdown$$00000000)
    __rt_lib_shutdown_cpp_1                  0x080001c9   Thumb Code     0  libshutdown2.o(.ARM.Collect$$libshutdown$$00000002)
    __rt_lib_shutdown_fp_trap_1              0x080001c9   Thumb Code     0  libshutdown2.o(.ARM.Collect$$libshutdown$$00000007)
    __rt_lib_shutdown_heap_1                 0x080001c9   Thumb Code     0  libshutdown2.o(.ARM.Collect$$libshutdown$$0000000F)
    __rt_lib_shutdown_return                 0x080001c9   Thumb Code     0  libshutdown2.o(.ARM.Collect$$libshutdown$$00000010)
    __rt_lib_shutdown_signal_1               0x080001c9   Thumb Code     0  libshutdown2.o(.ARM.Collect$$libshutdown$$0000000A)
    __rt_lib_shutdown_stdio_1                0x080001c9   Thumb Code     0  libshutdown2.o(.ARM.Collect$$libshutdown$$00000004)
    __rt_lib_shutdown_user_alloc_1           0x080001c9   Thumb Code     0  libshutdown2.o(.ARM.Collect$$libshutdown$$0000000C)
    __rt_entry                               0x080001cb   Thumb Code     0  __rtentry.o(.ARM.Collect$$rtentry$$00000000)
    __rt_entry_presh_1                       0x080001cb   Thumb Code     0  __rtentry2.o(.ARM.Collect$$rtentry$$00000002)
    __rt_entry_sh                            0x080001cb   Thumb Code     0  __rtentry4.o(.ARM.Collect$$rtentry$$00000004)
    __rt_entry_li                            0x080001d1   Thumb Code     0  __rtentry2.o(.ARM.Collect$$rtentry$$0000000A)
    __rt_entry_postsh_1                      0x080001d1   Thumb Code     0  __rtentry2.o(.ARM.Collect$$rtentry$$00000009)
    __rt_entry_postli_1                      0x080001d5   Thumb Code     0  __rtentry2.o(.ARM.Collect$$rtentry$$0000000B)
    __rt_entry_main                          0x080001dd   Thumb Code     0  __rtentry2.o(.ARM.Collect$$rtentry$$0000000D)
    __rt_exit                                0x080001e5   Thumb Code     0  rtexit.o(.ARM.Collect$$rtexit$$00000000)
    __rt_exit_ls                             0x080001e7   Thumb Code     0  rtexit2.o(.ARM.Collect$$rtexit$$00000003)
    __rt_exit_prels_1                        0x080001e7   Thumb Code     0  rtexit2.o(.ARM.Collect$$rtexit$$00000002)
    __rt_exit_exit                           0x080001eb   Thumb Code     0  rtexit2.o(.ARM.Collect$$rtexit$$00000004)
    _platform_post_lib_init                  0x080001f1   Thumb Code    24  rtx_conf_cm.o(.emb_text)
    rt_set_PSP                               0x0800020d   Thumb Code     6  hal_cm3.o(.emb_text)
    rt_get_PSP                               0x08000213   Thumb Code     6  hal_cm3.o(.emb_text)
    os_set_env                               0x08000219   Thumb Code    24  hal_cm3.o(.emb_text)
    _alloc_box                               0x08000235   Thumb Code    28  hal_cm3.o(.emb_text)
    _free_box                                0x08000255   Thumb Code    28  hal_cm3.o(.emb_text)
    SVC_Handler                              0x08000275   Thumb Code   108  hal_cm3.o(.emb_text)
    PendSV_Handler                           0x080002ed   Thumb Code    56  hal_cm3.o(.emb_text)
    SysTick_Handler                          0x08000329   Thumb Code     8  hal_cm3.o(.emb_text)
    OS_Tick_Handler                          0x08000331   Thumb Code    12  hal_cm3.o(.emb_text)
    Reset_Handler                            0x0800033d   Thumb Code     8  startup_stm32f10x_md_vl.o(.text)
    NMI_Handler                              0x08000345   Thumb Code     2  startup_stm32f10x_md_vl.o(.text)
    HardFault_Handler                        0x08000347   Thumb Code     2  startup_stm32f10x_md_vl.o(.text)
    MemManage_Handler                        0x08000349   Thumb Code     2  startup_stm32f10x_md_vl.o(.text)
    BusFault_Handler                         0x0800034b   Thumb Code     2  startup_stm32f10x_md_vl.o(.text)
    UsageFault_Handler                       0x0800034d   Thumb Code     2  startup_stm32f10x_md_vl.o(.text)
    DebugMon_Handler                         0x08000351   Thumb Code     2  startup_stm32f10x_md_vl.o(.text)
    ADC1_IRQHandler                          0x08000357   Thumb Code     0  startup_stm32f10x_md_vl.o(.text)
    CEC_IRQHandler                           0x08000357   Thumb Code     0  startup_stm32f10x_md_vl.o(.text)
    DMA1_Channel1_IRQHandler                 0x08000357   Thumb Code     0  startup_stm32f10x_md_vl.o(.text)
    DMA1_Channel2_IRQHandler                 0x08000357   Thumb Code     0  startup_stm32f10x_md_vl.o(.text)
    DMA1_Channel3_IRQHandler                 0x08000357   Thumb Code     0  startup_stm32f10x_md_vl.o(.text)
    DMA1_Channel4_IRQHandler                 0x08000357   Thumb Code     0  startup_stm32f10x_md_vl.o(.text)
    DMA1_Channel5_IRQHandler                 0x08000357   Thumb Code     0  startup_stm32f10x_md_vl.o(.text)
    DMA1_Channel6_IRQHandler                 0x08000357   Thumb Code     0  startup_stm32f10x_md_vl.o(.text)
    DMA1_Channel7_IRQHandler                 0x08000357   Thumb Code     0  startup_stm32f10x_md_vl.o(.text)
    EXTI0_IRQHandler                         0x08000357   Thumb Code     0  startup_stm32f10x_md_vl.o(.text)
    EXTI15_10_IRQHandler                     0x08000357   Thumb Code     0  startup_stm32f10x_md_vl.o(.text)
    EXTI1_IRQHandler                         0x08000357   Thumb Code     0  startup_stm32f10x_md_vl.o(.text)
    EXTI2_IRQHandler                         0x08000357   Thumb Code     0  startup_stm32f10x_md_vl.o(.text)
    EXTI3_IRQHandler                         0x08000357   Thumb Code     0  startup_stm32f10x_md_vl.o(.text)
    EXTI4_IRQHandler                         0x08000357   Thumb Code     0  startup_stm32f10x_md_vl.o(.text)
    EXTI9_5_IRQHandler                       0x08000357   Thumb Code     0  startup_stm32f10x_md_vl.o(.text)
    FLASH_IRQHandler                         0x08000357   Thumb Code     0  startup_stm32f10x_md_vl.o(.text)
    I2C1_ER_IRQHandler                       0x08000357   Thumb Code     0  startup_stm32f10x_md_vl.o(.text)
    I2C1_EV_IRQHandler                       0x08000357   Thumb Code     0  startup_stm32f10x_md_vl.o(.text)
    I2C2_ER_IRQHandler                       0x08000357   Thumb Code     0  startup_stm32f10x_md_vl.o(.text)
    I2C2_EV_IRQHandler                       0x08000357   Thumb Code     0  startup_stm32f10x_md_vl.o(.text)
    PVD_IRQHandler                           0x08000357   Thumb Code     0  startup_stm32f10x_md_vl.o(.text)
    RCC_IRQHandler                           0x08000357   Thumb Code     0  startup_stm32f10x_md_vl.o(.text)
    RTCAlarm_IRQHandler                      0x08000357   Thumb Code     0  startup_stm32f10x_md_vl.o(.text)
    RTC_IRQHandler                           0x08000357   Thumb Code     0  startup_stm32f10x_md_vl.o(.text)
    SPI1_IRQHandler                          0x08000357   Thumb Code     0  startup_stm32f10x_md_vl.o(.text)
    SPI2_IRQHandler                          0x08000357   Thumb Code     0  startup_stm32f10x_md_vl.o(.text)
    TAMPER_IRQHandler                        0x08000357   Thumb Code     0  startup_stm32f10x_md_vl.o(.text)
    TIM1_BRK_TIM15_IRQHandler                0x08000357   Thumb Code     0  startup_stm32f10x_md_vl.o(.text)
    TIM1_CC_IRQHandler                       0x08000357   Thumb Code     0  startup_stm32f10x_md_vl.o(.text)
    TIM1_TRG_COM_TIM17_IRQHandler            0x08000357   Thumb Code     0  startup_stm32f10x_md_vl.o(.text)
    TIM1_UP_TIM16_IRQHandler                 0x08000357   Thumb Code     0  startup_stm32f10x_md_vl.o(.text)
    TIM2_IRQHandler                          0x08000357   Thumb Code     0  startup_stm32f10x_md_vl.o(.text)
    TIM3_IRQHandler                          0x08000357   Thumb Code     0  startup_stm32f10x_md_vl.o(.text)
    TIM4_IRQHandler                          0x08000357   Thumb Code     0  startup_stm32f10x_md_vl.o(.text)
    TIM6_DAC_IRQHandler                      0x08000357   Thumb Code     0  startup_stm32f10x_md_vl.o(.text)
    TIM7_IRQHandler                          0x08000357   Thumb Code     0  startup_stm32f10x_md_vl.o(.text)
    USART1_IRQHandler                        0x08000357   Thumb Code     0  startup_stm32f10x_md_vl.o(.text)
    USART2_IRQHandler                        0x08000357   Thumb Code     0  startup_stm32f10x_md_vl.o(.text)
    USART3_IRQHandler                        0x08000357   Thumb Code     0  startup_stm32f10x_md_vl.o(.text)
    WWDG_IRQHandler                          0x08000357   Thumb Code     0  startup_stm32f10x_md_vl.o(.text)
    __user_initial_stackheap                 0x08000359   Thumb Code     0  startup_stm32f10x_md_vl.o(.text)
    __user_libspace                          0x0800037d   Thumb Code     8  libspace.o(.text)
    __user_perproc_libspace                  0x0800037d   Thumb Code     0  libspace.o(.text)
    __2snprintf                              0x08000385   Thumb Code    50  __2snprintf.o(.text)
    _printf_pre_padding                      0x080003bd   Thumb Code    44  _printf_pad.o(.text)
    _printf_post_padding                     0x080003e9   Thumb Code    34  _printf_pad.o(.text)
    _printf_str                              0x0800040b   Thumb Code    82  _printf_str.o(.text)
    _printf_int_dec                          0x0800045d   Thumb Code   104  _printf_dec.o(.text)
    __printf                                 0x080004d5   Thumb Code   270  __printf_wp.o(.text)
    atoi                                     0x080005e3   Thumb Code    26  atoi.o(.text)
    exit                                     0x080005fd   Thumb Code    18  exit.o(.text)
    strchr                                   0x0800060f   Thumb Code    20  strchr.o(.text)
    strcpy                                   0x08000623   Thumb Code    72  strcpy.o(.text)
    strrchr                                  0x0800066b   Thumb Code    22  strrchr.o(.text)
    strlen                                   0x08000681   Thumb Code    62  strlen.o(.text)
    strncmp                                  0x080006bf   Thumb Code   150  strncmp.o(.text)
    __aeabi_memcpy                           0x08000755   Thumb Code     0  rt_memcpy_v6.o(.text)
    __rt_memcpy                              0x08000755   Thumb Code   138  rt_memcpy_v6.o(.text)
    _memcpy_lastbytes                        0x080007bb   Thumb Code     0  rt_memcpy_v6.o(.text)
    __aeabi_memset                           0x080007df   Thumb Code    16  aeabi_memset.o(.text)
    strncpy                                  0x080007ef   Thumb Code    86  strncpy.o(.text)
    __use_two_region_memory                  0x08000845   Thumb Code     2  heapauxi.o(.text)
    __rt_heap_escrow                         0x08000847   Thumb Code     2  heapauxi.o(.text)
    __rt_heap_expand                         0x08000849   Thumb Code     2  heapauxi.o(.text)
    __aeabi_errno_addr                       0x0800084b   Thumb Code     4  rt_errno_addr_twolibspace.o(.text)
    __errno$twolibspace                      0x0800084b   Thumb Code     0  rt_errno_addr_twolibspace.o(.text)
    __rt_errno_addr$twolibspace              0x0800084b   Thumb Code     0  rt_errno_addr_twolibspace.o(.text)
    _printf_int_common                       0x0800084f   Thumb Code   178  _printf_intcommon.o(.text)
    _printf_char_common                      0x0800090b   Thumb Code    32  _printf_char_common.o(.text)
    _sputc                                   0x08000931   Thumb Code    10  _sputc.o(.text)
    _snputc                                  0x0800093b   Thumb Code    16  _snputc.o(.text)
    _printf_cs_common                        0x0800094b   Thumb Code    20  _printf_char.o(.text)
    _printf_char                             0x0800095f   Thumb Code    16  _printf_char.o(.text)
    _printf_string                           0x0800096f   Thumb Code     8  _printf_char.o(.text)
    strtol                                   0x08000977   Thumb Code   112  strtol.o(.text)
    __aeabi_memcpy4                          0x080009e7   Thumb Code     0  rt_memcpy_w.o(.text)
    __aeabi_memcpy8                          0x080009e7   Thumb Code     0  rt_memcpy_w.o(.text)
    __rt_memcpy_w                            0x080009e7   Thumb Code   100  rt_memcpy_w.o(.text)
    _memcpy_lastbytes_aligned                0x08000a2f   Thumb Code     0  rt_memcpy_w.o(.text)
    __aeabi_memclr                           0x08000a4b   Thumb Code     0  rt_memclr.o(.text)
    __rt_memclr                              0x08000a4b   Thumb Code    68  rt_memclr.o(.text)
    _memset                                  0x08000a4f   Thumb Code     0  rt_memclr.o(.text)
    __rt_ctype_table                         0x08000a91   Thumb Code    16  rt_ctype_table.o(.text)
    _strtoul                                 0x08000aa1   Thumb Code   158  _strtoul.o(.text)
    __aeabi_memclr4                          0x08000b3f   Thumb Code     0  rt_memclr_w.o(.text)
    __aeabi_memclr8                          0x08000b3f   Thumb Code     0  rt_memclr_w.o(.text)
    __rt_memclr_w                            0x08000b3f   Thumb Code    78  rt_memclr_w.o(.text)
    _memset_w                                0x08000b43   Thumb Code     0  rt_memclr_w.o(.text)
    _sys_exit                                0x08000b8d   Thumb Code     8  sys_exit.o(.text)
    __user_setup_stackheap                   0x08000b99   Thumb Code    74  sys_stackheap_outer.o(.text)
    __rt_locale                              0x08000be3   Thumb Code    10  rt_locale_twolibspace.o(.text)
    _chval                                   0x08000bed   Thumb Code    28  _chval.o(.text)
    __I$use$semihosting                      0x08000c09   Thumb Code     0  use_no_semi.o(.text)
    __use_no_semihosting_swi                 0x08000c09   Thumb Code     2  use_no_semi.o(.text)
    __semihosting_library_function           0x08000c0b   Thumb Code     0  indicate_semi.o(.text)
    strcmp                                   0x08000c0d   Thumb Code   128  strcmpv7m.o(.text)
    SVC_Count                                0x08000c8c   Data           4  svc_table.o(SVC_TABLE)
    GPIO_Init                                0x08000c91   Thumb Code   278  stm32f10x_gpio.o(i.GPIO_Init)
    SVC_Table                                0x08000c90   Data           0  svc_table.o(SVC_TABLE)
    GPIO_ResetBits                           0x08000da7   Thumb Code     4  stm32f10x_gpio.o(i.GPIO_ResetBits)
    GPIO_SetBits                             0x08000dab   Thumb Code     4  stm32f10x_gpio.o(i.GPIO_SetBits)
    Init_Thread                              0x08000db1   Thumb Code    54  stm32net.o(i.Init_Thread)
    RCC_APB1PeriphClockCmd                   0x08000df9   Thumb Code    26  stm32f10x_rcc.o(i.RCC_APB1PeriphClockCmd)
    RCC_APB2PeriphClockCmd                   0x08000e19   Thumb Code    26  stm32f10x_rcc.o(i.RCC_APB2PeriphClockCmd)
    SPI_Cmd                                  0x08000e39   Thumb Code    24  stm32f10x_spi.o(i.SPI_Cmd)
    SPI_I2S_GetFlagStatus                    0x08000e51   Thumb Code    18  stm32f10x_spi.o(i.SPI_I2S_GetFlagStatus)
    SPI_I2S_ReceiveData                      0x08000e63   Thumb Code     6  stm32f10x_spi.o(i.SPI_I2S_ReceiveData)
    SPI_I2S_SendData                         0x08000e69   Thumb Code     4  stm32f10x_spi.o(i.SPI_I2S_SendData)
    SPI_Init                                 0x08000e6d   Thumb Code    60  stm32f10x_spi.o(i.SPI_Init)
    SystemInit                               0x08000f69   Thumb Code    82  system_stm32f10x.o(i.SystemInit)
    Thread_uIP                               0x08000fcd   Thumb Code   110  stm32net.o(i.Thread_uIP)
    Thread_uIP_periodic                      0x08001045   Thumb Code    82  stm32net.o(i.Thread_uIP_periodic)
    __user_perthread_libspace                0x080010a9   Thumb Code    32  rtx_conf_cm.o(i.__user_perthread_libspace)
    _init_box                                0x080010d5   Thumb Code    70  rt_membox.o(i._init_box)
    _is_digit                                0x0800111b   Thumb Code    14  __printf_wp.o(i._is_digit)
    _mutex_acquire                           0x08001129   Thumb Code    22  rtx_conf_cm.o(i._mutex_acquire)
    _mutex_release                           0x08001149   Thumb Code    18  rtx_conf_cm.o(i._mutex_release)
    dbg_init                                 0x08001275   Thumb Code    34  hal_cm.o(i.dbg_init)
    dbg_task_notify                          0x080012a5   Thumb Code    32  hal_cm.o(i.dbg_task_notify)
    dbg_task_switch                          0x080012c5   Thumb Code    16  hal_cm.o(i.dbg_task_switch)
    enc28j60_bfc                             0x080012d5   Thumb Code    24  enc28j60.o(i.enc28j60_bfc)
    enc28j60_bfs                             0x080012ed   Thumb Code    24  enc28j60.o(i.enc28j60_bfs)
    enc28j60_init                            0x08001305   Thumb Code   436  enc28j60.o(i.enc28j60_init)
    enc28j60_rcr                             0x080014c9   Thumb Code    20  enc28j60.o(i.enc28j60_rcr)
    enc28j60_rcr16                           0x080014dd   Thumb Code    36  enc28j60.o(i.enc28j60_rcr16)
    enc28j60_read_buffer                     0x08001501   Thumb Code    56  enc28j60.o(i.enc28j60_read_buffer)
    enc28j60_read_op                         0x0800153d   Thumb Code    62  enc28j60.o(i.enc28j60_read_op)
    enc28j60_recv_packet                     0x08001581   Thumb Code   116  enc28j60.o(i.enc28j60_recv_packet)
    enc28j60_rxtx                            0x080015f9   Thumb Code    58  enc28j60.o(i.enc28j60_rxtx)
    enc28j60_send_packet                     0x08001639   Thumb Code   108  enc28j60.o(i.enc28j60_send_packet)
    enc28j60_set_bank                        0x080016a9   Thumb Code    50  enc28j60.o(i.enc28j60_set_bank)
    enc28j60_soft_reset                      0x080016e1   Thumb Code    56  enc28j60.o(i.enc28j60_soft_reset)
    enc28j60_wcr                             0x08001721   Thumb Code    24  enc28j60.o(i.enc28j60_wcr)
    enc28j60_wcr16                           0x08001739   Thumb Code    36  enc28j60.o(i.enc28j60_wcr16)
    enc28j60_write_buffer                    0x0800175d   Thumb Code    54  enc28j60.o(i.enc28j60_write_buffer)
    enc28j60_write_op                        0x08001799   Thumb Code    48  enc28j60.o(i.enc28j60_write_op)
    enc28j60_write_phy                       0x080017cd   Thumb Code    40  enc28j60.o(i.enc28j60_write_phy)
    htons                                    0x0800219d   Thumb Code    12  uip.o(i.htons)
    httpd_ajax                               0x080021a9   Thumb Code    92  httpd-ajax.o(i.httpd_ajax)
    httpd_appcall                            0x0800220d   Thumb Code   166  httpd.o(i.httpd_appcall)
    httpd_cgi                                0x080022bd   Thumb Code    50  httpd-cgi.o(i.httpd_cgi)
    httpd_fs_count                           0x080022f9   Thumb Code    42  httpd-fs.o(i.httpd_fs_count)
    httpd_fs_open                            0x0800232d   Thumb Code    66  httpd-fs.o(i.httpd_fs_open)
    httpd_init                               0x080023a9   Thumb Code    12  httpd.o(i.httpd_init)
    isrMessagePut                            0x080023b5   Thumb Code    44  rt_cmsis.o(i.isrMessagePut)
    isr_mbx_send                             0x080023e1   Thumb Code    14  rt_mailbox.o(i.isr_mbx_send)
    main                                     0x080023f1   Thumb Code   256  stm32net.o(i.main)
    osDelay                                  0x08002601   Thumb Code    18  rt_cmsis.o(i.osDelay)
    osKernelInitialize                       0x08002619   Thumb Code    30  rt_cmsis.o(i.osKernelInitialize)
    osKernelRunning                          0x0800263d   Thumb Code    28  rt_cmsis.o(i.osKernelRunning)
    osKernelStart                            0x08002661   Thumb Code    98  rt_cmsis.o(i.osKernelStart)
    osThreadCreate                           0x080026cd   Thumb Code    38  rt_cmsis.o(i.osThreadCreate)
    osThreadExit                             0x080026fd   Thumb Code    14  rt_cmsis.o(i.osThreadExit)
    os_error                                 0x08002715   Thumb Code    34  rtx_conf_cm.o(i.os_error)
    os_idle_demon                            0x08002737   Thumb Code     4  rtx_conf_cm.o(i.os_idle_demon)
    os_tick_init                             0x0800273d   Thumb Code    32  rt_system.o(i.os_tick_init)
    os_tick_irqack                           0x08002765   Thumb Code     2  rt_system.o(i.os_tick_irqack)
    psock_datalen                            0x08002767   Thumb Code    12  psock.o(i.psock_datalen)
    psock_generator_send                     0x08002775   Thumb Code   134  psock.o(i.psock_generator_send)
    psock_init                               0x08002805   Thumb Code    40  psock.o(i.psock_init)
    psock_newdata                            0x0800282d   Thumb Code    48  psock.o(i.psock_newdata)
    psock_readto                             0x08002861   Thumb Code   142  psock.o(i.psock_readto)
    psock_send                               0x080028f9   Thumb Code   112  psock.o(i.psock_send)
    rt_alloc_box                             0x08002969   Thumb Code    26  rt_membox.o(i.rt_alloc_box)
    rt_alloc_mem                             0x08002983   Thumb Code    62  rt_memory.o(i.rt_alloc_mem)
    rt_block                                 0x080029c1   Thumb Code    48  rt_task.o(i.rt_block)
    rt_chk_robin                             0x080029f9   Thumb Code    60  rt_robin.o(i.rt_chk_robin)
    rt_dec_dly                               0x08002a41   Thumb Code   102  rt_list.o(i.rt_dec_dly)
    rt_dispatch                              0x08002ab1   Thumb Code    60  rt_task.o(i.rt_dispatch)
    rt_dly_wait                              0x08002af5   Thumb Code     6  rt_time.o(i.rt_dly_wait)
    rt_evt_psh                               0x08002afd   Thumb Code    76  rt_event.o(i.rt_evt_psh)
    rt_free_box                              0x08002b4d   Thumb Code    44  rt_membox.o(i.rt_free_box)
    rt_free_mem                              0x08002b79   Thumb Code    40  rt_memory.o(i.rt_free_mem)
    rt_get_first                             0x08002ba1   Thumb Code    40  rt_list.o(i.rt_get_first)
    rt_init_mem                              0x08002c11   Thumb Code    26  rt_memory.o(i.rt_init_mem)
    rt_init_robin                            0x08002c2d   Thumb Code    14  rt_robin.o(i.rt_init_robin)
    rt_init_stack                            0x08002c45   Thumb Code   118  hal_cm.o(i.rt_init_stack)
    rt_mbx_check                             0x08002cc5   Thumb Code     8  rt_mailbox.o(i.rt_mbx_check)
    rt_mbx_init                              0x08002ccd   Thumb Code    26  rt_mailbox.o(i.rt_mbx_init)
    rt_mbx_psh                               0x08002ce9   Thumb Code   236  rt_mailbox.o(i.rt_mbx_psh)
    rt_mut_release                           0x08002e1d   Thumb Code   208  rt_mutex.o(i.rt_mut_release)
    rt_mut_wait                              0x08002ef5   Thumb Code   100  rt_mutex.o(i.rt_mut_wait)
    rt_pop_req                               0x08002f5d   Thumb Code   112  rt_system.o(i.rt_pop_req)
    rt_psh_req                               0x08002fd9   Thumb Code    22  rt_system.o(i.rt_psh_req)
    rt_psq_enq                               0x08002ff9   Thumb Code    88  rt_list.o(i.rt_psq_enq)
    rt_put_dly                               0x08003055   Thumb Code    68  rt_list.o(i.rt_put_dly)
    rt_put_prio                              0x0800309d   Thumb Code    54  rt_list.o(i.rt_put_prio)
    rt_put_rdy_first                         0x080030d5   Thumb Code    14  rt_list.o(i.rt_put_rdy_first)
    rt_resort_prio                           0x080030e9   Thumb Code    46  rt_list.o(i.rt_resort_prio)
    rt_ret_val                               0x0800311d   Thumb Code     6  hal_cm.o(i.rt_ret_val)
    rt_ret_val2                              0x08003123   Thumb Code     8  hal_cm.o(i.rt_ret_val2)
    rt_rmv_dly                               0x0800312b   Thumb Code    40  rt_list.o(i.rt_rmv_dly)
    rt_rmv_list                              0x08003155   Thumb Code    44  rt_list.o(i.rt_rmv_list)
    rt_sem_psh                               0x08003185   Thumb Code    48  rt_semaphore.o(i.rt_sem_psh)
    rt_stk_check                             0x080031b9   Thumb Code     2  rtx_conf_cm.o(i.rt_stk_check)
    rt_switch_req                            0x080031bd   Thumb Code    30  rt_task.o(i.rt_switch_req)
    rt_sys_init                              0x080031e5   Thumb Code   138  rt_task.o(i.rt_sys_init)
    rt_sys_start                             0x080032b1   Thumb Code   110  rt_task.o(i.rt_sys_start)
    rt_systick                               0x08003329   Thumb Code    50  rt_system.o(i.rt_systick)
    rt_tsk_create                            0x080033b1   Thumb Code   118  rt_task.o(i.rt_tsk_create)
    rt_tsk_delete                            0x08003439   Thumb Code   352  rt_task.o(i.rt_tsk_delete)
    rt_tsk_prio                              0x080035b5   Thumb Code   108  rt_task.o(i.rt_tsk_prio)
    rt_tsk_self                              0x08003631   Thumb Code    12  rt_task.o(i.rt_tsk_self)
    svcDelay                                 0x080039a1   Thumb Code    18  rt_cmsis.o(i.svcDelay)
    svcKernelInitialize                      0x080039b5   Thumb Code    80  rt_cmsis.o(i.svcKernelInitialize)
    svcKernelRunning                         0x08003a25   Thumb Code     6  rt_cmsis.o(i.svcKernelRunning)
    svcKernelStart                           0x08003a31   Thumb Code    62  rt_cmsis.o(i.svcKernelStart)
    svcMessageCreate                         0x08003a79   Thumb Code    36  rt_cmsis.o(i.svcMessageCreate)
    svcThreadCreate                          0x08003a9d   Thumb Code   100  rt_cmsis.o(i.svcThreadCreate)
    svcThreadGetId                           0x08003b0d   Thumb Code    22  rt_cmsis.o(i.svcThreadGetId)
    svcThreadTerminate                       0x08003b29   Thumb Code    50  rt_cmsis.o(i.svcThreadTerminate)
    sysTimerTick                             0x08003b61   Thumb Code    84  rt_cmsis.o(i.sysTimerTick)
    uip_add32                                0x08003c31   Thumb Code   106  uip.o(i.uip_add32)
    uip_arp_arpin                            0x08003ce5   Thumb Code   216  uip_arp.o(i.uip_arp_arpin)
    uip_arp_init                             0x08003dcd   Thumb Code    46  uip_arp.o(i.uip_arp_init)
    uip_arp_out                              0x08003e05   Thumb Code   366  uip_arp.o(i.uip_arp_out)
    uip_arp_timer                            0x08003fa5   Thumb Code    76  uip_arp.o(i.uip_arp_timer)
    uip_init                                 0x08004121   Thumb Code    92  uip.o(i.uip_init)
    uip_ipchksum                             0x0800418d   Thumb Code    30  uip.o(i.uip_ipchksum)
    uip_listen                               0x080041b1   Thumb Code    54  uip.o(i.uip_listen)
    uip_process                              0x080041f1   Thumb Code  3656  uip.o(i.uip_process)
    uip_send                                 0x08005051   Thumb Code    38  uip.o(i.uip_send)
    uip_tcpchksum                            0x08005081   Thumb Code    10  uip.o(i.uip_tcpchksum)
    _get_lc_ctype                            0x080050d5   Thumb Code    44  lc_ctype_c.o(locale$$code)
    os_thread_def_Thread_uIP_periodic        0x08005100   Data          16  stm32net.o(.constdata)
    os_thread_def_Thread_uIP                 0x08005110   Data          16  stm32net.o(.constdata)
    file_settings_shtml                      0x08005ff0   Data          20  httpd-fs.o(.constdata)
    file_404_html                            0x08006004   Data          20  httpd-fs.o(.constdata)
    file_footer_html                         0x08006018   Data          20  httpd-fs.o(.constdata)
    file_header_html                         0x0800602c   Data          20  httpd-fs.o(.constdata)
    file_index_html                          0x08006040   Data          20  httpd-fs.o(.constdata)
    file_style_css                           0x08006054   Data          20  httpd-fs.o(.constdata)
    file_fade_png                            0x08006068   Data          20  httpd-fs.o(.constdata)
    http_http                                0x0800607c   Data           8  http-strings.o(.constdata)
    http_200                                 0x08006084   Data           5  http-strings.o(.constdata)
    http_301                                 0x08006089   Data           5  http-strings.o(.constdata)
    http_302                                 0x0800608e   Data           5  http-strings.o(.constdata)
    http_options                             0x08006093   Data           9  http-strings.o(.constdata)
    http_get                                 0x0800609c   Data           5  http-strings.o(.constdata)
    http_head                                0x080060a1   Data           6  http-strings.o(.constdata)
    http_post                                0x080060a7   Data           6  http-strings.o(.constdata)
    http_put                                 0x080060ad   Data           5  http-strings.o(.constdata)
    http_delete                              0x080060b2   Data           8  http-strings.o(.constdata)
    http_trace                               0x080060ba   Data           7  http-strings.o(.constdata)
    http_connect                             0x080060c1   Data           9  http-strings.o(.constdata)
    http_10                                  0x080060ca   Data           9  http-strings.o(.constdata)
    http_11                                  0x080060d3   Data           9  http-strings.o(.constdata)
    http_content_type                        0x080060dc   Data          15  http-strings.o(.constdata)
    http_texthtml                            0x080060eb   Data          10  http-strings.o(.constdata)
    http_location                            0x080060f5   Data          11  http-strings.o(.constdata)
    http_host                                0x08006100   Data           7  http-strings.o(.constdata)
    http_crnl                                0x08006107   Data           3  http-strings.o(.constdata)
    http_index_html                          0x0800610a   Data          12  http-strings.o(.constdata)
    http_404_html                            0x08006116   Data          10  http-strings.o(.constdata)
    http_referer                             0x08006120   Data           9  http-strings.o(.constdata)
    http_header_200                          0x08006129   Data          84  http-strings.o(.constdata)
    http_header_404                          0x0800617d   Data          91  http-strings.o(.constdata)
    http_content_type_plain                  0x080061d8   Data          29  http-strings.o(.constdata)
    http_content_type_html                   0x080061f5   Data          28  http-strings.o(.constdata)
    http_content_type_css                    0x08006211   Data          27  http-strings.o(.constdata)
    http_content_type_text                   0x0800622c   Data          28  http-strings.o(.constdata)
    http_content_type_png                    0x08006248   Data          28  http-strings.o(.constdata)
    http_content_type_gif                    0x08006264   Data          28  http-strings.o(.constdata)
    http_content_type_jpg                    0x08006280   Data          29  http-strings.o(.constdata)
    http_content_type_binary                 0x0800629d   Data          43  http-strings.o(.constdata)
    http_html                                0x080062c8   Data           6  http-strings.o(.constdata)
    http_shtml                               0x080062ce   Data           7  http-strings.o(.constdata)
    http_htm                                 0x080062d5   Data           5  http-strings.o(.constdata)
    http_css                                 0x080062da   Data           5  http-strings.o(.constdata)
    http_png                                 0x080062df   Data           5  http-strings.o(.constdata)
    http_gif                                 0x080062e4   Data           5  http-strings.o(.constdata)
    http_jpg                                 0x080062e9   Data           5  http-strings.o(.constdata)
    http_text                                0x080062ee   Data           5  http-strings.o(.constdata)
    http_txt                                 0x080062f3   Data           5  http-strings.o(.constdata)
    os_maxtaskrun                            0x080062f8   Data           2  rtx_conf_cm.o(.constdata)
    os_stackinfo                             0x080062fc   Data           4  rtx_conf_cm.o(.constdata)
    os_rrobin                                0x08006300   Data           4  rtx_conf_cm.o(.constdata)
    os_tickfreq                              0x08006304   Data           4  rtx_conf_cm.o(.constdata)
    os_tickus_i                              0x08006308   Data           2  rtx_conf_cm.o(.constdata)
    os_tickus_f                              0x0800630a   Data           2  rtx_conf_cm.o(.constdata)
    os_trv                                   0x0800630c   Data           4  rtx_conf_cm.o(.constdata)
    os_flags                                 0x08006310   Data           1  rtx_conf_cm.o(.constdata)
    CMSIS_RTOS_API_Version                   0x08006314   Data           4  rtx_conf_cm.o(.constdata)
    CMSIS_RTOS_RTX_Version                   0x08006318   Data           4  rtx_conf_cm.o(.constdata)
    os_clockrate                             0x0800631c   Data           4  rtx_conf_cm.o(.constdata)
    os_timernum                              0x08006320   Data           4  rtx_conf_cm.o(.constdata)
    mp_tcb_size                              0x08006324   Data           2  rtx_conf_cm.o(.constdata)
    mp_stk_size                              0x08006328   Data           4  rtx_conf_cm.o(.constdata)
    os_stack_sz                              0x0800632c   Data           4  rtx_conf_cm.o(.constdata)
    os_fifo_size                             0x08006330   Data           1  rtx_conf_cm.o(.constdata)
    os_messageQ_def_osTimerMessageQ          0x08006334   Data           8  rtx_conf_cm.o(.constdata)
    mp_tmr_size                              0x0800633c   Data           2  rtx_conf_cm.o(.constdata)
    Region$$Table$$Base                      0x080063f8   Number         0  anon$$obj.o(Region$$Table)
    Region$$Table$$Limit                     0x08006418   Number         0  anon$$obj.o(Region$$Table)
    __ctype                                  0x08006425   Data           0  lc_ctype_c.o(locale$$data)
    HostIP                                   0x20000000   Data           4  stm32net.o(.data)
    tid_Thread_uIP_periodic                  0x20000004   Data           4  stm32net.o(.data)
    tid_Thread_uIP                           0x20000008   Data           4  stm32net.o(.data)
    enc28j60_current_bank                    0x2000000c   Data           1  enc28j60.o(.data)
    enc28j60_rxrdpt                          0x2000000e   Data           2  enc28j60.o(.data)
    uip_hostaddr                             0x20000010   Data           4  uip.o(.data)
    uip_draddr                               0x20000014   Data           4  uip.o(.data)
    uip_netmask                              0x20000018   Data           4  uip.o(.data)
    uip_ethaddr                              0x2000001c   Data           6  uip.o(.data)
    uip_appdata                              0x20000024   Data           4  uip.o(.data)
    uip_sappdata                             0x20000028   Data           4  uip.o(.data)
    uip_len                                  0x2000002c   Data           2  uip.o(.data)
    uip_slen                                 0x2000002e   Data           2  uip.o(.data)
    uip_flags                                0x20000030   Data           1  uip.o(.data)
    uip_conn                                 0x20000034   Data           4  uip.o(.data)
    uip_listenports                          0x20000038   Data           4  uip.o(.data)
    uip_acc32                                0x20000044   Data           4  uip.o(.data)
    http_methods                             0x20000094   Data          36  http-strings.o(.data)
    osThreadId_osTimerThread                 0x200000c8   Data           4  rtx_conf_cm.o(.data)
    osMessageQId_osTimerMessageQ             0x200000cc   Data           4  rtx_conf_cm.o(.data)
    os_tmr                                   0x200000d0   Data           4  rtx_conf_cm.o(.data)
    m_tmr                                    0x200000d4   Data           4  rtx_conf_cm.o(.data)
    os_thread_def_main                       0x200000dc   Data          16  rtx_conf_cm.o(.data)
    os_initialized                           0x200000ec   Data           1  rt_cmsis.o(.data)
    os_running                               0x200000ed   Data           1  rt_cmsis.o(.data)
    os_timer_head                            0x200000f0   Data           4  rt_cmsis.o(.data)
    os_tsk                                   0x200000f4   Data           8  rt_task.o(.data)
    os_tick_irqn                             0x20000100   Data           4  rt_system.o(.data)
    os_time                                  0x20000104   Data           4  rt_time.o(.data)
    os_robin                                 0x20000108   Data           8  rt_robin.o(.data)
    dbg_msg                                  0x20000110   Data           1  hal_cm.o(.data)
    uip_buf                                  0x20000114   Data        1538  uip.o(.bss)
    uip_conns                                0x20000718   Data        1432  uip.o(.bss)
    uip_stat                                 0x20000cb0   Data          44  uip.o(.bss)
    mp_tcb                                   0x20000d58   Data         168  rtx_conf_cm.o(.bss)
    mp_stk                                   0x20000e00   Data        1168  rtx_conf_cm.o(.bss)
    os_stack_mem                             0x20001290   Data         224  rtx_conf_cm.o(.bss)
    os_fifo                                  0x20001370   Data         132  rtx_conf_cm.o(.bss)
    os_active_TCB                            0x200013f4   Data          12  rtx_conf_cm.o(.bss)
    os_thread_def_osTimerThread              0x20001400   Data          16  rtx_conf_cm.o(.bss)
    os_messageQ_q_osTimerMessageQ            0x20001410   Data          16  rtx_conf_cm.o(.bss)
    os_idle_TCB                              0x200015c0   Data          52  rt_task.o(.bss)
    os_rdy                                   0x200015f4   Data          24  rt_list.o(.bss)
    os_dly                                   0x2000160c   Data          24  rt_list.o(.bss)
    __libspace_start                         0x20001624   Data          96  libspace.o(.bss)
    __temporary_stack_top$libspace           0x20001684   Data           0  libspace.o(.bss)



==============================================================================

Memory Map of the image

  Image Entry point : 0x08000121

  Load Region LR_IROM1 (Base: 0x08000000, Size: 0x0000663c, Max: 0x00020000, ABSOLUTE)

    Execution Region ER_IROM1 (Base: 0x08000000, Size: 0x00006528, Max: 0x00020000, ABSOLUTE)

    Base Addr    Size         Type   Attr      Idx    E Section Name        Object

    0x08000000   0x00000120   Data   RO         1614    RESET               startup_stm32f10x_md_vl.o
    0x08000120   0x00000008   Code   RO         2946  * !!!main             c_w.l(__main.o)
    0x08000128   0x00000034   Code   RO         3327    !!!scatter          c_w.l(__scatter.o)
    0x0800015c   0x0000001a   Code   RO         3329    !!handler_copy      c_w.l(__scatter_copy.o)
    0x08000176   0x00000002   PAD
    0x08000178   0x0000001c   Code   RO         3331    !!handler_zi        c_w.l(__scatter_zi.o)
    0x08000194   0x00000000   Code   RO         2923    .ARM.Collect$$_printf_percent$$00000000  c_w.l(_printf_percent.o)
    0x08000194   0x00000006   Code   RO         2921    .ARM.Collect$$_printf_percent$$00000009  c_w.l(_printf_d.o)
    0x0800019a   0x00000006   Code   RO         2922    .ARM.Collect$$_printf_percent$$0000000A  c_w.l(_printf_u.o)
    0x080001a0   0x00000006   Code   RO         2919    .ARM.Collect$$_printf_percent$$00000013  c_w.l(_printf_c.o)
    0x080001a6   0x00000006   Code   RO         2920    .ARM.Collect$$_printf_percent$$00000014  c_w.l(_printf_s.o)
    0x080001ac   0x00000004   Code   RO         2974    .ARM.Collect$$_printf_percent$$00000017  c_w.l(_printf_percent_end.o)
    0x080001b0   0x00000002   Code   RO         3137    .ARM.Collect$$libinit$$00000000  c_w.l(libinit.o)
    0x080001b2   0x00000000   Code   RO         3139    .ARM.Collect$$libinit$$00000002  c_w.l(libinit2.o)
    0x080001b2   0x00000000   Code   RO         3141    .ARM.Collect$$libinit$$00000004  c_w.l(libinit2.o)
    0x080001b2   0x00000000   Code   RO         3144    .ARM.Collect$$libinit$$0000000A  c_w.l(libinit2.o)
    0x080001b2   0x00000000   Code   RO         3146    .ARM.Collect$$libinit$$0000000C  c_w.l(libinit2.o)
    0x080001b2   0x00000000   Code   RO         3148    .ARM.Collect$$libinit$$0000000E  c_w.l(libinit2.o)
    0x080001b2   0x00000006   Code   RO         3149    .ARM.Collect$$libinit$$0000000F  c_w.l(libinit2.o)
    0x080001b8   0x00000000   Code   RO         3151    .ARM.Collect$$libinit$$00000011  c_w.l(libinit2.o)
    0x080001b8   0x0000000c   Code   RO         3152    .ARM.Collect$$libinit$$00000012  c_w.l(libinit2.o)
    0x080001c4   0x00000000   Code   RO         3153    .ARM.Collect$$libinit$$00000013  c_w.l(libinit2.o)
    0x080001c4   0x00000000   Code   RO         3155    .ARM.Collect$$libinit$$00000015  c_w.l(libinit2.o)
    0x080001c4   0x00000000   Code   RO         3157    .ARM.Collect$$libinit$$00000017  c_w.l(libinit2.o)
    0x080001c4   0x00000000   Code   RO         3159    .ARM.Collect$$libinit$$00000019  c_w.l(libinit2.o)
    0x080001c4   0x00000000   Code   RO         3161    .ARM.Collect$$libinit$$0000001B  c_w.l(libinit2.o)
    0x080001c4   0x00000000   Code   RO         3163    .ARM.Collect$$libinit$$0000001D  c_w.l(libinit2.o)
    0x080001c4   0x00000000   Code   RO         3165    .ARM.Collect$$libinit$$0000001F  c_w.l(libinit2.o)
    0x080001c4   0x00000000   Code   RO         3167    .ARM.Collect$$libinit$$00000021  c_w.l(libinit2.o)
    0x080001c4   0x00000000   Code   RO         3169    .ARM.Collect$$libinit$$00000023  c_w.l(libinit2.o)
    0x080001c4   0x00000000   Code   RO         3171    .ARM.Collect$$libinit$$00000025  c_w.l(libinit2.o)
    0x080001c4   0x00000000   Code   RO         3175    .ARM.Collect$$libinit$$0000002C  c_w.l(libinit2.o)
    0x080001c4   0x00000000   Code   RO         3177    .ARM.Collect$$libinit$$0000002E  c_w.l(libinit2.o)
    0x080001c4   0x00000000   Code   RO         3179    .ARM.Collect$$libinit$$00000030  c_w.l(libinit2.o)
    0x080001c4   0x00000000   Code   RO         3181    .ARM.Collect$$libinit$$00000032  c_w.l(libinit2.o)
    0x080001c4   0x00000002   Code   RO         3182    .ARM.Collect$$libinit$$00000033  c_w.l(libinit2.o)
    0x080001c6   0x00000002   Code   RO         3183    .ARM.Collect$$libshutdown$$00000000  c_w.l(libshutdown.o)
    0x080001c8   0x00000000   Code   RO         3185    .ARM.Collect$$libshutdown$$00000002  c_w.l(libshutdown2.o)
    0x080001c8   0x00000000   Code   RO         3187    .ARM.Collect$$libshutdown$$00000004  c_w.l(libshutdown2.o)
    0x080001c8   0x00000000   Code   RO         3190    .ARM.Collect$$libshutdown$$00000007  c_w.l(libshutdown2.o)
    0x080001c8   0x00000000   Code   RO         3193    .ARM.Collect$$libshutdown$$0000000A  c_w.l(libshutdown2.o)
    0x080001c8   0x00000000   Code   RO         3195    .ARM.Collect$$libshutdown$$0000000C  c_w.l(libshutdown2.o)
    0x080001c8   0x00000000   Code   RO         3198    .ARM.Collect$$libshutdown$$0000000F  c_w.l(libshutdown2.o)
    0x080001c8   0x00000002   Code   RO         3199    .ARM.Collect$$libshutdown$$00000010  c_w.l(libshutdown2.o)
    0x080001ca   0x00000000   Code   RO         2948    .ARM.Collect$$rtentry$$00000000  c_w.l(__rtentry.o)
    0x080001ca   0x00000000   Code   RO         2988    .ARM.Collect$$rtentry$$00000002  c_w.l(__rtentry2.o)
    0x080001ca   0x00000006   Code   RO         3000    .ARM.Collect$$rtentry$$00000004  c_w.l(__rtentry4.o)
    0x080001d0   0x00000000   Code   RO         2990    .ARM.Collect$$rtentry$$00000009  c_w.l(__rtentry2.o)
    0x080001d0   0x00000004   Code   RO         2991    .ARM.Collect$$rtentry$$0000000A  c_w.l(__rtentry2.o)
    0x080001d4   0x00000008   Code   RO         2992    .ARM.Collect$$rtentry$$0000000B  c_w.l(__rtentry2.o)
    0x080001dc   0x00000008   Code   RO         2994    .ARM.Collect$$rtentry$$0000000D  c_w.l(__rtentry2.o)
    0x080001e4   0x00000002   Code   RO         2949    .ARM.Collect$$rtexit$$00000000  c_w.l(rtexit.o)
    0x080001e6   0x00000000   Code   RO         3003    .ARM.Collect$$rtexit$$00000002  c_w.l(rtexit2.o)
    0x080001e6   0x00000004   Code   RO         3004    .ARM.Collect$$rtexit$$00000003  c_w.l(rtexit2.o)
    0x080001ea   0x00000006   Code   RO         3005    .ARM.Collect$$rtexit$$00000004  c_w.l(rtexit2.o)
    0x080001f0   0x0000001c   Code   RO         1548    .emb_text           rtx_conf_cm.o
    0x0800020c   0x00000130   Code   RO         2863    .emb_text           RTX_CM3.lib(hal_cm3.o)
    0x0800033c   0x00000040   Code   RO         1615    .text               startup_stm32f10x_md_vl.o
    0x0800037c   0x00000008   Code   RO         2878    .text               c_w.l(libspace.o)
    0x08000384   0x00000038   Code   RO         2885    .text               c_w.l(__2snprintf.o)
    0x080003bc   0x0000004e   Code   RO         2893    .text               c_w.l(_printf_pad.o)
    0x0800040a   0x00000052   Code   RO         2895    .text               c_w.l(_printf_str.o)
    0x0800045c   0x00000078   Code   RO         2897    .text               c_w.l(_printf_dec.o)
    0x080004d4   0x0000010e   Code   RO         2907    .text               c_w.l(__printf_wp.o)
    0x080005e2   0x0000001a   Code   RO         2924    .text               c_w.l(atoi.o)
    0x080005fc   0x00000012   Code   RO         2926    .text               c_w.l(exit.o)
    0x0800060e   0x00000014   Code   RO         2928    .text               c_w.l(strchr.o)
    0x08000622   0x00000048   Code   RO         2930    .text               c_w.l(strcpy.o)
    0x0800066a   0x00000016   Code   RO         2932    .text               c_w.l(strrchr.o)
    0x08000680   0x0000003e   Code   RO         2934    .text               c_w.l(strlen.o)
    0x080006be   0x00000096   Code   RO         2936    .text               c_w.l(strncmp.o)
    0x08000754   0x0000008a   Code   RO         2938    .text               c_w.l(rt_memcpy_v6.o)
    0x080007de   0x00000010   Code   RO         2940    .text               c_w.l(aeabi_memset.o)
    0x080007ee   0x00000056   Code   RO         2942    .text               c_w.l(strncpy.o)
    0x08000844   0x00000006   Code   RO         2944    .text               c_w.l(heapauxi.o)
    0x0800084a   0x00000004   Code   RO         2960    .text               c_w.l(rt_errno_addr_twolibspace.o)
    0x0800084e   0x000000b2   Code   RO         2962    .text               c_w.l(_printf_intcommon.o)
    0x08000900   0x00000030   Code   RO         2964    .text               c_w.l(_printf_char_common.o)
    0x08000930   0x0000000a   Code   RO         2966    .text               c_w.l(_sputc.o)
    0x0800093a   0x00000010   Code   RO         2968    .text               c_w.l(_snputc.o)
    0x0800094a   0x0000002c   Code   RO         2970    .text               c_w.l(_printf_char.o)
    0x08000976   0x00000070   Code   RO         2975    .text               c_w.l(strtol.o)
    0x080009e6   0x00000064   Code   RO         2983    .text               c_w.l(rt_memcpy_w.o)
    0x08000a4a   0x00000044   Code   RO         2985    .text               c_w.l(rt_memclr.o)
    0x08000a8e   0x00000002   PAD
    0x08000a90   0x00000010   Code   RO         3009    .text               c_w.l(rt_ctype_table.o)
    0x08000aa0   0x0000009e   Code   RO         3015    .text               c_w.l(_strtoul.o)
    0x08000b3e   0x0000004e   Code   RO         3031    .text               c_w.l(rt_memclr_w.o)
    0x08000b8c   0x0000000c   Code   RO         3038    .text               c_w.l(sys_exit.o)
    0x08000b98   0x0000004a   Code   RO         3040    .text               c_w.l(sys_stackheap_outer.o)
    0x08000be2   0x0000000a   Code   RO         3047    .text               c_w.l(rt_locale_twolibspace.o)
    0x08000bec   0x0000001c   Code   RO         3105    .text               c_w.l(_chval.o)
    0x08000c08   0x00000002   Code   RO         3202    .text               c_w.l(use_no_semi.o)
    0x08000c0a   0x00000000   Code   RO         3204    .text               c_w.l(indicate_semi.o)
    0x08000c0a   0x00000002   PAD
    0x08000c0c   0x00000080   Code   RO         3254    .text               c_w.l(strcmpv7m.o)
    0x08000c8c   0x00000004   Code   RO         2873    SVC_TABLE           RTX_CM3.lib(svc_table.o)
    0x08000c90   0x00000116   Code   RO          195    i.GPIO_Init         stm32f10x_gpio.o
    0x08000da6   0x00000004   Code   RO          202    i.GPIO_ResetBits    stm32f10x_gpio.o
    0x08000daa   0x00000004   Code   RO          203    i.GPIO_SetBits      stm32f10x_gpio.o
    0x08000dae   0x00000002   PAD
    0x08000db0   0x00000048   Code   RO            5    i.Init_Thread       stm32net.o
    0x08000df8   0x00000020   Code   RO          317    i.RCC_APB1PeriphClockCmd  stm32f10x_rcc.o
    0x08000e18   0x00000020   Code   RO          319    i.RCC_APB2PeriphClockCmd  stm32f10x_rcc.o
    0x08000e38   0x00000018   Code   RO          538    i.SPI_Cmd           stm32f10x_spi.o
    0x08000e50   0x00000012   Code   RO          546    i.SPI_I2S_GetFlagStatus  stm32f10x_spi.o
    0x08000e62   0x00000006   Code   RO          549    i.SPI_I2S_ReceiveData  stm32f10x_spi.o
    0x08000e68   0x00000004   Code   RO          550    i.SPI_I2S_SendData  stm32f10x_spi.o
    0x08000e6c   0x0000003c   Code   RO          551    i.SPI_Init          stm32f10x_spi.o
    0x08000ea8   0x00000008   Code   RO         1622    i.SetSysClock       system_stm32f10x.o
    0x08000eb0   0x000000b8   Code   RO         1623    i.SetSysClockTo24   system_stm32f10x.o
    0x08000f68   0x00000064   Code   RO         1625    i.SystemInit        system_stm32f10x.o
    0x08000fcc   0x00000078   Code   RO            6    i.Thread_uIP        stm32net.o
    0x08001044   0x00000064   Code   RO            7    i.Thread_uIP_periodic  stm32net.o
    0x080010a8   0x0000002c   Code   RO         1549    i.__user_perthread_libspace  rtx_conf_cm.o
    0x080010d4   0x00000046   Code   RO         2762    i._init_box         RTX_CM3.lib(rt_membox.o)
    0x0800111a   0x0000000e   Code   RO         2909    i._is_digit         c_w.l(__printf_wp.o)
    0x08001128   0x00000020   Code   RO         1550    i._mutex_acquire    rtx_conf_cm.o
    0x08001148   0x0000001c   Code   RO         1552    i._mutex_release    rtx_conf_cm.o
    0x08001164   0x00000066   Code   RO          864    i.buf_bufto         psock.o
    0x080011ca   0x00000006   Code   RO          865    i.buf_setup         psock.o
    0x080011d0   0x00000046   Code   RO          986    i.chksum            uip.o
    0x08001216   0x00000002   PAD
    0x08001218   0x0000005c   Code   RO          866    i.data_acked        psock.o
    0x08001274   0x00000030   Code   RO         2815    i.dbg_init          RTX_CM3.lib(hal_cm.o)
    0x080012a4   0x00000020   Code   RO         2816    i.dbg_task_notify   RTX_CM3.lib(hal_cm.o)
    0x080012c4   0x00000010   Code   RO         2817    i.dbg_task_switch   RTX_CM3.lib(hal_cm.o)
    0x080012d4   0x00000018   Code   RO          737    i.enc28j60_bfc      enc28j60.o
    0x080012ec   0x00000018   Code   RO          738    i.enc28j60_bfs      enc28j60.o
    0x08001304   0x000001c4   Code   RO          739    i.enc28j60_init     enc28j60.o
    0x080014c8   0x00000014   Code   RO          740    i.enc28j60_rcr      enc28j60.o
    0x080014dc   0x00000024   Code   RO          741    i.enc28j60_rcr16    enc28j60.o
    0x08001500   0x0000003c   Code   RO          742    i.enc28j60_read_buffer  enc28j60.o
    0x0800153c   0x00000044   Code   RO          743    i.enc28j60_read_op  enc28j60.o
    0x08001580   0x00000078   Code   RO          745    i.enc28j60_recv_packet  enc28j60.o
    0x080015f8   0x00000040   Code   RO          746    i.enc28j60_rxtx     enc28j60.o
    0x08001638   0x00000070   Code   RO          747    i.enc28j60_send_packet  enc28j60.o
    0x080016a8   0x00000038   Code   RO          748    i.enc28j60_set_bank  enc28j60.o
    0x080016e0   0x00000040   Code   RO          749    i.enc28j60_soft_reset  enc28j60.o
    0x08001720   0x00000018   Code   RO          750    i.enc28j60_wcr      enc28j60.o
    0x08001738   0x00000024   Code   RO          751    i.enc28j60_wcr16    enc28j60.o
    0x0800175c   0x0000003c   Code   RO          752    i.enc28j60_write_buffer  enc28j60.o
    0x08001798   0x00000034   Code   RO          753    i.enc28j60_write_op  enc28j60.o
    0x080017cc   0x00000028   Code   RO          754    i.enc28j60_write_phy  enc28j60.o
    0x080017f4   0x00000050   Code   RO         1359    i.file_stats        httpd-cgi.o
    0x08001844   0x00000040   Code   RO         1360    i.gate_addr         httpd-cgi.o
    0x08001884   0x0000002c   Code   RO         1361    i.generate_file_stats  httpd-cgi.o
    0x080018b0   0x0000006c   Code   RO         1362    i.generate_gate_addr  httpd-cgi.o
    0x0800191c   0x00000070   Code   RO         1363    i.generate_host_addr  httpd-cgi.o
    0x0800198c   0x0000006c   Code   RO         1364    i.generate_net_mask  httpd-cgi.o
    0x080019f8   0x00000034   Code   RO         1365    i.generate_net_stats  httpd-cgi.o
    0x08001a2c   0x0000004c   Code   RO         1280    i.generate_part_of_file  httpd.o
    0x08001a78   0x00000070   Code   RO         1503    i.generate_set_addr  httpd-ajax.o
    0x08001ae8   0x000000b4   Code   RO         1366    i.generate_tcp_stats  httpd-cgi.o
    0x08001b9c   0x00000040   Code   RO         1367    i.get_addr          httpd-cgi.o
    0x08001bdc   0x0000013c   Code   RO         1281    i.handle_ajax       httpd.o
    0x08001d18   0x0000001a   Code   RO         1282    i.handle_connection  httpd.o
    0x08001d32   0x00000002   PAD
    0x08001d34   0x00000160   Code   RO         1283    i.handle_input      httpd.o
    0x08001e94   0x00000174   Code   RO         1284    i.handle_output     httpd.o
    0x08002008   0x00000194   Code   RO         1285    i.handle_script     httpd.o
    0x0800219c   0x0000000c   Code   RO          987    i.htons             uip.o
    0x080021a8   0x00000064   Code   RO         1504    i.httpd_ajax        httpd-ajax.o
    0x0800220c   0x000000b0   Code   RO         1286    i.httpd_appcall     httpd.o
    0x080022bc   0x0000003c   Code   RO         1368    i.httpd_cgi         httpd-cgi.o
    0x080022f8   0x00000034   Code   RO         1453    i.httpd_fs_count    httpd-fs.o
    0x0800232c   0x0000004c   Code   RO         1455    i.httpd_fs_open     httpd-fs.o
    0x08002378   0x00000030   Code   RO         1456    i.httpd_fs_strcmp   httpd-fs.o
    0x080023a8   0x0000000c   Code   RO         1287    i.httpd_init        httpd.o
    0x080023b4   0x0000002c   Code   RO         1669    i.isrMessagePut     RTX_CM3.lib(rt_cmsis.o)
    0x080023e0   0x0000000e   Code   RO         2618    i.isr_mbx_send      RTX_CM3.lib(rt_mailbox.o)
    0x080023ee   0x00000002   PAD
    0x080023f0   0x00000118   Code   RO            8    i.main              stm32net.o
    0x08002508   0x00000044   Code   RO         1369    i.net_mask          httpd-cgi.o
    0x0800254c   0x0000005c   Code   RO         1370    i.net_stats         httpd-cgi.o
    0x080025a8   0x00000026   Code   RO         1288    i.next_scriptstate  httpd.o
    0x080025ce   0x00000018   Code   RO         1371    i.nullfunction      httpd-cgi.o
    0x080025e6   0x00000018   Code   RO         1505    i.nullfunction      httpd-ajax.o
    0x080025fe   0x00000002   PAD
    0x08002600   0x00000018   Code   RO         1672    i.osDelay           RTX_CM3.lib(rt_cmsis.o)
    0x08002618   0x00000024   Code   RO         1673    i.osKernelInitialize  RTX_CM3.lib(rt_cmsis.o)
    0x0800263c   0x00000024   Code   RO         1674    i.osKernelRunning   RTX_CM3.lib(rt_cmsis.o)
    0x08002660   0x0000006c   Code   RO         1675    i.osKernelStart     RTX_CM3.lib(rt_cmsis.o)
    0x080026cc   0x00000030   Code   RO         1701    i.osThreadCreate    RTX_CM3.lib(rt_cmsis.o)
    0x080026fc   0x00000018   Code   RO         1702    i.osThreadExit      RTX_CM3.lib(rt_cmsis.o)
    0x08002714   0x00000022   Code   RO         1553    i.os_error          rtx_conf_cm.o
    0x08002736   0x00000004   Code   RO         1554    i.os_idle_demon     rtx_conf_cm.o
    0x0800273a   0x00000002   PAD
    0x0800273c   0x00000028   Code   RO         2409    i.os_tick_init      RTX_CM3.lib(rt_system.o)
    0x08002764   0x00000002   Code   RO         2410    i.os_tick_irqack    RTX_CM3.lib(rt_system.o)
    0x08002766   0x0000000c   Code   RO          867    i.psock_datalen     psock.o
    0x08002772   0x00000002   PAD
    0x08002774   0x00000090   Code   RO          868    i.psock_generator_send  psock.o
    0x08002804   0x00000028   Code   RO          869    i.psock_init        psock.o
    0x0800282c   0x00000034   Code   RO          870    i.psock_newdata     psock.o
    0x08002860   0x00000098   Code   RO          872    i.psock_readto      psock.o
    0x080028f8   0x00000070   Code   RO          873    i.psock_send        psock.o
    0x08002968   0x0000001a   Code   RO         2763    i.rt_alloc_box      RTX_CM3.lib(rt_membox.o)
    0x08002982   0x0000003e   Code   RO         2791    i.rt_alloc_mem      RTX_CM3.lib(rt_memory.o)
    0x080029c0   0x00000038   Code   RO         2290    i.rt_block          RTX_CM3.lib(rt_task.o)
    0x080029f8   0x00000048   Code   RO         2740    i.rt_chk_robin      RTX_CM3.lib(rt_robin.o)
    0x08002a40   0x00000070   Code   RO         2541    i.rt_dec_dly        RTX_CM3.lib(rt_list.o)
    0x08002ab0   0x00000044   Code   RO         2291    i.rt_dispatch       RTX_CM3.lib(rt_task.o)
    0x08002af4   0x00000006   Code   RO         2707    i.rt_dly_wait       RTX_CM3.lib(rt_time.o)
    0x08002afa   0x00000002   PAD
    0x08002afc   0x00000050   Code   RO         2502    i.rt_evt_psh        RTX_CM3.lib(rt_event.o)
    0x08002b4c   0x0000002c   Code   RO         2764    i.rt_free_box       RTX_CM3.lib(rt_membox.o)
    0x08002b78   0x00000028   Code   RO         2792    i.rt_free_mem       RTX_CM3.lib(rt_memory.o)
    0x08002ba0   0x00000028   Code   RO         2542    i.rt_get_first      RTX_CM3.lib(rt_list.o)
    0x08002bc8   0x00000048   Code   RO         2292    i.rt_init_context   RTX_CM3.lib(rt_task.o)
    0x08002c10   0x0000001a   Code   RO         2793    i.rt_init_mem       RTX_CM3.lib(rt_memory.o)
    0x08002c2a   0x00000002   PAD
    0x08002c2c   0x00000018   Code   RO         2741    i.rt_init_robin     RTX_CM3.lib(rt_robin.o)
    0x08002c44   0x00000080   Code   RO         2818    i.rt_init_stack     RTX_CM3.lib(hal_cm.o)
    0x08002cc4   0x00000008   Code   RO         2619    i.rt_mbx_check      RTX_CM3.lib(rt_mailbox.o)
    0x08002ccc   0x0000001a   Code   RO         2620    i.rt_mbx_init       RTX_CM3.lib(rt_mailbox.o)
    0x08002ce6   0x00000002   PAD
    0x08002ce8   0x000000f0   Code   RO         2621    i.rt_mbx_psh        RTX_CM3.lib(rt_mailbox.o)
    0x08002dd8   0x00000044   Code   RO         1719    i.rt_ms2tick        RTX_CM3.lib(rt_cmsis.o)
    0x08002e1c   0x000000d8   Code   RO         2376    i.rt_mut_release    RTX_CM3.lib(rt_mutex.o)
    0x08002ef4   0x00000068   Code   RO         2377    i.rt_mut_wait       RTX_CM3.lib(rt_mutex.o)
    0x08002f5c   0x0000007c   Code   RO         2413    i.rt_pop_req        RTX_CM3.lib(rt_system.o)
    0x08002fd8   0x00000020   Code   RO         2414    i.rt_psh_req        RTX_CM3.lib(rt_system.o)
    0x08002ff8   0x0000005c   Code   RO         2544    i.rt_psq_enq        RTX_CM3.lib(rt_list.o)
    0x08003054   0x00000048   Code   RO         2545    i.rt_put_dly        RTX_CM3.lib(rt_list.o)
    0x0800309c   0x00000036   Code   RO         2546    i.rt_put_prio       RTX_CM3.lib(rt_list.o)
    0x080030d2   0x00000002   PAD
    0x080030d4   0x00000014   Code   RO         2547    i.rt_put_rdy_first  RTX_CM3.lib(rt_list.o)
    0x080030e8   0x00000034   Code   RO         2548    i.rt_resort_prio    RTX_CM3.lib(rt_list.o)
    0x0800311c   0x00000006   Code   RO         2819    i.rt_ret_val        RTX_CM3.lib(hal_cm.o)
    0x08003122   0x00000008   Code   RO         2820    i.rt_ret_val2       RTX_CM3.lib(hal_cm.o)
    0x0800312a   0x00000028   Code   RO         2549    i.rt_rmv_dly        RTX_CM3.lib(rt_list.o)
    0x08003152   0x00000002   PAD
    0x08003154   0x00000030   Code   RO         2550    i.rt_rmv_list       RTX_CM3.lib(rt_list.o)
    0x08003184   0x00000034   Code   RO         2668    i.rt_sem_psh        RTX_CM3.lib(rt_semaphore.o)
    0x080031b8   0x00000002   Code   RO         1555    i.rt_stk_check      rtx_conf_cm.o
    0x080031ba   0x00000002   PAD
    0x080031bc   0x00000028   Code   RO         2293    i.rt_switch_req     RTX_CM3.lib(rt_task.o)
    0x080031e4   0x000000cc   Code   RO         2294    i.rt_sys_init       RTX_CM3.lib(rt_task.o)
    0x080032b0   0x00000078   Code   RO         2295    i.rt_sys_start      RTX_CM3.lib(rt_task.o)
    0x08003328   0x00000040   Code   RO         2418    i.rt_systick        RTX_CM3.lib(rt_system.o)
    0x08003368   0x00000012   Code   RO         1720    i.rt_tid2ptcb       RTX_CM3.lib(rt_cmsis.o)
    0x0800337a   0x00000002   PAD
    0x0800337c   0x00000034   Code   RO         1721    i.rt_timer_insert   RTX_CM3.lib(rt_cmsis.o)
    0x080033b0   0x00000088   Code   RO         2296    i.rt_tsk_create     RTX_CM3.lib(rt_task.o)
    0x08003438   0x0000017c   Code   RO         2297    i.rt_tsk_delete     RTX_CM3.lib(rt_task.o)
    0x080035b4   0x0000007c   Code   RO         2299    i.rt_tsk_prio       RTX_CM3.lib(rt_task.o)
    0x08003630   0x00000010   Code   RO         2300    i.rt_tsk_self       RTX_CM3.lib(rt_task.o)
    0x08003640   0x00000050   Code   RO          874    i.send_data         psock.o
    0x08003690   0x0000006c   Code   RO         1289    i.send_file         httpd.o
    0x080036fc   0x00000214   Code   RO         1290    i.send_headers      httpd.o
    0x08003910   0x0000003e   Code   RO         1291    i.send_part_of_file  httpd.o
    0x0800394e   0x00000002   PAD
    0x08003950   0x00000050   Code   RO         1506    i.set_addr          httpd-ajax.o
    0x080039a0   0x00000012   Code   RO         1723    i.svcDelay          RTX_CM3.lib(rt_cmsis.o)
    0x080039b2   0x00000002   PAD
    0x080039b4   0x00000070   Code   RO         1724    i.svcKernelInitialize  RTX_CM3.lib(rt_cmsis.o)
    0x08003a24   0x0000000c   Code   RO         1725    i.svcKernelRunning  RTX_CM3.lib(rt_cmsis.o)
    0x08003a30   0x00000048   Code   RO         1726    i.svcKernelStart    RTX_CM3.lib(rt_cmsis.o)
    0x08003a78   0x00000024   Code   RO         1729    i.svcMessageCreate  RTX_CM3.lib(rt_cmsis.o)
    0x08003a9c   0x00000070   Code   RO         1744    i.svcThreadCreate   RTX_CM3.lib(rt_cmsis.o)
    0x08003b0c   0x0000001c   Code   RO         1745    i.svcThreadGetId    RTX_CM3.lib(rt_cmsis.o)
    0x08003b28   0x00000038   Code   RO         1748    i.svcThreadTerminate  RTX_CM3.lib(rt_cmsis.o)
    0x08003b60   0x0000005c   Code   RO         1759    i.sysTimerTick      RTX_CM3.lib(rt_cmsis.o)
    0x08003bbc   0x00000074   Code   RO         1372    i.tcp_stats         httpd-cgi.o
    0x08003c30   0x00000070   Code   RO          988    i.uip_add32         uip.o
    0x08003ca0   0x00000044   Code   RO          989    i.uip_add_rcv_nxt   uip.o
    0x08003ce4   0x000000e8   Code   RO         1093    i.uip_arp_arpin     uip_arp.o
    0x08003dcc   0x00000038   Code   RO         1094    i.uip_arp_init      uip_arp.o
    0x08003e04   0x000001a0   Code   RO         1095    i.uip_arp_out       uip_arp.o
    0x08003fa4   0x00000058   Code   RO         1096    i.uip_arp_timer     uip_arp.o
    0x08003ffc   0x00000124   Code   RO         1097    i.uip_arp_update    uip_arp.o
    0x08004120   0x0000006c   Code   RO          992    i.uip_init          uip.o
    0x0800418c   0x00000024   Code   RO          993    i.uip_ipchksum      uip.o
    0x080041b0   0x00000040   Code   RO          994    i.uip_listen        uip.o
    0x080041f0   0x00000e60   Code   RO          995    i.uip_process       uip.o
    0x08005050   0x00000030   Code   RO          996    i.uip_send          uip.o
    0x08005080   0x0000000a   Code   RO          998    i.uip_tcpchksum     uip.o
    0x0800508a   0x00000002   PAD
    0x0800508c   0x00000048   Code   RO         1000    i.upper_layer_chksum  uip.o
    0x080050d4   0x0000002c   Code   RO         3121    locale$$code        c_w.l(lc_ctype_c.o)
    0x08005100   0x00000026   Data   RO           11    .constdata          stm32net.o
    0x08005126   0x00000008   Data   RO         1002    .constdata          uip.o
    0x0800512e   0x0000000a   Data   RO         1099    .constdata          uip_arp.o
    0x08005138   0x00000086   Data   RO         1373    .constdata          httpd-cgi.o
    0x080051be   0x00000002   PAD
    0x080051c0   0x00000ebc   Data   RO         1458    .constdata          httpd-fs.o
    0x0800607c   0x0000027c   Data   RO         1492    .constdata          http-strings.o
    0x080062f8   0x00000046   Data   RO         1557    .constdata          rtx_conf_cm.o
    0x0800633e   0x00000002   PAD
    0x08006340   0x000000aa   Data   RO         1374    .conststring        httpd-cgi.o
    0x080063ea   0x00000002   PAD
    0x080063ec   0x00000009   Data   RO         1507    .conststring        httpd-ajax.o
    0x080063f5   0x00000003   PAD
    0x080063f8   0x00000020   Data   RO         3325    Region$$Table       anon$$obj.o
    0x08006418   0x00000110   Data   RO         3120    locale$$data        c_w.l(lc_ctype_c.o)


    Execution Region RW_IRAM1 (Base: 0x20000000, Size: 0x00001988, Max: 0x00002000, ABSOLUTE)

    Base Addr    Size         Type   Attr      Idx    E Section Name        Object

    0x20000000   0x0000000c   Data   RW           12    .data               stm32net.o
    0x2000000c   0x00000004   Data   RW          755    .data               enc28j60.o
    0x20000010   0x0000003c   Data   RW         1003    .data               uip.o
    0x2000004c   0x00000008   Data   RW         1100    .data               uip_arp.o
    0x20000054   0x00000040   Data   RW         1375    .data               httpd-cgi.o
    0x20000094   0x00000024   Data   RW         1493    .data               http-strings.o
    0x200000b8   0x00000010   Data   RW         1508    .data               httpd-ajax.o
    0x200000c8   0x00000024   Data   RW         1558    .data               rtx_conf_cm.o
    0x200000ec   0x00000008   Data   RW         1762    .data               RTX_CM3.lib(rt_cmsis.o)
    0x200000f4   0x00000008   Data   RW         2302    .data               RTX_CM3.lib(rt_task.o)
    0x200000fc   0x00000008   Data   RW         2421    .data               RTX_CM3.lib(rt_system.o)
    0x20000104   0x00000004   Data   RW         2711    .data               RTX_CM3.lib(rt_time.o)
    0x20000108   0x00000008   Data   RW         2742    .data               RTX_CM3.lib(rt_robin.o)
    0x20000110   0x00000001   Data   RW         2821    .data               RTX_CM3.lib(hal_cm.o)
    0x20000111   0x00000003   PAD
    0x20000114   0x00000bc8   Zero   RW         1001    .bss                uip.o
    0x20000cdc   0x00000060   Zero   RW         1098    .bss                uip_arp.o
    0x20000d3c   0x00000016   Zero   RW         1457    .bss                httpd-fs.o
    0x20000d52   0x00000006   PAD
    0x20000d58   0x00000868   Zero   RW         1556    .bss                rtx_conf_cm.o
    0x200015c0   0x00000034   Zero   RW         2301    .bss                RTX_CM3.lib(rt_task.o)
    0x200015f4   0x00000030   Zero   RW         2551    .bss                RTX_CM3.lib(rt_list.o)
    0x20001624   0x00000060   Zero   RW         2879    .bss                c_w.l(libspace.o)
    0x20001684   0x00000004   PAD
    0x20001688   0x00000100   Zero   RW         1613    HEAP                startup_stm32f10x_md_vl.o
    0x20001788   0x00000200   Zero   RW         1612    STACK               startup_stm32f10x_md_vl.o


==============================================================================

Image component sizes


      Code (inc. data)   RO Data    RW Data    ZI Data      Debug   Object Name

      1312         64          0          4          0      10581   enc28j60.o
         0          0        636         36          0       2548   http-strings.o
       316         18          9         16          0       3249   httpd-ajax.o
      1172        162        304         64          0       9044   httpd-cgi.o
       176         20       3772          0         22       3928   httpd-fs.o
      2474        136          0          0          0       8813   httpd.o
       792         44          0          0          0      12970   psock.o
       172         38         70         36       2152      10014   rtx_conf_cm.o
        64         26        288          0        768        812   startup_stm32f10x_md_vl.o
       286          0          0          0          0       3020   stm32f10x_gpio.o
        64         12          0          0          0       1130   stm32f10x_rcc.o
       112          0          0          0          0       3810   stm32f10x_spi.o
       572         70         38         12          0     241859   stm32net.o
       292         24          0          0          0       1865   system_stm32f10x.o
      4280        260          8         60       3016      15816   uip.o
      1084        108         10          8         96       4707   uip_arp.o

    ----------------------------------------------------------------------
     13186        982       5176        236       6060     334166   Object Totals
         0          0         32          0          0          0   (incl. Generated)
        18          0          9          0          6          0   (incl. Padding)

    ----------------------------------------------------------------------

      Code (inc. data)   RO Data    RW Data    ZI Data      Debug   Library Member Name

       238         24          0          1          0       3256   hal_cm.o
       304         36          0          0          0        760   hal_cm3.o
       996        144          0          8          0      29544   rt_cmsis.o
        80          4          0          0          0        653   rt_event.o
       530         34          0          0         48       8165   rt_list.o
       288          4          0          0          0       2393   rt_mailbox.o
       140          0          0          0          0       1901   rt_membox.o
       128          0          0          0          0       2275   rt_memory.o
       320         12          0          0          0       1603   rt_mutex.o
        96         22          0          8          0       1134   rt_robin.o
        52          4          0          0          0        565   rt_semaphore.o
       262         44          0          8          0       5732   rt_system.o
      1216        174          0          8         52       9545   rt_task.o
         6          0          0          4          0        636   rt_time.o
         4          4          0          0          0        200   svc_table.o
        56          6          0          0          0         88   __2snprintf.o
         8          0          0          0          0         68   __main.o
       284          0          0          0          0        156   __printf_wp.o
         0          0          0          0          0          0   __rtentry.o
        20          0          0          0          0          0   __rtentry2.o
         6          0          0          0          0          0   __rtentry4.o
        52          8          0          0          0          0   __scatter.o
        26          0          0          0          0          0   __scatter_copy.o
        28          0          0          0          0          0   __scatter_zi.o
        28          0          0          0          0         68   _chval.o
         6          0          0          0          0          0   _printf_c.o
        44          0          0          0          0        108   _printf_char.o
        48          6          0          0          0         96   _printf_char_common.o
         6          0          0          0          0          0   _printf_d.o
       120         16          0          0          0         92   _printf_dec.o
       178          0          0          0          0         88   _printf_intcommon.o
        78          0          0          0          0        108   _printf_pad.o
         0          0          0          0          0          0   _printf_percent.o
         4          0          0          0          0          0   _printf_percent_end.o
         6          0          0          0          0          0   _printf_s.o
        82          0          0          0          0         80   _printf_str.o
         6          0          0          0          0          0   _printf_u.o
        16          0          0          0          0         68   _snputc.o
        10          0          0          0          0         68   _sputc.o
       158          0          0          0          0         92   _strtoul.o
        16          0          0          0          0         68   aeabi_memset.o
        26          0          0          0          0         80   atoi.o
        18          0          0          0          0         80   exit.o
         6          0          0          0          0        152   heapauxi.o
         0          0          0          0          0          0   indicate_semi.o
        44         10        272          0          0         76   lc_ctype_c.o
         2          0          0          0          0          0   libinit.o
        20          0          0          0          0          0   libinit2.o
         2          0          0          0          0          0   libshutdown.o
         2          0          0          0          0          0   libshutdown2.o
         8          4          0          0         96         68   libspace.o
        16          4          0          0          0         76   rt_ctype_table.o
         4          0          0          0          0         68   rt_errno_addr_twolibspace.o
        10          0          0          0          0         76   rt_locale_twolibspace.o
        68          0          0          0          0         68   rt_memclr.o
        78          0          0          0          0         80   rt_memclr_w.o
       138          0          0          0          0         68   rt_memcpy_v6.o
       100          0          0          0          0         80   rt_memcpy_w.o
         2          0          0          0          0          0   rtexit.o
        10          0          0          0          0          0   rtexit2.o
        20          0          0          0          0         68   strchr.o
       128          0          0          0          0         68   strcmpv7m.o
        72          0          0          0          0         80   strcpy.o
        62          0          0          0          0         76   strlen.o
       150          0          0          0          0         80   strncmp.o
        86          0          0          0          0         76   strncpy.o
        22          0          0          0          0         68   strrchr.o
       112          0          0          0          0         88   strtol.o
        12          4          0          0          0         68   sys_exit.o
        74          0          0          0          0         80   sys_stackheap_outer.o
         2          0          0          0          0         68   use_no_semi.o

    ----------------------------------------------------------------------
      7262        564        272         40        200      71402   Library Totals
        22          0          0          3          4          0   (incl. Padding)

    ----------------------------------------------------------------------

      Code (inc. data)   RO Data    RW Data    ZI Data      Debug   Library Name

      4660        506          0         37        100      68362   RTX_CM3.lib
      2580         58        272          0         96       3040   c_w.l

    ----------------------------------------------------------------------
      7262        564        272         40        200      71402   Library Totals

    ----------------------------------------------------------------------

==============================================================================


      Code (inc. data)   RO Data    RW Data    ZI Data      Debug   

     20448       1546       5448        276       6260     395580   Grand Totals
     20448       1546       5448        276       6260     395580   ELF Image Totals
     20448       1546       5448        276          0          0   ROM Totals

==============================================================================

    Total RO  Size (Code + RO Data)                25896 (  25.29kB)
    Total RW  Size (RW Data + ZI Data)              6536 (   6.38kB)
    Total ROM Size (Code + RO Data + RW Data)      26172 (  25.56kB)

==============================================================================

