Component: ARM Compiler 5.06 update 2 (build 183) Tool: armlink [4d35b7]

==============================================================================

Section Cross References

    stm32net.o(i.Init_Thread) refers to rt_cmsis.o(i.osThreadCreate) for osThreadCreate
    stm32net.o(i.Init_Thread) refers to stm32net.o(.constdata) for os_thread_def_Thread_uIP_periodic
    stm32net.o(i.Init_Thread) refers to stm32net.o(.data) for tid_Thread_uIP_periodic
    stm32net.o(i.Thread_uIP) refers to enc28j60.o(i.enc28j60_recv_packet) for enc28j60_recv_packet
    stm32net.o(i.Thread_uIP) refers to uip.o(i.uip_process) for uip_process
    stm32net.o(i.Thread_uIP) refers to uip_arp.o(i.uip_arp_out) for uip_arp_out
    stm32net.o(i.Thread_uIP) refers to enc28j60.o(i.enc28j60_send_packet) for enc28j60_send_packet
    stm32net.o(i.Thread_uIP) refers to uip_arp.o(i.uip_arp_arpin) for uip_arp_arpin
    stm32net.o(i.Thread_uIP) refers to uip.o(.bss) for uip_buf
    stm32net.o(i.Thread_uIP) refers to uip.o(.data) for uip_len
    stm32net.o(i.Thread_uIP_periodic) refers to rt_cmsis.o(i.osDelay) for osDelay
    stm32net.o(i.Thread_uIP_periodic) refers to uip.o(i.uip_process) for uip_process
    stm32net.o(i.Thread_uIP_periodic) refers to uip_arp.o(i.uip_arp_out) for uip_arp_out
    stm32net.o(i.Thread_uIP_periodic) refers to enc28j60.o(i.enc28j60_send_packet) for enc28j60_send_packet
    stm32net.o(i.Thread_uIP_periodic) refers to uip_arp.o(i.uip_arp_timer) for uip_arp_timer
    stm32net.o(i.Thread_uIP_periodic) refers to uip.o(.bss) for uip_conns
    stm32net.o(i.Thread_uIP_periodic) refers to uip.o(.data) for uip_conn
    stm32net.o(i.main) refers to enc28j60.o(i.enc28j60_init) for enc28j60_init
    stm32net.o(i.main) refers to uip.o(i.uip_init) for uip_init
    stm32net.o(i.main) refers to uip_arp.o(i.uip_arp_init) for uip_arp_init
    stm32net.o(i.main) refers to httpd.o(i.httpd_init) for httpd_init
    stm32net.o(i.main) refers to stm32net.o(i.Init_Thread) for Init_Thread
    stm32net.o(i.main) refers to rt_cmsis.o(i.osKernelRunning) for osKernelRunning
    stm32net.o(i.main) refers to rt_cmsis.o(i.osKernelStart) for osKernelStart
    stm32net.o(i.main) refers to stm32net.o(.constdata) for .constdata
    stm32net.o(i.main) refers to uip.o(.data) for uip_ethaddr
    stm32net.o(i.main) refers to stm32net.o(.data) for HostIP
    stm32net.o(.constdata) refers to stm32net.o(i.Thread_uIP_periodic) for Thread_uIP_periodic
    stm32net.o(.constdata) refers to stm32net.o(i.Thread_uIP) for Thread_uIP
    stm32f10x_gpio.o(i.GPIO_AFIODeInit) refers to stm32f10x_rcc.o(i.RCC_APB2PeriphResetCmd) for RCC_APB2PeriphResetCmd
    stm32f10x_gpio.o(i.GPIO_DeInit) refers to stm32f10x_rcc.o(i.RCC_APB2PeriphResetCmd) for RCC_APB2PeriphResetCmd
    stm32f10x_rcc.o(i.RCC_GetClocksFreq) refers to stm32f10x_rcc.o(.data) for APBAHBPrescTable
    stm32f10x_rcc.o(i.RCC_WaitForHSEStartUp) refers to stm32f10x_rcc.o(i.RCC_GetFlagStatus) for RCC_GetFlagStatus
    stm32f10x_spi.o(i.I2S_Init) refers to stm32f10x_rcc.o(i.RCC_GetClocksFreq) for RCC_GetClocksFreq
    stm32f10x_spi.o(i.SPI_I2S_DeInit) refers to stm32f10x_rcc.o(i.RCC_APB2PeriphResetCmd) for RCC_APB2PeriphResetCmd
    stm32f10x_spi.o(i.SPI_I2S_DeInit) refers to stm32f10x_rcc.o(i.RCC_APB1PeriphResetCmd) for RCC_APB1PeriphResetCmd
    enc28j60.o(i.enc28j60_bfc) refers to enc28j60.o(i.enc28j60_set_bank) for enc28j60_set_bank
    enc28j60.o(i.enc28j60_bfc) refers to enc28j60.o(i.enc28j60_write_op) for enc28j60_write_op
    enc28j60.o(i.enc28j60_bfs) refers to enc28j60.o(i.enc28j60_set_bank) for enc28j60_set_bank
    enc28j60.o(i.enc28j60_bfs) refers to enc28j60.o(i.enc28j60_write_op) for enc28j60_write_op
    enc28j60.o(i.enc28j60_init) refers to stm32f10x_rcc.o(i.RCC_APB2PeriphClockCmd) for RCC_APB2PeriphClockCmd
    enc28j60.o(i.enc28j60_init) refers to stm32f10x_rcc.o(i.RCC_APB1PeriphClockCmd) for RCC_APB1PeriphClockCmd
    enc28j60.o(i.enc28j60_init) refers to stm32f10x_gpio.o(i.GPIO_Init) for GPIO_Init
    enc28j60.o(i.enc28j60_init) refers to stm32f10x_spi.o(i.SPI_Init) for SPI_Init
    enc28j60.o(i.enc28j60_init) refers to stm32f10x_spi.o(i.SPI_Cmd) for SPI_Cmd
    enc28j60.o(i.enc28j60_init) refers to stm32f10x_gpio.o(i.GPIO_SetBits) for GPIO_SetBits
    enc28j60.o(i.enc28j60_init) refers to stm32f10x_gpio.o(i.GPIO_ResetBits) for GPIO_ResetBits
    enc28j60.o(i.enc28j60_init) refers to enc28j60.o(i.enc28j60_soft_reset) for enc28j60_soft_reset
    enc28j60.o(i.enc28j60_init) refers to enc28j60.o(i.enc28j60_wcr16) for enc28j60_wcr16
    enc28j60.o(i.enc28j60_init) refers to enc28j60.o(i.enc28j60_rcr16) for enc28j60_rcr16
    enc28j60.o(i.enc28j60_init) refers to enc28j60.o(i.enc28j60_wcr) for enc28j60_wcr
    enc28j60.o(i.enc28j60_init) refers to enc28j60.o(i.enc28j60_write_phy) for enc28j60_write_phy
    enc28j60.o(i.enc28j60_init) refers to enc28j60.o(i.enc28j60_bfs) for enc28j60_bfs
    enc28j60.o(i.enc28j60_init) refers to enc28j60.o(.data) for enc28j60_rxrdpt
[...]
    i.rt_timer_insert                        0x08002ee8   Section        0  rt_cmsis.o(i.rt_timer_insert)
    rt_timer_insert                          0x08002ee9   Thumb Code    48  rt_cmsis.o(i.rt_timer_insert)
    i.rt_tsk_create                          0x08002f1c   Section        0  rt_task.o(i.rt_tsk_create)
    i.rt_tsk_delete                          0x08002fa4   Section        0  rt_task.o(i.rt_tsk_delete)
    i.rt_tsk_prio                            0x08003120   Section        0  rt_task.o(i.rt_tsk_prio)
    i.rt_tsk_self                            0x0800319c   Section        0  rt_task.o(i.rt_tsk_self)
    i.send_data                              0x080031ac   Section        0  psock.o(i.send_data)
    send_data                                0x080031ad   Thumb Code    70  psock.o(i.send_data)
    i.send_file                              0x080031fc   Section        0  httpd.o(i.send_file)
    send_file                                0x080031fd   Thumb Code   102  httpd.o(i.send_file)
    i.send_headers                           0x08003268   Section        0  httpd.o(i.send_headers)
    send_headers                             0x08003269   Thumb Code   450  httpd.o(i.send_headers)
    i.send_part_of_file                      0x08003460   Section        0  httpd.o(i.send_part_of_file)
    send_part_of_file                        0x08003461   Thumb Code    62  httpd.o(i.send_part_of_file)
    i.set_addr                               0x080034a0   Section        0  httpd-cgi.o(i.set_addr)
    set_addr                                 0x080034a1   Thumb Code    64  httpd-cgi.o(i.set_addr)
    i.set_host_addr                          0x080034e4   Section        0  httpd-cgi.o(i.set_host_addr)
    set_host_addr                            0x080034e5   Thumb Code     6  httpd-cgi.o(i.set_host_addr)
    i.svcDelay                               0x080034ea   Section        0  rt_cmsis.o(i.svcDelay)
    i.svcKernelInitialize                    0x080034fc   Section        0  rt_cmsis.o(i.svcKernelInitialize)
    i.svcKernelRunning                       0x0800356c   Section        0  rt_cmsis.o(i.svcKernelRunning)
    i.svcKernelStart                         0x08003578   Section        0  rt_cmsis.o(i.svcKernelStart)
    i.svcMessageCreate                       0x080035c0   Section        0  rt_cmsis.o(i.svcMessageCreate)
    i.svcThreadCreate                        0x080035e4   Section        0  rt_cmsis.o(i.svcThreadCreate)
    i.svcThreadGetId                         0x08003654   Section        0  rt_cmsis.o(i.svcThreadGetId)
    i.svcThreadTerminate                     0x08003670   Section        0  rt_cmsis.o(i.svcThreadTerminate)
    i.sysTimerTick                           0x080036a8   Section        0  rt_cmsis.o(i.sysTimerTick)
    i.tcp_stats                              0x08003704   Section        0  httpd-cgi.o(i.tcp_stats)
    tcp_stats                                0x08003705   Thumb Code   108  httpd-cgi.o(i.tcp_stats)
    i.uip_add32                              0x08003778   Section        0  uip.o(i.uip_add32)
    i.uip_add_rcv_nxt                        0x080037e8   Section        0  uip.o(i.uip_add_rcv_nxt)
    uip_add_rcv_nxt                          0x080037e9   Thumb Code    58  uip.o(i.uip_add_rcv_nxt)
    i.uip_arp_arpin                          0x0800382c   Section        0  uip_arp.o(i.uip_arp_arpin)
    i.uip_arp_init                           0x08003914   Section        0  uip_arp.o(i.uip_arp_init)
    i.uip_arp_out                            0x0800394c   Section        0  uip_arp.o(i.uip_arp_out)
    i.uip_arp_timer                          0x08003aec   Section        0  uip_arp.o(i.uip_arp_timer)
    i.uip_arp_update                         0x08003b44   Section        0  uip_arp.o(i.uip_arp_update)
    uip_arp_update                           0x08003b45   Thumb Code   272  uip_arp.o(i.uip_arp_update)
    i.uip_init                               0x08003c68   Section        0  uip.o(i.uip_init)
    i.uip_ipchksum                           0x08003cd4   Section        0  uip.o(i.uip_ipchksum)
    i.uip_listen                             0x08003cf8   Section        0  uip.o(i.uip_listen)
    i.uip_process                            0x08003d38   Section        0  uip.o(i.uip_process)
    i.uip_send                               0x08004b98   Section        0  uip.o(i.uip_send)
    i.uip_tcpchksum                          0x08004bc8   Section        0  uip.o(i.uip_tcpchksum)
    i.upper_layer_chksum                     0x08004bd4   Section        0  uip.o(i.upper_layer_chksum)
    upper_layer_chksum                       0x08004bd5   Thumb Code    66  uip.o(i.upper_layer_chksum)
    .constdata                               0x08004c1c   Section       38  stm32net.o(.constdata)
    .constdata                               0x08004c42   Section        8  uip.o(.constdata)
    all_ones_addr                            0x08004c42   Data           4  uip.o(.constdata)
    all_zeroes_addr                          0x08004c46   Data           4  uip.o(.constdata)
    .constdata                               0x08004c4a   Section       10  uip_arp.o(.constdata)
    broadcast_ethaddr                        0x08004c4a   Data           6  uip_arp.o(.constdata)
    broadcast_ipaddr                         0x08004c50   Data           4  uip_arp.o(.constdata)
    .constdata                               0x08004c54   Section      142  httpd-cgi.o(.constdata)
    file                                     0x08004c54   Data           8  httpd-cgi.o(.constdata)
    tcp                                      0x08004c5c   Data           8  httpd-cgi.o(.constdata)
    net                                      0x08004c64   Data           8  httpd-cgi.o(.constdata)
    getaddr                                  0x08004c6c   Data           8  httpd-cgi.o(.constdata)
    setaddr                                  0x08004c74   Data           8  httpd-cgi.o(.constdata)
    mask                                     0x08004c7c   Data           8  httpd-cgi.o(.constdata)
    gate                                     0x08004c84   Data           8  httpd-cgi.o(.constdata)
    closed                                   0x08004c8c   Data           7  httpd-cgi.o(.constdata)
    syn_rcvd                                 0x08004c93   Data           9  httpd-cgi.o(.constdata)
    syn_sent                                 0x08004c9c   Data           9  httpd-cgi.o(.constdata)
    established                              0x08004ca5   Data          12  httpd-cgi.o(.constdata)
    fin_wait_1                               0x08004cb1   Data          11  httpd-cgi.o(.constdata)
    fin_wait_2                               0x08004cbc   Data          11  httpd-cgi.o(.constdata)
    closing                                  0x08004cc7   Data           8  httpd-cgi.o(.constdata)
    time_wait                                0x08004ccf   Data          10  httpd-cgi.o(.constdata)
    last_ack                                 0x08004cd9   Data           9  httpd-cgi.o(.constdata)
    .constdata                               0x08004ce4   Section     6684  httpd-fs.o(.constdata)
    data_processes_shtml                     0x08004ce4   Data         226  httpd-fs.o(.constdata)
    data_404_html                            0x08004dc6   Data         171  httpd-fs.o(.constdata)
    data_files_shtml                         0x08004e71   Data        1267  httpd-fs.o(.constdata)
    data_footer_html                         0x08005364   Data          31  httpd-fs.o(.constdata)
    data_header_html                         0x08005383   Data         728  httpd-fs.o(.constdata)
    data_index_html                          0x0800565b   Data         981  httpd-fs.o(.constdata)
    data_style_css                           0x08005a30   Data        1119  httpd-fs.o(.constdata)
    data_tcp_shtml                           0x08005e8f   Data         222  httpd-fs.o(.constdata)
    data_fade_png                            0x08005f6d   Data         207  httpd-fs.o(.constdata)
    data_stats_shtml                         0x0800603c   Data         835  httpd-fs.o(.constdata)
    data_settings_shtml                      0x0800637f   Data         676  httpd-fs.o(.constdata)
    .constdata                               0x08006700   Section      636  http-strings.o(.constdata)
    .constdata                               0x0800697c   Section       70  rtx_conf_cm.o(.constdata)
    __tagsym$$used                           0x08006998   Number         0  rtx_conf_cm.o(.constdata)
    __tagsym$$used                           0x0800699c   Number         0  rtx_conf_cm.o(.constdata)
    __tagsym$$used                           0x080069a0   Number         0  rtx_conf_cm.o(.constdata)
    __tagsym$$used                           0x080069a4   Number         0  rtx_conf_cm.o(.constdata)
    .conststring                             0x080069c4   Section      182  httpd-cgi.o(.conststring)
    .data                                    0x20000000   Section       12  stm32net.o(.data)
    .data                                    0x2000000c   Section        4  enc28j60.o(.data)
    .data                                    0x20000010   Section       60  uip.o(.data)
    ipid                                     0x2000003c   Data           2  uip.o(.data)
    iss                                      0x2000003e   Data           4  uip.o(.data)
    lastport                                 0x20000042   Data           2  uip.o(.data)
    c                                        0x20000048   Data           1  uip.o(.data)
    opt                                      0x20000049   Data           1  uip.o(.data)
    tmp16                                    0x2000004a   Data           2  uip.o(.data)
    .data                                    0x2000004c   Section        8  uip_arp.o(.data)
    ipaddr                                   0x2000004c   Data           4  uip_arp.o(.data)
    i                                        0x20000050   Data           1  uip_arp.o(.data)
    c                                        0x20000051   Data           1  uip_arp.o(.data)
    arptime                                  0x20000052   Data           1  uip_arp.o(.data)
    tmpage                                   0x20000053   Data           1  uip_arp.o(.data)
    .data                                    0x20000054   Section       68  httpd-cgi.o(.data)
    calls                                    0x20000054   Data          32  httpd-cgi.o(.data)
    states                                   0x20000074   Data          36  httpd-cgi.o(.data)
    .data                                    0x20000098   Section       36  http-strings.o(.data)
    .data                                    0x200000bc   Section       36  rtx_conf_cm.o(.data)
    nr_mutex                                 0x200000cc   Data           4  rtx_conf_cm.o(.data)
    .data                                    0x200000e0   Section        8  rt_cmsis.o(.data)
    .data                                    0x200000e8   Section        8  rt_task.o(.data)
    .data                                    0x200000f0   Section        8  rt_system.o(.data)
    os_lock                                  0x200000f0   Data           1  rt_system.o(.data)
    os_psh_flag                              0x200000f1   Data           1  rt_system.o(.data)
    pend_flags                               0x200000f2   Data           1  rt_system.o(.data)
    .data                                    0x200000f8   Section        4  rt_time.o(.data)
    .data                                    0x200000fc   Section        8  rt_robin.o(.data)
    .data                                    0x20000104   Section        1  hal_cm.o(.data)
    .bss                                     0x20000108   Section     3424  uip.o(.bss)
    .bss                                     0x20000e68   Section       96  uip_arp.o(.bss)
    arp_table                                0x20000e68   Data          96  uip_arp.o(.bss)
    .bss                                     0x20000ec8   Section       22  httpd-fs.o(.bss)
    count                                    0x20000ec8   Data          22  httpd-fs.o(.bss)
    .bss                                     0x20000ee0   Section     2152  rtx_conf_cm.o(.bss)
    std_libspace                             0x200015a8   Data         288  rtx_conf_cm.o(.bss)
    std_libmutex                             0x200016c8   Data         128  rtx_conf_cm.o(.bss)
    .bss                                     0x20001748   Section       52  rt_task.o(.bss)
    .bss                                     0x2000177c   Section       48  rt_list.o(.bss)
    .bss                                     0x200017ac   Section       96  libspace.o(.bss)
    HEAP                                     0x20001810   Section      256  startup_stm32f10x_md_vl.o(HEAP)
    Heap_Mem                                 0x20001810   Data         256  startup_stm32f10x_md_vl.o(HEAP)
    STACK                                    0x20001910   Section      512  startup_stm32f10x_md_vl.o(STACK)
    Stack_Mem                                0x20001910   Data         512  startup_stm32f10x_md_vl.o(STACK)
    __initial_sp                             0x20001b10   Data           0  startup_stm32f10x_md_vl.o(STACK)

    Global Symbols

    Symbol Name                              Value     Ov Type        Size  Object(Section)

    BuildAttributes$$THM_ISAv4$P$D$K$B$S$PE$A:L22UL41UL21$X:L11$S22US41US21$IEEE1$IW$USESV6$~STKCKD$USESV7$~SHL$OTIME$ROPI$EBA8$UX$STANDARDLIB$REQ8$PRES8$EABIv2 0x00000000   Number         0  anon$$obj.o ABSOLUTE
    __ARM_use_no_argv                        0x00000000   Number         0  stm32net.o ABSOLUTE
    _printf_flags                            0x00000000   Number         0  printf_stubs.o ABSOLUTE
    _printf_return_value                     0x00000000   Number         0  printf_stubs.o ABSOLUTE
    _printf_sizespec                         0x00000000   Number         0  printf_stubs.o ABSOLUTE
    _printf_widthprec                        0x00000000   Number         0  printf_stubs.o ABSOLUTE
    __ARM_exceptions_init                     - Undefined Weak Reference
    __alloca_initialize                       - Undefined Weak Reference
    __arm_preinit_                            - Undefined Weak Reference
    __cpp_initialize__aeabi_                  - Undefined Weak Reference
    __cxa_finalize                            - Undefined Weak Reference
    __rt_locale                               - Undefined Weak Reference
    __sigvec_lookup                           - Undefined Weak Reference
    __user_heap_extent                        - Undefined Weak Reference
    _atexit_init                              - Undefined Weak Reference
    _call_atexit_fns                          - Undefined Weak Reference
    _clock_init                               - Undefined Weak Reference
    _fp_trap_init                             - Undefined Weak Reference
    _fp_trap_shutdown                         - Undefined Weak Reference
    _get_lc_collate                           - Undefined Weak Reference
    _get_lc_ctype                             - Undefined Weak Reference
    _get_lc_monetary                          - Undefined Weak Reference
    _get_lc_numeric                           - Undefined Weak Reference
    _get_lc_time                              - Undefined Weak Reference
    _getenv_init                              - Undefined Weak Reference
    _handle_redirection                       - Undefined Weak Reference
    _mutex_free                               - Undefined Weak Reference
    _printf_mbtowc                            - Undefined Weak Reference
    _printf_truncate_signed                   - Undefined Weak Reference
    _printf_truncate_unsigned                 - Undefined Weak Reference
    _rand_init                                - Undefined Weak Reference
    _signal_finish                            - Undefined Weak Reference
    _signal_init                              - Undefined Weak Reference
    __Vectors_Size                           0x00000120   Number         0  startup_stm32f10x_md_vl.o ABSOLUTE
    __RL_RTX_VER                             0x00000480   Number         0  rt_system.o ABSOLUTE
    __Vectors                                0x08000000   Data           4  startup_stm32f10x_md_vl.o(RESET)
    __Vectors_End                            0x08000120   Data           0  startup_stm32f10x_md_vl.o(RESET)
    __main                                   0x08000121   Thumb Code     8  __main.o(!!!main)
    __scatterload                            0x08000129   Thumb Code     0  __scatter.o(!!!scatter)
    __scatterload_rt2                        0x08000129   Thumb Code    44  __scatter.o(!!!scatter)
    __scatterload_rt2_thumb_only             0x08000129   Thumb Code     0  __scatter.o(!!!scatter)
    __scatterload_null                       0x08000137   Thumb Code     0  __scatter.o(!!!scatter)
    __scatterload_copy                       0x0800015d   Thumb Code    26  __scatter_copy.o(!!handler_copy)
    __scatterload_zeroinit                   0x08000179   Thumb Code    28  __scatter_zi.o(!!handler_zi)
    _printf_d                                0x08000195   Thumb Code     0  _printf_d.o(.ARM.Collect$$_printf_percent$$00000009)
    _printf_percent                          0x08000195   Thumb Code     0  _printf_percent.o(.ARM.Collect$$_printf_percent$$00000000)
    _printf_u                                0x0800019b   Thumb Code     0  _printf_u.o(.ARM.Collect$$_printf_percent$$0000000A)
    _printf_c                                0x080001a1   Thumb Code     0  _printf_c.o(.ARM.Collect$$_printf_percent$$00000013)
    _printf_s                                0x080001a7   Thumb Code     0  _printf_s.o(.ARM.Collect$$_printf_percent$$00000014)
    _printf_percent_end                      0x080001ad   Thumb Code     0  _printf_percent_end.o(.ARM.Collect$$_printf_percent$$00000017)
    __rt_lib_init                            0x080001b1   Thumb Code     0  libinit.o(.ARM.Collect$$libinit$$00000000)
    __rt_lib_init_alloca_1                   0x080001b3   Thumb Code     0  libinit2.o(.ARM.Collect$$libinit$$0000002E)
    __rt_lib_init_argv_1                     0x080001b3   Thumb Code     0  libinit2.o(.ARM.Collect$$libinit$$0000002C)
    __rt_lib_init_atexit_1                   0x080001b3   Thumb Code     0  libinit2.o(.ARM.Collect$$libinit$$0000001B)
    __rt_lib_init_clock_1                    0x080001b3   Thumb Code     0  libinit2.o(.ARM.Collect$$libinit$$00000021)
    __rt_lib_init_cpp_1                      0x080001b3   Thumb Code     0  libinit2.o(.ARM.Collect$$libinit$$00000032)
    __rt_lib_init_exceptions_1               0x080001b3   Thumb Code     0  libinit2.o(.ARM.Collect$$libinit$$00000030)
    __rt_lib_init_fp_1                       0x080001b3   Thumb Code     0  libinit2.o(.ARM.Collect$$libinit$$00000002)
    __rt_lib_init_fp_trap_1                  0x080001b3   Thumb Code     0  libinit2.o(.ARM.Collect$$libinit$$0000001F)
    __rt_lib_init_getenv_1                   0x080001b3   Thumb Code     0  libinit2.o(.ARM.Collect$$libinit$$00000023)
    __rt_lib_init_heap_1                     0x080001b3   Thumb Code     0  libinit2.o(.ARM.Collect$$libinit$$0000000A)
    __rt_lib_init_lc_collate_1               0x080001b3   Thumb Code     0  libinit2.o(.ARM.Collect$$libinit$$00000011)
    __rt_lib_init_lc_ctype_1                 0x080001b3   Thumb Code     0  libinit2.o(.ARM.Collect$$libinit$$00000013)
    __rt_lib_init_lc_monetary_1              0x080001b3   Thumb Code     0  libinit2.o(.ARM.Collect$$libinit$$00000015)
    __rt_lib_init_lc_numeric_1               0x080001b3   Thumb Code     0  libinit2.o(.ARM.Collect$$libinit$$00000017)
    __rt_lib_init_lc_time_1                  0x080001b3   Thumb Code     0  libinit2.o(.ARM.Collect$$libinit$$00000019)
    __rt_lib_init_preinit_1                  0x080001b3   Thumb Code     0  libinit2.o(.ARM.Collect$$libinit$$00000004)
    __rt_lib_init_rand_1                     0x080001b3   Thumb Code     0  libinit2.o(.ARM.Collect$$libinit$$0000000E)
    __rt_lib_init_return                     0x080001b3   Thumb Code     0  libinit2.o(.ARM.Collect$$libinit$$00000033)
    __rt_lib_init_signal_1                   0x080001b3   Thumb Code     0  libinit2.o(.ARM.Collect$$libinit$$0000001D)
    __rt_lib_init_stdio_1                    0x080001b3   Thumb Code     0  libinit2.o(.ARM.Collect$$libinit$$00000025)
    __rt_lib_init_user_alloc_1               0x080001b3   Thumb Code     0  libinit2.o(.ARM.Collect$$libinit$$0000000C)
    __rt_lib_shutdown                        0x080001b5   Thumb Code     0  libshutdown.o(.ARM.Collect$$libshutdown$$00000000)
    __rt_lib_shutdown_cpp_1                  0x080001b7   Thumb Code     0  libshutdown2.o(.ARM.Collect$$libshutdown$$00000002)
    __rt_lib_shutdown_fp_trap_1              0x080001b7   Thumb Code     0  libshutdown2.o(.ARM.Collect$$libshutdown$$00000007)
    __rt_lib_shutdown_heap_1                 0x080001b7   Thumb Code     0  libshutdown2.o(.ARM.Collect$$libshutdown$$0000000F)
    __rt_lib_shutdown_return                 0x080001b7   Thumb Code     0  libshutdown2.o(.ARM.Collect$$libshutdown$$00000010)
    __rt_lib_shutdown_signal_1               0x080001b7   Thumb Code     0  libshutdown2.o(.ARM.Collect$$libshutdown$$0000000A)
    __rt_lib_shutdown_stdio_1                0x080001b7   Thumb Code     0  libshutdown2.o(.ARM.Collect$$libshutdown$$00000004)
    __rt_lib_shutdown_user_alloc_1           0x080001b7   Thumb Code     0  libshutdown2.o(.ARM.Collect$$libshutdown$$0000000C)
    __rt_entry                               0x080001b9   Thumb Code     0  __rtentry.o(.ARM.Collect$$rtentry$$00000000)
    __rt_entry_presh_1                       0x080001b9   Thumb Code     0  __rtentry2.o(.ARM.Collect$$rtentry$$00000002)
    __rt_entry_sh                            0x080001b9   Thumb Code     0  __rtentry4.o(.ARM.Collect$$rtentry$$00000004)
    __rt_entry_li                            0x080001bf   Thumb Code     0  __rtentry2.o(.ARM.Collect$$rtentry$$0000000A)
    __rt_entry_postsh_1                      0x080001bf   Thumb Code     0  __rtentry2.o(.ARM.Collect$$rtentry$$00000009)
    __rt_entry_postli_1                      0x080001c3   Thumb Code     0  __rtentry2.o(.ARM.Collect$$rtentry$$0000000B)
    __rt_entry_main                          0x080001cb   Thumb Code     0  __rtentry2.o(.ARM.Collect$$rtentry$$0000000D)
    __rt_exit                                0x080001d3   Thumb Code     0  rtexit.o(.ARM.Collect$$rtexit$$00000000)
    __rt_exit_ls                             0x080001d5   Thumb Code     0  rtexit2.o(.ARM.Collect$$rtexit$$00000003)
    __rt_exit_prels_1                        0x080001d5   Thumb Code     0  rtexit2.o(.ARM.Collect$$rtexit$$00000002)
    __rt_exit_exit                           0x080001d9   Thumb Code     0  rtexit2.o(.ARM.Collect$$rtexit$$00000004)
    _platform_post_lib_init                  0x080001e1   Thumb Code    24  rtx_conf_cm.o(.emb_text)
    rt_set_PSP                               0x080001fd   Thumb Code     6  hal_cm3.o(.emb_text)
    rt_get_PSP                               0x08000203   Thumb Code     6  hal_cm3.o(.emb_text)
    os_set_env                               0x08000209   Thumb Code    24  hal_cm3.o(.emb_text)
    _alloc_box                               0x08000225   Thumb Code    28  hal_cm3.o(.emb_text)
    _free_box                                0x08000245   Thumb Code    28  hal_cm3.o(.emb_text)
    SVC_Handler                              0x08000265   Thumb Code   108  hal_cm3.o(.emb_text)
    PendSV_Handler                           0x080002dd   Thumb Code    56  hal_cm3.o(.emb_text)
    SysTick_Handler                          0x08000319   Thumb Code     8  hal_cm3.o(.emb_text)
    OS_Tick_Handler                          0x08000321   Thumb Code    12  hal_cm3.o(.emb_text)
    Reset_Handler                            0x0800032d   Thumb Code     8  startup_stm32f10x_md_vl.o(.text)
    NMI_Handler                              0x08000335   Thumb Code     2  startup_stm32f10x_md_vl.o(.text)
    HardFault_Handler                        0x08000337   Thumb Code     2  startup_stm32f10x_md_vl.o(.text)
    MemManage_Handler                        0x08000339   Thumb Code     2  startup_stm32f10x_md_vl.o(.text)
    BusFault_Handler                         0x0800033b   Thumb Code     2  startup_stm32f10x_md_vl.o(.text)
    UsageFault_Handler                       0x0800033d   Thumb Code     2  startup_stm32f10x_md_vl.o(.text)
    DebugMon_Handler                         0x08000341   Thumb Code     2  startup_stm32f10x_md_vl.o(.text)
    ADC1_IRQHandler                          0x08000347   Thumb Code     0  startup_stm32f10x_md_vl.o(.text)
    CEC_IRQHandler                           0x08000347   Thumb Code     0  startup_stm32f10x_md_vl.o(.text)
    DMA1_Channel1_IRQHandler                 0x08000347   Thumb Code     0  startup_stm32f10x_md_vl.o(.text)
    DMA1_Channel2_IRQHandler                 0x08000347   Thumb Code     0  startup_stm32f10x_md_vl.o(.text)
    DMA1_Channel3_IRQHandler                 0x08000347   Thumb Code     0  startup_stm32f10x_md_vl.o(.text)
    DMA1_Channel4_IRQHandler                 0x08000347   Thumb Code     0  startup_stm32f10x_md_vl.o(.text)
    DMA1_Channel5_IRQHandler                 0x08000347   Thumb Code     0  startup_stm32f10x_md_vl.o(.text)
    DMA1_Channel6_IRQHandler                 0x08000347   Thumb Code     0  startup_stm32f10x_md_vl.o(.text)
    DMA1_Channel7_IRQHandler                 0x08000347   Thumb Code     0  startup_stm32f10x_md_vl.o(.text)
    EXTI0_IRQHandler                         0x08000347   Thumb Code     0  startup_stm32f10x_md_vl.o(.text)
    EXTI15_10_IRQHandler                     0x08000347   Thumb Code     0  startup_stm32f10x_md_vl.o(.text)
    EXTI1_IRQHandler                         0x08000347   Thumb Code     0  startup_stm32f10x_md_vl.o(.text)
    EXTI2_IRQHandler                         0x08000347   Thumb Code     0  startup_stm32f10x_md_vl.o(.text)
    EXTI3_IRQHandler                         0x08000347   Thumb Code     0  startup_stm32f10x_md_vl.o(.text)
    EXTI4_IRQHandler                         0x08000347   Thumb Code     0  startup_stm32f10x_md_vl.o(.text)
    EXTI9_5_IRQHandler                       0x08000347   Thumb Code     0  startup_stm32f10x_md_vl.o(.text)
    FLASH_IRQHandler                         0x08000347   Thumb Code     0  startup_stm32f10x_md_vl.o(.text)
    I2C1_ER_IRQHandler                       0x08000347   Thumb Code     0  startup_stm32f10x_md_vl.o(.text)
    I2C1_EV_IRQHandler                       0x08000347   Thumb Code     0  startup_stm32f10x_md_vl.o(.text)
    I2C2_ER_IRQHandler                       0x08000347   Thumb Code     0  startup_stm32f10x_md_vl.o(.text)
    I2C2_EV_IRQHandler                       0x08000347   Thumb Code     0  startup_stm32f10x_md_vl.o(.text)
    PVD_IRQHandler                           0x08000347   Thumb Code     0  startup_stm32f10x_md_vl.o(.text)
    RCC_IRQHandler                           0x08000347   Thumb Code     0  startup_stm32f10x_md_vl.o(.text)
    RTCAlarm_IRQHandler                      0x08000347   Thumb Code     0  startup_stm32f10x_md_vl.o(.text)
    RTC_IRQHandler                           0x08000347   Thumb Code     0  startup_stm32f10x_md_vl.o(.text)
    SPI1_IRQHandler                          0x08000347   Thumb Code     0  startup_stm32f10x_md_vl.o(.text)
    SPI2_IRQHandler                          0x08000347   Thumb Code     0  startup_stm32f10x_md_vl.o(.text)
    TAMPER_IRQHandler                        0x08000347   Thumb Code     0  startup_stm32f10x_md_vl.o(.text)
    TIM1_BRK_TIM15_IRQHandler                0x08000347   Thumb Code     0  startup_stm32f10x_md_vl.o(.text)
    TIM1_CC_IRQHandler                       0x08000347   Thumb Code     0  startup_stm32f10x_md_vl.o(.text)
    TIM1_TRG_COM_TIM17_IRQHandler            0x08000347   Thumb Code     0  startup_stm32f10x_md_vl.o(.text)
    TIM1_UP_TIM16_IRQHandler                 0x08000347   Thumb Code     0  startup_stm32f10x_md_vl.o(.text)
    TIM2_IRQHandler                          0x08000347   Thumb Code     0  startup_stm32f10x_md_vl.o(.text)
    TIM3_IRQHandler                          0x08000347   Thumb Code     0  startup_stm32f10x_md_vl.o(.text)
    TIM4_IRQHandler                          0x08000347   Thumb Code     0  startup_stm32f10x_md_vl.o(.text)
    TIM6_DAC_IRQHandler                      0x08000347   Thumb Code     0  startup_stm32f10x_md_vl.o(.text)
    TIM7_IRQHandler                          0x08000347   Thumb Code     0  startup_stm32f10x_md_vl.o(.text)
    USART1_IRQHandler                        0x08000347   Thumb Code     0  startup_stm32f10x_md_vl.o(.text)
    USART2_IRQHandler                        0x08000347   Thumb Code     0  startup_stm32f10x_md_vl.o(.text)
    USART3_IRQHandler                        0x08000347   Thumb Code     0  startup_stm32f10x_md_vl.o(.text)
    WWDG_IRQHandler                          0x08000347   Thumb Code     0  startup_stm32f10x_md_vl.o(.text)
    __user_initial_stackheap                 0x08000349   Thumb Code     0  startup_stm32f10x_md_vl.o(.text)
    __user_libspace                          0x0800036d   Thumb Code     8  libspace.o(.text)
    __user_perproc_libspace                  0x0800036d   Thumb Code     0  libspace.o(.text)
    __2snprintf                              0x08000375   Thumb Code    50  __2snprintf.o(.text)
    _printf_pre_padding                      0x080003ad   Thumb Code    44  _printf_pad.o(.text)
    _printf_post_padding                     0x080003d9   Thumb Code    34  _printf_pad.o(.text)
    _printf_str                              0x080003fb   Thumb Code    82  _printf_str.o(.text)
    _printf_int_dec                          0x0800044d   Thumb Code   104  _printf_dec.o(.text)
    __printf                                 0x080004c5   Thumb Code   270  __printf_wp.o(.text)
    exit                                     0x080005d3   Thumb Code    18  exit.o(.text)
    strchr                                   0x080005e5   Thumb Code    20  strchr.o(.text)
    strcpy                                   0x080005f9   Thumb Code    72  strcpy.o(.text)
    strrchr                                  0x08000641   Thumb Code    22  strrchr.o(.text)
    strlen                                   0x08000657   Thumb Code    62  strlen.o(.text)
    strncmp                                  0x08000695   Thumb Code   150  strncmp.o(.text)
    __aeabi_memcpy                           0x0800072b   Thumb Code     0  rt_memcpy_v6.o(.text)
    __rt_memcpy                              0x0800072b   Thumb Code   138  rt_memcpy_v6.o(.text)
    _memcpy_lastbytes                        0x08000791   Thumb Code     0  rt_memcpy_v6.o(.text)
    __aeabi_memset                           0x080007b5   Thumb Code    16  aeabi_memset.o(.text)
    strncpy                                  0x080007c5   Thumb Code    86  strncpy.o(.text)
    __use_two_region_memory                  0x0800081b   Thumb Code     2  heapauxi.o(.text)
    __rt_heap_escrow                         0x0800081d   Thumb Code     2  heapauxi.o(.text)
    __rt_heap_expand                         0x0800081f   Thumb Code     2  heapauxi.o(.text)
    _printf_int_common                       0x08000821   Thumb Code   178  _printf_intcommon.o(.text)
    _printf_char_common                      0x080008df   Thumb Code    32  _printf_char_common.o(.text)
    _sputc                                   0x08000905   Thumb Code    10  _sputc.o(.text)
    _snputc                                  0x0800090f   Thumb Code    16  _snputc.o(.text)
    _printf_cs_common                        0x0800091f   Thumb Code    20  _printf_char.o(.text)
    _printf_char                             0x08000933   Thumb Code    16  _printf_char.o(.text)
    _printf_string                           0x08000943   Thumb Code     8  _printf_char.o(.text)
    __aeabi_memcpy4                          0x0800094b   Thumb Code     0  rt_memcpy_w.o(.text)
    __aeabi_memcpy8                          0x0800094b   Thumb Code     0  rt_memcpy_w.o(.text)
    __rt_memcpy_w                            0x0800094b   Thumb Code   100  rt_memcpy_w.o(.text)
    _memcpy_lastbytes_aligned                0x08000993   Thumb Code     0  rt_memcpy_w.o(.text)
    __aeabi_memclr                           0x080009af   Thumb Code     0  rt_memclr.o(.text)
    __rt_memclr                              0x080009af   Thumb Code    68  rt_memclr.o(.text)
    _memset                                  0x080009b3   Thumb Code     0  rt_memclr.o(.text)
    __aeabi_memclr4                          0x080009f3   Thumb Code     0  rt_memclr_w.o(.text)
    __aeabi_memclr8                          0x080009f3   Thumb Code     0  rt_memclr_w.o(.text)
    __rt_memclr_w                            0x080009f3   Thumb Code    78  rt_memclr_w.o(.text)
    _memset_w                                0x080009f7   Thumb Code     0  rt_memclr_w.o(.text)
    _sys_exit                                0x08000a41   Thumb Code     8  sys_exit.o(.text)
    __user_setup_stackheap                   0x08000a4d   Thumb Code    74  sys_stackheap_outer.o(.text)
    __I$use$semihosting                      0x08000a97   Thumb Code     0  use_no_semi.o(.text)
    __use_no_semihosting_swi                 0x08000a97   Thumb Code     2  use_no_semi.o(.text)
    SVC_Count                                0x08000a98   Data           4  svc_table.o(SVC_TABLE)
    __semihosting_library_function           0x08000a99   Thumb Code     0  indicate_semi.o(.text)
    GPIO_Init                                0x08000a9d   Thumb Code   278  stm32f10x_gpio.o(i.GPIO_Init)
    SVC_Table                                0x08000a9c   Data           0  svc_table.o(SVC_TABLE)
    GPIO_ResetBits                           0x08000bb3   Thumb Code     4  stm32f10x_gpio.o(i.GPIO_ResetBits)
    GPIO_SetBits                             0x08000bb7   Thumb Code     4  stm32f10x_gpio.o(i.GPIO_SetBits)
    Init_Thread                              0x08000bbd   Thumb Code    54  stm32net.o(i.Init_Thread)
    RCC_APB1PeriphClockCmd                   0x08000c05   Thumb Code    26  stm32f10x_rcc.o(i.RCC_APB1PeriphClockCmd)
    RCC_APB2PeriphClockCmd                   0x08000c25   Thumb Code    26  stm32f10x_rcc.o(i.RCC_APB2PeriphClockCmd)
    SPI_Cmd                                  0x08000c45   Thumb Code    24  stm32f10x_spi.o(i.SPI_Cmd)
    SPI_I2S_GetFlagStatus                    0x08000c5d   Thumb Code    18  stm32f10x_spi.o(i.SPI_I2S_GetFlagStatus)
    SPI_I2S_ReceiveData                      0x08000c6f   Thumb Code     6  stm32f10x_spi.o(i.SPI_I2S_ReceiveData)
    SPI_I2S_SendData                         0x08000c75   Thumb Code     4  stm32f10x_spi.o(i.SPI_I2S_SendData)
    SPI_Init                                 0x08000c79   Thumb Code    60  stm32f10x_spi.o(i.SPI_Init)
    SystemInit                               0x08000d75   Thumb Code    82  system_stm32f10x.o(i.SystemInit)
    Thread_uIP                               0x08000dd9   Thumb Code   110  stm32net.o(i.Thread_uIP)
    Thread_uIP_periodic                      0x08000e51   Thumb Code    82  stm32net.o(i.Thread_uIP_periodic)
    _init_box                                0x08000eb5   Thumb Code    70  rt_membox.o(i._init_box)
    _is_digit                                0x08000efb   Thumb Code    14  __printf_wp.o(i._is_digit)
    _mutex_acquire                           0x08000f09   Thumb Code    22  rtx_conf_cm.o(i._mutex_acquire)
    _mutex_release                           0x08000f29   Thumb Code    18  rtx_conf_cm.o(i._mutex_release)
    dbg_init                                 0x08001055   Thumb Code    34  hal_cm.o(i.dbg_init)
    dbg_task_notify                          0x08001085   Thumb Code    32  hal_cm.o(i.dbg_task_notify)
    dbg_task_switch                          0x080010a5   Thumb Code    16  hal_cm.o(i.dbg_task_switch)
    enc28j60_bfc                             0x080010b5   Thumb Code    24  enc28j60.o(i.enc28j60_bfc)
    enc28j60_bfs                             0x080010cd   Thumb Code    24  enc28j60.o(i.enc28j60_bfs)
    enc28j60_init                            0x080010e5   Thumb Code   436  enc28j60.o(i.enc28j60_init)
    enc28j60_rcr                             0x080012a9   Thumb Code    20  enc28j60.o(i.enc28j60_rcr)
    enc28j60_rcr16                           0x080012bd   Thumb Code    36  enc28j60.o(i.enc28j60_rcr16)
    enc28j60_read_buffer                     0x080012e1   Thumb Code    56  enc28j60.o(i.enc28j60_read_buffer)
    enc28j60_read_op                         0x0800131d   Thumb Code    62  enc28j60.o(i.enc28j60_read_op)
    enc28j60_recv_packet                     0x08001361   Thumb Code   116  enc28j60.o(i.enc28j60_recv_packet)
    enc28j60_rxtx                            0x080013d9   Thumb Code    58  enc28j60.o(i.enc28j60_rxtx)
    enc28j60_send_packet                     0x08001419   Thumb Code   108  enc28j60.o(i.enc28j60_send_packet)
    enc28j60_set_bank                        0x08001489   Thumb Code    50  enc28j60.o(i.enc28j60_set_bank)
    enc28j60_soft_reset                      0x080014c1   Thumb Code    56  enc28j60.o(i.enc28j60_soft_reset)
    enc28j60_wcr                             0x08001501   Thumb Code    24  enc28j60.o(i.enc28j60_wcr)
    enc28j60_wcr16                           0x08001519   Thumb Code    36  enc28j60.o(i.enc28j60_wcr16)
    enc28j60_write_buffer                    0x0800153d   Thumb Code    54  enc28j60.o(i.enc28j60_write_buffer)
    enc28j60_write_op                        0x08001579   Thumb Code    48  enc28j60.o(i.enc28j60_write_op)
    enc28j60_write_phy                       0x080015ad   Thumb Code    40  enc28j60.o(i.enc28j60_write_phy)
    htons                                    0x08001d85   Thumb Code    12  uip.o(i.htons)
    httpd_appcall                            0x08001d91   Thumb Code   166  httpd.o(i.httpd_appcall)
    httpd_cgi                                0x08001e41   Thumb Code    50  httpd-cgi.o(i.httpd_cgi)
    httpd_fs_count                           0x08001e7d   Thumb Code    42  httpd-fs.o(i.httpd_fs_count)
    httpd_fs_open                            0x08001eb1   Thumb Code    66  httpd-fs.o(i.httpd_fs_open)
    httpd_init                               0x08001f2d   Thumb Code    12  httpd.o(i.httpd_init)
    isrMessagePut                            0x08001f39   Thumb Code    44  rt_cmsis.o(i.isrMessagePut)
    isr_mbx_send                             0x08001f65   Thumb Code    14  rt_mailbox.o(i.isr_mbx_send)
    main                                     0x08001f75   Thumb Code   256  stm32net.o(i.main)
    osDelay                                  0x0800216d   Thumb Code    18  rt_cmsis.o(i.osDelay)
    osKernelInitialize                       0x08002185   Thumb Code    30  rt_cmsis.o(i.osKernelInitialize)
    osKernelRunning                          0x080021a9   Thumb Code    28  rt_cmsis.o(i.osKernelRunning)
    osKernelStart                            0x080021cd   Thumb Code    98  rt_cmsis.o(i.osKernelStart)
    osThreadCreate                           0x08002239   Thumb Code    38  rt_cmsis.o(i.osThreadCreate)
    osThreadExit                             0x08002269   Thumb Code    14  rt_cmsis.o(i.osThreadExit)
    os_error                                 0x08002281   Thumb Code    34  rtx_conf_cm.o(i.os_error)
    os_idle_demon                            0x080022a3   Thumb Code     4  rtx_conf_cm.o(i.os_idle_demon)
    os_tick_init                             0x080022a9   Thumb Code    32  rt_system.o(i.os_tick_init)
    os_tick_irqack                           0x080022d1   Thumb Code     2  rt_system.o(i.os_tick_irqack)
    psock_datalen                            0x080022d3   Thumb Code    12  psock.o(i.psock_datalen)
    psock_generator_send                     0x080022e1   Thumb Code   134  psock.o(i.psock_generator_send)
    psock_init                               0x08002371   Thumb Code    40  psock.o(i.psock_init)
    psock_newdata                            0x08002399   Thumb Code    48  psock.o(i.psock_newdata)
    psock_readto                             0x080023cd   Thumb Code   142  psock.o(i.psock_readto)
    psock_send                               0x08002465   Thumb Code   112  psock.o(i.psock_send)
    rt_alloc_box                             0x080024d5   Thumb Code    26  rt_membox.o(i.rt_alloc_box)
    rt_alloc_mem                             0x080024ef   Thumb Code    62  rt_memory.o(i.rt_alloc_mem)
    rt_block                                 0x0800252d   Thumb Code    48  rt_task.o(i.rt_block)
    rt_chk_robin                             0x08002565   Thumb Code    60  rt_robin.o(i.rt_chk_robin)
    rt_dec_dly                               0x080025ad   Thumb Code   102  rt_list.o(i.rt_dec_dly)
    rt_dispatch                              0x0800261d   Thumb Code    60  rt_task.o(i.rt_dispatch)
    rt_dly_wait                              0x08002661   Thumb Code     6  rt_time.o(i.rt_dly_wait)
    rt_evt_psh                               0x08002669   Thumb Code    76  rt_event.o(i.rt_evt_psh)
    rt_free_box                              0x080026b9   Thumb Code    44  rt_membox.o(i.rt_free_box)
    rt_free_mem                              0x080026e5   Thumb Code    40  rt_memory.o(i.rt_free_mem)
    rt_get_first                             0x0800270d   Thumb Code    40  rt_list.o(i.rt_get_first)
    rt_init_mem                              0x0800277d   Thumb Code    26  rt_memory.o(i.rt_init_mem)
    rt_init_robin                            0x08002799   Thumb Code    14  rt_robin.o(i.rt_init_robin)
    rt_init_stack                            0x080027b1   Thumb Code   118  hal_cm.o(i.rt_init_stack)
    rt_mbx_check                             0x08002831   Thumb Code     8  rt_mailbox.o(i.rt_mbx_check)
    rt_mbx_init                              0x08002839   Thumb Code    26  rt_mailbox.o(i.rt_mbx_init)
    rt_mbx_psh                               0x08002855   Thumb Code   236  rt_mailbox.o(i.rt_mbx_psh)
    rt_mut_release                           0x08002989   Thumb Code   208  rt_mutex.o(i.rt_mut_release)
    rt_mut_wait                              0x08002a61   Thumb Code   100  rt_mutex.o(i.rt_mut_wait)
    rt_pop_req                               0x08002ac9   Thumb Code   112  rt_system.o(i.rt_pop_req)
    rt_psh_req                               0x08002b45   Thumb Code    22  rt_system.o(i.rt_psh_req)
    rt_psq_enq                               0x08002b65   Thumb Code    88  rt_list.o(i.rt_psq_enq)
    rt_put_dly                               0x08002bc1   Thumb Code    68  rt_list.o(i.rt_put_dly)
    rt_put_prio                              0x08002c09   Thumb Code    54  rt_list.o(i.rt_put_prio)
    rt_put_rdy_first                         0x08002c41   Thumb Code    14  rt_list.o(i.rt_put_rdy_first)
    rt_resort_prio                           0x08002c55   Thumb Code    46  rt_list.o(i.rt_resort_prio)
    rt_ret_val                               0x08002c89   Thumb Code     6  hal_cm.o(i.rt_ret_val)
    rt_ret_val2                              0x08002c8f   Thumb Code     8  hal_cm.o(i.rt_ret_val2)
    rt_rmv_dly                               0x08002c97   Thumb Code    40  rt_list.o(i.rt_rmv_dly)
    rt_rmv_list                              0x08002cc1   Thumb Code    44  rt_list.o(i.rt_rmv_list)
    rt_sem_psh                               0x08002cf1   Thumb Code    48  rt_semaphore.o(i.rt_sem_psh)
    rt_stk_check                             0x08002d25   Thumb Code     2  rtx_conf_cm.o(i.rt_stk_check)
    rt_switch_req                            0x08002d29   Thumb Code    30  rt_task.o(i.rt_switch_req)
    rt_sys_init                              0x08002d51   Thumb Code   138  rt_task.o(i.rt_sys_init)
    rt_sys_start                             0x08002e1d   Thumb Code   110  rt_task.o(i.rt_sys_start)
    rt_systick                               0x08002e95   Thumb Code    50  rt_system.o(i.rt_systick)
    rt_tsk_create                            0x08002f1d   Thumb Code   118  rt_task.o(i.rt_tsk_create)
    rt_tsk_delete                            0x08002fa5   Thumb Code   352  rt_task.o(i.rt_tsk_delete)
    rt_tsk_prio                              0x08003121   Thumb Code   108  rt_task.o(i.rt_tsk_prio)
    rt_tsk_self                              0x0800319d   Thumb Code    12  rt_task.o(i.rt_tsk_self)
    svcDelay                                 0x080034eb   Thumb Code    18  rt_cmsis.o(i.svcDelay)
    svcKernelInitialize                      0x080034fd   Thumb Code    80  rt_cmsis.o(i.svcKernelInitialize)
    svcKernelRunning                         0x0800356d   Thumb Code     6  rt_cmsis.o(i.svcKernelRunning)
    svcKernelStart                           0x08003579   Thumb Code    62  rt_cmsis.o(i.svcKernelStart)
    svcMessageCreate                         0x080035c1   Thumb Code    36  rt_cmsis.o(i.svcMessageCreate)
    svcThreadCreate                          0x080035e5   Thumb Code   100  rt_cmsis.o(i.svcThreadCreate)
    svcThreadGetId                           0x08003655   Thumb Code    22  rt_cmsis.o(i.svcThreadGetId)
    svcThreadTerminate                       0x08003671   Thumb Code    50  rt_cmsis.o(i.svcThreadTerminate)
    sysTimerTick                             0x080036a9   Thumb Code    84  rt_cmsis.o(i.sysTimerTick)
    uip_add32                                0x08003779   Thumb Code   106  uip.o(i.uip_add32)
    uip_arp_arpin                            0x0800382d   Thumb Code   216  uip_arp.o(i.uip_arp_arpin)
    uip_arp_init                             0x08003915   Thumb Code    46  uip_arp.o(i.uip_arp_init)
    uip_arp_out                              0x0800394d   Thumb Code   366  uip_arp.o(i.uip_arp_out)
    uip_arp_timer                            0x08003aed   Thumb Code    76  uip_arp.o(i.uip_arp_timer)
    uip_init                                 0x08003c69   Thumb Code    92  uip.o(i.uip_init)
    uip_ipchksum                             0x08003cd5   Thumb Code    30  uip.o(i.uip_ipchksum)
    uip_listen                               0x08003cf9   Thumb Code    54  uip.o(i.uip_listen)
    uip_process                              0x08003d39   Thumb Code  3656  uip.o(i.uip_process)
    uip_send                                 0x08004b99   Thumb Code    38  uip.o(i.uip_send)
    uip_tcpchksum                            0x08004bc9   Thumb Code    10  uip.o(i.uip_tcpchksum)
    os_thread_def_Thread_uIP_periodic        0x08004c1c   Data          16  stm32net.o(.constdata)
    os_thread_def_Thread_uIP                 0x08004c2c   Data          16  stm32net.o(.constdata)
    file_settings_shtml                      0x08006624   Data          20  httpd-fs.o(.constdata)
    file_processes_shtml                     0x08006638   Data          20  httpd-fs.o(.constdata)
    file_404_html                            0x0800664c   Data          20  httpd-fs.o(.constdata)
    file_files_shtml                         0x08006660   Data          20  httpd-fs.o(.constdata)
    file_footer_html                         0x08006674   Data          20  httpd-fs.o(.constdata)
    file_header_html                         0x08006688   Data          20  httpd-fs.o(.constdata)
    file_index_html                          0x0800669c   Data          20  httpd-fs.o(.constdata)
    file_style_css                           0x080066b0   Data          20  httpd-fs.o(.constdata)
    file_tcp_shtml                           0x080066c4   Data          20  httpd-fs.o(.constdata)
    file_fade_png                            0x080066d8   Data          20  httpd-fs.o(.constdata)
    file_stats_shtml                         0x080066ec   Data          20  httpd-fs.o(.constdata)
    http_http                                0x08006700   Data           8  http-strings.o(.constdata)
    http_200                                 0x08006708   Data           5  http-strings.o(.constdata)
    http_301                                 0x0800670d   Data           5  http-strings.o(.constdata)
    http_302                                 0x08006712   Data           5  http-strings.o(.constdata)
    http_options                             0x08006717   Data           9  http-strings.o(.constdata)
    http_get                                 0x08006720   Data           5  http-strings.o(.constdata)
    http_head                                0x08006725   Data           6  http-strings.o(.constdata)
    http_post                                0x0800672b   Data           6  http-strings.o(.constdata)
    http_put                                 0x08006731   Data           5  http-strings.o(.constdata)
    http_delete                              0x08006736   Data           8  http-strings.o(.constdata)
    http_trace                               0x0800673e   Data           7  http-strings.o(.constdata)
    http_connect                             0x08006745   Data           9  http-strings.o(.constdata)
    http_10                                  0x0800674e   Data           9  http-strings.o(.constdata)
    http_11                                  0x08006757   Data           9  http-strings.o(.constdata)
    http_content_type                        0x08006760   Data          15  http-strings.o(.constdata)
    http_texthtml                            0x0800676f   Data          10  http-strings.o(.constdata)
    http_location                            0x08006779   Data          11  http-strings.o(.constdata)
    http_host                                0x08006784   Data           7  http-strings.o(.constdata)
    http_crnl                                0x0800678b   Data           3  http-strings.o(.constdata)
    http_index_html                          0x0800678e   Data          12  http-strings.o(.constdata)
    http_404_html                            0x0800679a   Data          10  http-strings.o(.constdata)
    http_referer                             0x080067a4   Data           9  http-strings.o(.constdata)
    http_header_200                          0x080067ad   Data          84  http-strings.o(.constdata)
    http_header_404                          0x08006801   Data          91  http-strings.o(.constdata)
    http_content_type_plain                  0x0800685c   Data          29  http-strings.o(.constdata)
    http_content_type_html                   0x08006879   Data          28  http-strings.o(.constdata)
    http_content_type_css                    0x08006895   Data          27  http-strings.o(.constdata)
    http_content_type_text                   0x080068b0   Data          28  http-strings.o(.constdata)
    http_content_type_png                    0x080068cc   Data          28  http-strings.o(.constdata)
    http_content_type_gif                    0x080068e8   Data          28  http-strings.o(.constdata)
    http_content_type_jpg                    0x08006904   Data          29  http-strings.o(.constdata)
    http_content_type_binary                 0x08006921   Data          43  http-strings.o(.constdata)
    http_html                                0x0800694c   Data           6  http-strings.o(.constdata)
    http_shtml                               0x08006952   Data           7  http-strings.o(.constdata)
    http_htm                                 0x08006959   Data           5  http-strings.o(.constdata)
    http_css                                 0x0800695e   Data           5  http-strings.o(.constdata)
    http_png                                 0x08006963   Data           5  http-strings.o(.constdata)
    http_gif                                 0x08006968   Data           5  http-strings.o(.constdata)
    http_jpg                                 0x0800696d   Data           5  http-strings.o(.constdata)
    http_text                                0x08006972   Data           5  http-strings.o(.constdata)
    http_txt                                 0x08006977   Data           5  http-strings.o(.constdata)
    os_maxtaskrun                            0x0800697c   Data           2  rtx_conf_cm.o(.constdata)
    os_stackinfo                             0x08006980   Data           4  rtx_conf_cm.o(.constdata)
    os_rrobin                                0x08006984   Data           4  rtx_conf_cm.o(.constdata)
    os_tickfreq                              0x08006988   Data           4  rtx_conf_cm.o(.constdata)
    os_tickus_i                              0x0800698c   Data           2  rtx_conf_cm.o(.constdata)
    os_tickus_f                              0x0800698e   Data           2  rtx_conf_cm.o(.constdata)
    os_trv                                   0x08006990   Data           4  rtx_conf_cm.o(.constdata)
    os_flags                                 0x08006994   Data           1  rtx_conf_cm.o(.constdata)
    CMSIS_RTOS_API_Version                   0x08006998   Data           4  rtx_conf_cm.o(.constdata)
    CMSIS_RTOS_RTX_Version                   0x0800699c   Data           4  rtx_conf_cm.o(.constdata)
    os_clockrate                             0x080069a0   Data           4  rtx_conf_cm.o(.constdata)
    os_timernum                              0x080069a4   Data           4  rtx_conf_cm.o(.constdata)
    mp_tcb_size                              0x080069a8   Data           2  rtx_conf_cm.o(.constdata)
    mp_stk_size                              0x080069ac   Data           4  rtx_conf_cm.o(.constdata)
    os_stack_sz                              0x080069b0   Data           4  rtx_conf_cm.o(.constdata)
    os_fifo_size                             0x080069b4   Data           1  rtx_conf_cm.o(.constdata)
    os_messageQ_def_osTimerMessageQ          0x080069b8   Data           8  rtx_conf_cm.o(.constdata)
    mp_tmr_size                              0x080069c0   Data           2  rtx_conf_cm.o(.constdata)
    Region$$Table$$Base                      0x08006a7c   Number         0  anon$$obj.o(Region$$Table)
    Region$$Table$$Limit                     0x08006a9c   Number         0  anon$$obj.o(Region$$Table)
    HostIP                                   0x20000000   Data           4  stm32net.o(.data)
    tid_Thread_uIP_periodic                  0x20000004   Data           4  stm32net.o(.data)
    tid_Thread_uIP                           0x20000008   Data           4  stm32net.o(.data)
    enc28j60_current_bank                    0x2000000c   Data           1  enc28j60.o(.data)
    enc28j60_rxrdpt                          0x2000000e   Data           2  enc28j60.o(.data)
    uip_hostaddr                             0x20000010   Data           4  uip.o(.data)
    uip_draddr                               0x20000014   Data           4  uip.o(.data)
    uip_netmask                              0x20000018   Data           4  uip.o(.data)
    uip_ethaddr                              0x2000001c   Data           6  uip.o(.data)
    uip_appdata                              0x20000024   Data           4  uip.o(.data)
    uip_sappdata                             0x20000028   Data           4  uip.o(.data)
    uip_len                                  0x2000002c   Data           2  uip.o(.data)
    uip_slen                                 0x2000002e   Data           2  uip.o(.data)
    uip_flags                                0x20000030   Data           1  uip.o(.data)
    uip_conn                                 0x20000034   Data           4  uip.o(.data)
    uip_listenports                          0x20000038   Data           4  uip.o(.data)
    uip_acc32                                0x20000044   Data           4  uip.o(.data)
    http_methods                             0x20000098   Data          36  http-strings.o(.data)
    osThreadId_osTimerThread                 0x200000bc   Data           4  rtx_conf_cm.o(.data)
    osMessageQId_osTimerMessageQ             0x200000c0   Data           4  rtx_conf_cm.o(.data)
    os_tmr                                   0x200000c4   Data           4  rtx_conf_cm.o(.data)
    m_tmr                                    0x200000c8   Data           4  rtx_conf_cm.o(.data)
    os_thread_def_main                       0x200000d0   Data          16  rtx_conf_cm.o(.data)
    os_initialized                           0x200000e0   Data           1  rt_cmsis.o(.data)
    os_running                               0x200000e1   Data           1  rt_cmsis.o(.data)
    os_timer_head                            0x200000e4   Data           4  rt_cmsis.o(.data)
    os_tsk                                   0x200000e8   Data           8  rt_task.o(.data)
    os_tick_irqn                             0x200000f4   Data           4  rt_system.o(.data)
    os_time                                  0x200000f8   Data           4  rt_time.o(.data)
    os_robin                                 0x200000fc   Data           8  rt_robin.o(.data)
    dbg_msg                                  0x20000104   Data           1  hal_cm.o(.data)
    uip_buf                                  0x20000108   Data         514  uip.o(.bss)
    uip_conns                                0x2000030c   Data        2864  uip.o(.bss)
    uip_stat                                 0x20000e3c   Data          44  uip.o(.bss)
    mp_tcb                                   0x20000ee0   Data         168  rtx_conf_cm.o(.bss)
    mp_stk                                   0x20000f88   Data        1168  rtx_conf_cm.o(.bss)
    os_stack_mem                             0x20001418   Data         224  rtx_conf_cm.o(.bss)
    os_fifo                                  0x200014f8   Data         132  rtx_conf_cm.o(.bss)
    os_active_TCB                            0x2000157c   Data          12  rtx_conf_cm.o(.bss)
    os_thread_def_osTimerThread              0x20001588   Data          16  rtx_conf_cm.o(.bss)
    os_messageQ_q_osTimerMessageQ            0x20001598   Data          16  rtx_conf_cm.o(.bss)
    os_idle_TCB                              0x20001748   Data          52  rt_task.o(.bss)
    os_rdy                                   0x2000177c   Data          24  rt_list.o(.bss)
    os_dly                                   0x20001794   Data          24  rt_list.o(.bss)
    __libspace_start                         0x200017ac   Data          96  libspace.o(.bss)
    __temporary_stack_top$libspace           0x2000180c   Data           0  libspace.o(.bss)



==============================================================================

Memory Map of the image

  Image Entry point : 0x08000121

  Load Region LR_IROM1 (Base: 0x08000000, Size: 0x00006ba4, Max: 0x00020000, ABSOLUTE)

    Execution Region ER_IROM1 (Base: 0x08000000, Size: 0x00006a9c, Max: 0x00020000, ABSOLUTE)

    Base Addr    Size         Type   Attr      Idx    E Section Name        Object

    0x08000000   0x00000120   Data   RO         1552    RESET               startup_stm32f10x_md_vl.o
    0x08000120   0x00000008   Code   RO         2882  * !!!main             c_w.l(__main.o)
    0x08000128   0x00000034   Code   RO         3243    !!!scatter          c_w.l(__scatter.o)
    0x0800015c   0x0000001a   Code   RO         3245    !!handler_copy      c_w.l(__scatter_copy.o)
    0x08000176   0x00000002   PAD
    0x08000178   0x0000001c   Code   RO         3247    !!handler_zi        c_w.l(__scatter_zi.o)
    0x08000194   0x00000000   Code   RO         2861    .ARM.Collect$$_printf_percent$$00000000  c_w.l(_printf_percent.o)
    0x08000194   0x00000006   Code   RO         2859    .ARM.Collect$$_printf_percent$$00000009  c_w.l(_printf_d.o)
    0x0800019a   0x00000006   Code   RO         2860    .ARM.Collect$$_printf_percent$$0000000A  c_w.l(_printf_u.o)
    0x080001a0   0x00000006   Code   RO         2857    .ARM.Collect$$_printf_percent$$00000013  c_w.l(_printf_c.o)
    0x080001a6   0x00000006   Code   RO         2858    .ARM.Collect$$_printf_percent$$00000014  c_w.l(_printf_s.o)
    0x080001ac   0x00000004   Code   RO         2903    .ARM.Collect$$_printf_percent$$00000017  c_w.l(_printf_percent_end.o)
    0x080001b0   0x00000002   Code   RO         3048    .ARM.Collect$$libinit$$00000000  c_w.l(libinit.o)
    0x080001b2   0x00000000   Code   RO         3050    .ARM.Collect$$libinit$$00000002  c_w.l(libinit2.o)
    0x080001b2   0x00000000   Code   RO         3052    .ARM.Collect$$libinit$$00000004  c_w.l(libinit2.o)
    0x080001b2   0x00000000   Code   RO         3055    .ARM.Collect$$libinit$$0000000A  c_w.l(libinit2.o)
    0x080001b2   0x00000000   Code   RO         3057    .ARM.Collect$$libinit$$0000000C  c_w.l(libinit2.o)
    0x080001b2   0x00000000   Code   RO         3059    .ARM.Collect$$libinit$$0000000E  c_w.l(libinit2.o)
    0x080001b2   0x00000000   Code   RO         3062    .ARM.Collect$$libinit$$00000011  c_w.l(libinit2.o)
    0x080001b2   0x00000000   Code   RO         3064    .ARM.Collect$$libinit$$00000013  c_w.l(libinit2.o)
    0x080001b2   0x00000000   Code   RO         3066    .ARM.Collect$$libinit$$00000015  c_w.l(libinit2.o)
    0x080001b2   0x00000000   Code   RO         3068    .ARM.Collect$$libinit$$00000017  c_w.l(libinit2.o)
    0x080001b2   0x00000000   Code   RO         3070    .ARM.Collect$$libinit$$00000019  c_w.l(libinit2.o)
    0x080001b2   0x00000000   Code   RO         3072    .ARM.Collect$$libinit$$0000001B  c_w.l(libinit2.o)
    0x080001b2   0x00000000   Code   RO         3074    .ARM.Collect$$libinit$$0000001D  c_w.l(libinit2.o)
    0x080001b2   0x00000000   Code   RO         3076    .ARM.Collect$$libinit$$0000001F  c_w.l(libinit2.o)
    0x080001b2   0x00000000   Code   RO         3078    .ARM.Collect$$libinit$$00000021  c_w.l(libinit2.o)
    0x080001b2   0x00000000   Code   RO         3080    .ARM.Collect$$libinit$$00000023  c_w.l(libinit2.o)
    0x080001b2   0x00000000   Code   RO         3082    .ARM.Collect$$libinit$$00000025  c_w.l(libinit2.o)
    0x080001b2   0x00000000   Code   RO         3086    .ARM.Collect$$libinit$$0000002C  c_w.l(libinit2.o)
    0x080001b2   0x00000000   Code   RO         3088    .ARM.Collect$$libinit$$0000002E  c_w.l(libinit2.o)
    0x080001b2   0x00000000   Code   RO         3090    .ARM.Collect$$libinit$$00000030  c_w.l(libinit2.o)
    0x080001b2   0x00000000   Code   RO         3092    .ARM.Collect$$libinit$$00000032  c_w.l(libinit2.o)
    0x080001b2   0x00000002   Code   RO         3093    .ARM.Collect$$libinit$$00000033  c_w.l(libinit2.o)
    0x080001b4   0x00000002   Code   RO         3094    .ARM.Collect$$libshutdown$$00000000  c_w.l(libshutdown.o)
    0x080001b6   0x00000000   Code   RO         3096    .ARM.Collect$$libshutdown$$00000002  c_w.l(libshutdown2.o)
    0x080001b6   0x00000000   Code   RO         3098    .ARM.Collect$$libshutdown$$00000004  c_w.l(libshutdown2.o)
    0x080001b6   0x00000000   Code   RO         3101    .ARM.Collect$$libshutdown$$00000007  c_w.l(libshutdown2.o)
    0x080001b6   0x00000000   Code   RO         3104    .ARM.Collect$$libshutdown$$0000000A  c_w.l(libshutdown2.o)
    0x080001b6   0x00000000   Code   RO         3106    .ARM.Collect$$libshutdown$$0000000C  c_w.l(libshutdown2.o)
    0x080001b6   0x00000000   Code   RO         3109    .ARM.Collect$$libshutdown$$0000000F  c_w.l(libshutdown2.o)
    0x080001b6   0x00000002   Code   RO         3110    .ARM.Collect$$libshutdown$$00000010  c_w.l(libshutdown2.o)
    0x080001b8   0x00000000   Code   RO         2884    .ARM.Collect$$rtentry$$00000000  c_w.l(__rtentry.o)
    0x080001b8   0x00000000   Code   RO         2915    .ARM.Collect$$rtentry$$00000002  c_w.l(__rtentry2.o)
    0x080001b8   0x00000006   Code   RO         2927    .ARM.Collect$$rtentry$$00000004  c_w.l(__rtentry4.o)
    0x080001be   0x00000000   Code   RO         2917    .ARM.Collect$$rtentry$$00000009  c_w.l(__rtentry2.o)
    0x080001be   0x00000004   Code   RO         2918    .ARM.Collect$$rtentry$$0000000A  c_w.l(__rtentry2.o)
    0x080001c2   0x00000008   Code   RO         2919    .ARM.Collect$$rtentry$$0000000B  c_w.l(__rtentry2.o)
    0x080001ca   0x00000008   Code   RO         2921    .ARM.Collect$$rtentry$$0000000D  c_w.l(__rtentry2.o)
    0x080001d2   0x00000002   Code   RO         2885    .ARM.Collect$$rtexit$$00000000  c_w.l(rtexit.o)
    0x080001d4   0x00000000   Code   RO         2930    .ARM.Collect$$rtexit$$00000002  c_w.l(rtexit2.o)
    0x080001d4   0x00000004   Code   RO         2931    .ARM.Collect$$rtexit$$00000003  c_w.l(rtexit2.o)
    0x080001d8   0x00000006   Code   RO         2932    .ARM.Collect$$rtexit$$00000004  c_w.l(rtexit2.o)
    0x080001de   0x00000002   PAD
    0x080001e0   0x0000001c   Code   RO         1486    .emb_text           rtx_conf_cm.o
    0x080001fc   0x00000130   Code   RO         2801    .emb_text           RTX_CM3.lib(hal_cm3.o)
    0x0800032c   0x00000040   Code   RO         1553    .text               startup_stm32f10x_md_vl.o
    0x0800036c   0x00000008   Code   RO         2816    .text               c_w.l(libspace.o)
    0x08000374   0x00000038   Code   RO         2823    .text               c_w.l(__2snprintf.o)
    0x080003ac   0x0000004e   Code   RO         2831    .text               c_w.l(_printf_pad.o)
    0x080003fa   0x00000052   Code   RO         2833    .text               c_w.l(_printf_str.o)
    0x0800044c   0x00000078   Code   RO         2835    .text               c_w.l(_printf_dec.o)
    0x080004c4   0x0000010e   Code   RO         2845    .text               c_w.l(__printf_wp.o)
    0x080005d2   0x00000012   Code   RO         2862    .text               c_w.l(exit.o)
    0x080005e4   0x00000014   Code   RO         2864    .text               c_w.l(strchr.o)
    0x080005f8   0x00000048   Code   RO         2866    .text               c_w.l(strcpy.o)
    0x08000640   0x00000016   Code   RO         2868    .text               c_w.l(strrchr.o)
    0x08000656   0x0000003e   Code   RO         2870    .text               c_w.l(strlen.o)
    0x08000694   0x00000096   Code   RO         2872    .text               c_w.l(strncmp.o)
    0x0800072a   0x0000008a   Code   RO         2874    .text               c_w.l(rt_memcpy_v6.o)
    0x080007b4   0x00000010   Code   RO         2876    .text               c_w.l(aeabi_memset.o)
    0x080007c4   0x00000056   Code   RO         2878    .text               c_w.l(strncpy.o)
    0x0800081a   0x00000006   Code   RO         2880    .text               c_w.l(heapauxi.o)
    0x08000820   0x000000b2   Code   RO         2891    .text               c_w.l(_printf_intcommon.o)
    0x080008d2   0x00000002   PAD
    0x080008d4   0x00000030   Code   RO         2893    .text               c_w.l(_printf_char_common.o)
    0x08000904   0x0000000a   Code   RO         2895    .text               c_w.l(_sputc.o)
    0x0800090e   0x00000010   Code   RO         2897    .text               c_w.l(_snputc.o)
    0x0800091e   0x0000002c   Code   RO         2899    .text               c_w.l(_printf_char.o)
    0x0800094a   0x00000064   Code   RO         2910    .text               c_w.l(rt_memcpy_w.o)
    0x080009ae   0x00000044   Code   RO         2912    .text               c_w.l(rt_memclr.o)
    0x080009f2   0x0000004e   Code   RO         2954    .text               c_w.l(rt_memclr_w.o)
    0x08000a40   0x0000000c   Code   RO         2961    .text               c_w.l(sys_exit.o)
    0x08000a4c   0x0000004a   Code   RO         2963    .text               c_w.l(sys_stackheap_outer.o)
    0x08000a96   0x00000002   Code   RO         3113    .text               c_w.l(use_no_semi.o)
    0x08000a98   0x00000000   Code   RO         3115    .text               c_w.l(indicate_semi.o)
    0x08000a98   0x00000004   Code   RO         2811    SVC_TABLE           RTX_CM3.lib(svc_table.o)
    0x08000a9c   0x00000116   Code   RO          195    i.GPIO_Init         stm32f10x_gpio.o
    0x08000bb2   0x00000004   Code   RO          202    i.GPIO_ResetBits    stm32f10x_gpio.o
    0x08000bb6   0x00000004   Code   RO          203    i.GPIO_SetBits      stm32f10x_gpio.o
    0x08000bba   0x00000002   PAD
    0x08000bbc   0x00000048   Code   RO            5    i.Init_Thread       stm32net.o
    0x08000c04   0x00000020   Code   RO          317    i.RCC_APB1PeriphClockCmd  stm32f10x_rcc.o
    0x08000c24   0x00000020   Code   RO          319    i.RCC_APB2PeriphClockCmd  stm32f10x_rcc.o
    0x08000c44   0x00000018   Code   RO          538    i.SPI_Cmd           stm32f10x_spi.o
    0x08000c5c   0x00000012   Code   RO          546    i.SPI_I2S_GetFlagStatus  stm32f10x_spi.o
    0x08000c6e   0x00000006   Code   RO          549    i.SPI_I2S_ReceiveData  stm32f10x_spi.o
    0x08000c74   0x00000004   Code   RO          550    i.SPI_I2S_SendData  stm32f10x_spi.o
    0x08000c78   0x0000003c   Code   RO          551    i.SPI_Init          stm32f10x_spi.o
    0x08000cb4   0x00000008   Code   RO         1560    i.SetSysClock       system_stm32f10x.o
    0x08000cbc   0x000000b8   Code   RO         1561    i.SetSysClockTo24   system_stm32f10x.o
    0x08000d74   0x00000064   Code   RO         1563    i.SystemInit        system_stm32f10x.o
    0x08000dd8   0x00000078   Code   RO            6    i.Thread_uIP        stm32net.o
    0x08000e50   0x00000064   Code   RO            7    i.Thread_uIP_periodic  stm32net.o
    0x08000eb4   0x00000046   Code   RO         2700    i._init_box         RTX_CM3.lib(rt_membox.o)
    0x08000efa   0x0000000e   Code   RO         2847    i._is_digit         c_w.l(__printf_wp.o)
    0x08000f08   0x00000020   Code   RO         1488    i._mutex_acquire    rtx_conf_cm.o
    0x08000f28   0x0000001c   Code   RO         1490    i._mutex_release    rtx_conf_cm.o
    0x08000f44   0x00000066   Code   RO          864    i.buf_bufto         psock.o
    0x08000faa   0x00000006   Code   RO          865    i.buf_setup         psock.o
    0x08000fb0   0x00000046   Code   RO          986    i.chksum            uip.o
    0x08000ff6   0x00000002   PAD
    0x08000ff8   0x0000005c   Code   RO          866    i.data_acked        psock.o
    0x08001054   0x00000030   Code   RO         2753    i.dbg_init          RTX_CM3.lib(hal_cm.o)
    0x08001084   0x00000020   Code   RO         2754    i.dbg_task_notify   RTX_CM3.lib(hal_cm.o)
    0x080010a4   0x00000010   Code   RO         2755    i.dbg_task_switch   RTX_CM3.lib(hal_cm.o)
    0x080010b4   0x00000018   Code   RO          737    i.enc28j60_bfc      enc28j60.o
    0x080010cc   0x00000018   Code   RO          738    i.enc28j60_bfs      enc28j60.o
    0x080010e4   0x000001c4   Code   RO          739    i.enc28j60_init     enc28j60.o
    0x080012a8   0x00000014   Code   RO          740    i.enc28j60_rcr      enc28j60.o
    0x080012bc   0x00000024   Code   RO          741    i.enc28j60_rcr16    enc28j60.o
    0x080012e0   0x0000003c   Code   RO          742    i.enc28j60_read_buffer  enc28j60.o
    0x0800131c   0x00000044   Code   RO          743    i.enc28j60_read_op  enc28j60.o
    0x08001360   0x00000078   Code   RO          745    i.enc28j60_recv_packet  enc28j60.o
    0x080013d8   0x00000040   Code   RO          746    i.enc28j60_rxtx     enc28j60.o
    0x08001418   0x00000070   Code   RO          747    i.enc28j60_send_packet  enc28j60.o
    0x08001488   0x00000038   Code   RO          748    i.enc28j60_set_bank  enc28j60.o
    0x080014c0   0x00000040   Code   RO          749    i.enc28j60_soft_reset  enc28j60.o
    0x08001500   0x00000018   Code   RO          750    i.enc28j60_wcr      enc28j60.o
    0x08001518   0x00000024   Code   RO          751    i.enc28j60_wcr16    enc28j60.o
    0x0800153c   0x0000003c   Code   RO          752    i.enc28j60_write_buffer  enc28j60.o
    0x08001578   0x00000034   Code   RO          753    i.enc28j60_write_op  enc28j60.o
    0x080015ac   0x00000028   Code   RO          754    i.enc28j60_write_phy  enc28j60.o
    0x080015d4   0x00000050   Code   RO         1348    i.file_stats        httpd-cgi.o
    0x08001624   0x00000040   Code   RO         1349    i.gate_addr         httpd-cgi.o
    0x08001664   0x0000002c   Code   RO         1350    i.generate_file_stats  httpd-cgi.o
    0x08001690   0x0000006c   Code   RO         1351    i.generate_gate_addr  httpd-cgi.o
    0x080016fc   0x0000006c   Code   RO         1352    i.generate_host_addr  httpd-cgi.o
    0x08001768   0x0000006c   Code   RO         1353    i.generate_net_mask  httpd-cgi.o
    0x080017d4   0x00000034   Code   RO         1354    i.generate_net_stats  httpd-cgi.o
    0x08001808   0x0000004c   Code   RO         1280    i.generate_part_of_file  httpd.o
    0x08001854   0x000000b4   Code   RO         1355    i.generate_tcp_stats  httpd-cgi.o
    0x08001908   0x00000040   Code   RO         1356    i.get_addr          httpd-cgi.o
    0x08001948   0x0000001a   Code   RO         1281    i.handle_connection  httpd.o
    0x08001962   0x00000002   PAD
    0x08001964   0x00000160   Code   RO         1282    i.handle_input      httpd.o
    0x08001ac4   0x0000012c   Code   RO         1283    i.handle_output     httpd.o
    0x08001bf0   0x00000194   Code   RO         1284    i.handle_script     httpd.o
    0x08001d84   0x0000000c   Code   RO          987    i.htons             uip.o
    0x08001d90   0x000000b0   Code   RO         1285    i.httpd_appcall     httpd.o
    0x08001e40   0x0000003c   Code   RO         1357    i.httpd_cgi         httpd-cgi.o
    0x08001e7c   0x00000034   Code   RO         1439    i.httpd_fs_count    httpd-fs.o
    0x08001eb0   0x0000004c   Code   RO         1441    i.httpd_fs_open     httpd-fs.o
    0x08001efc   0x00000030   Code   RO         1442    i.httpd_fs_strcmp   httpd-fs.o
    0x08001f2c   0x0000000c   Code   RO         1286    i.httpd_init        httpd.o
    0x08001f38   0x0000002c   Code   RO         1607    i.isrMessagePut     RTX_CM3.lib(rt_cmsis.o)
    0x08001f64   0x0000000e   Code   RO         2556    i.isr_mbx_send      RTX_CM3.lib(rt_mailbox.o)
    0x08001f72   0x00000002   PAD
    0x08001f74   0x00000118   Code   RO            8    i.main              stm32net.o
    0x0800208c   0x00000044   Code   RO         1358    i.net_mask          httpd-cgi.o
    0x080020d0   0x0000005c   Code   RO         1359    i.net_stats         httpd-cgi.o
    0x0800212c   0x00000026   Code   RO         1287    i.next_scriptstate  httpd.o
    0x08002152   0x00000018   Code   RO         1360    i.nullfunction      httpd-cgi.o
    0x0800216a   0x00000002   PAD
    0x0800216c   0x00000018   Code   RO         1610    i.osDelay           RTX_CM3.lib(rt_cmsis.o)
    0x08002184   0x00000024   Code   RO         1611    i.osKernelInitialize  RTX_CM3.lib(rt_cmsis.o)
    0x080021a8   0x00000024   Code   RO         1612    i.osKernelRunning   RTX_CM3.lib(rt_cmsis.o)
    0x080021cc   0x0000006c   Code   RO         1613    i.osKernelStart     RTX_CM3.lib(rt_cmsis.o)
    0x08002238   0x00000030   Code   RO         1639    i.osThreadCreate    RTX_CM3.lib(rt_cmsis.o)
    0x08002268   0x00000018   Code   RO         1640    i.osThreadExit      RTX_CM3.lib(rt_cmsis.o)
    0x08002280   0x00000022   Code   RO         1491    i.os_error          rtx_conf_cm.o
    0x080022a2   0x00000004   Code   RO         1492    i.os_idle_demon     rtx_conf_cm.o
    0x080022a6   0x00000002   PAD
    0x080022a8   0x00000028   Code   RO         2347    i.os_tick_init      RTX_CM3.lib(rt_system.o)
    0x080022d0   0x00000002   Code   RO         2348    i.os_tick_irqack    RTX_CM3.lib(rt_system.o)
    0x080022d2   0x0000000c   Code   RO          867    i.psock_datalen     psock.o
    0x080022de   0x00000002   PAD
    0x080022e0   0x00000090   Code   RO          868    i.psock_generator_send  psock.o
    0x08002370   0x00000028   Code   RO          869    i.psock_init        psock.o
    0x08002398   0x00000034   Code   RO          870    i.psock_newdata     psock.o
    0x080023cc   0x00000098   Code   RO          872    i.psock_readto      psock.o
    0x08002464   0x00000070   Code   RO          873    i.psock_send        psock.o
    0x080024d4   0x0000001a   Code   RO         2701    i.rt_alloc_box      RTX_CM3.lib(rt_membox.o)
    0x080024ee   0x0000003e   Code   RO         2729    i.rt_alloc_mem      RTX_CM3.lib(rt_memory.o)
    0x0800252c   0x00000038   Code   RO         2228    i.rt_block          RTX_CM3.lib(rt_task.o)
    0x08002564   0x00000048   Code   RO         2678    i.rt_chk_robin      RTX_CM3.lib(rt_robin.o)
    0x080025ac   0x00000070   Code   RO         2479    i.rt_dec_dly        RTX_CM3.lib(rt_list.o)
    0x0800261c   0x00000044   Code   RO         2229    i.rt_dispatch       RTX_CM3.lib(rt_task.o)
    0x08002660   0x00000006   Code   RO         2645    i.rt_dly_wait       RTX_CM3.lib(rt_time.o)
    0x08002666   0x00000002   PAD
    0x08002668   0x00000050   Code   RO         2440    i.rt_evt_psh        RTX_CM3.lib(rt_event.o)
    0x080026b8   0x0000002c   Code   RO         2702    i.rt_free_box       RTX_CM3.lib(rt_membox.o)
    0x080026e4   0x00000028   Code   RO         2730    i.rt_free_mem       RTX_CM3.lib(rt_memory.o)
    0x0800270c   0x00000028   Code   RO         2480    i.rt_get_first      RTX_CM3.lib(rt_list.o)
    0x08002734   0x00000048   Code   RO         2230    i.rt_init_context   RTX_CM3.lib(rt_task.o)
    0x0800277c   0x0000001a   Code   RO         2731    i.rt_init_mem       RTX_CM3.lib(rt_memory.o)
    0x08002796   0x00000002   PAD
    0x08002798   0x00000018   Code   RO         2679    i.rt_init_robin     RTX_CM3.lib(rt_robin.o)
    0x080027b0   0x00000080   Code   RO         2756    i.rt_init_stack     RTX_CM3.lib(hal_cm.o)
    0x08002830   0x00000008   Code   RO         2557    i.rt_mbx_check      RTX_CM3.lib(rt_mailbox.o)
    0x08002838   0x0000001a   Code   RO         2558    i.rt_mbx_init       RTX_CM3.lib(rt_mailbox.o)
    0x08002852   0x00000002   PAD
    0x08002854   0x000000f0   Code   RO         2559    i.rt_mbx_psh        RTX_CM3.lib(rt_mailbox.o)
    0x08002944   0x00000044   Code   RO         1657    i.rt_ms2tick        RTX_CM3.lib(rt_cmsis.o)
    0x08002988   0x000000d8   Code   RO         2314    i.rt_mut_release    RTX_CM3.lib(rt_mutex.o)
    0x08002a60   0x00000068   Code   RO         2315    i.rt_mut_wait       RTX_CM3.lib(rt_mutex.o)
    0x08002ac8   0x0000007c   Code   RO         2351    i.rt_pop_req        RTX_CM3.lib(rt_system.o)
    0x08002b44   0x00000020   Code   RO         2352    i.rt_psh_req        RTX_CM3.lib(rt_system.o)
    0x08002b64   0x0000005c   Code   RO         2482    i.rt_psq_enq        RTX_CM3.lib(rt_list.o)
    0x08002bc0   0x00000048   Code   RO         2483    i.rt_put_dly        RTX_CM3.lib(rt_list.o)
    0x08002c08   0x00000036   Code   RO         2484    i.rt_put_prio       RTX_CM3.lib(rt_list.o)
    0x08002c3e   0x00000002   PAD
    0x08002c40   0x00000014   Code   RO         2485    i.rt_put_rdy_first  RTX_CM3.lib(rt_list.o)
    0x08002c54   0x00000034   Code   RO         2486    i.rt_resort_prio    RTX_CM3.lib(rt_list.o)
    0x08002c88   0x00000006   Code   RO         2757    i.rt_ret_val        RTX_CM3.lib(hal_cm.o)
    0x08002c8e   0x00000008   Code   RO         2758    i.rt_ret_val2       RTX_CM3.lib(hal_cm.o)
    0x08002c96   0x00000028   Code   RO         2487    i.rt_rmv_dly        RTX_CM3.lib(rt_list.o)
    0x08002cbe   0x00000002   PAD
    0x08002cc0   0x00000030   Code   RO         2488    i.rt_rmv_list       RTX_CM3.lib(rt_list.o)
    0x08002cf0   0x00000034   Code   RO         2606    i.rt_sem_psh        RTX_CM3.lib(rt_semaphore.o)
    0x08002d24   0x00000002   Code   RO         1493    i.rt_stk_check      rtx_conf_cm.o
    0x08002d26   0x00000002   PAD
    0x08002d28   0x00000028   Code   RO         2231    i.rt_switch_req     RTX_CM3.lib(rt_task.o)
    0x08002d50   0x000000cc   Code   RO         2232    i.rt_sys_init       RTX_CM3.lib(rt_task.o)
    0x08002e1c   0x00000078   Code   RO         2233    i.rt_sys_start      RTX_CM3.lib(rt_task.o)
    0x08002e94   0x00000040   Code   RO         2356    i.rt_systick        RTX_CM3.lib(rt_system.o)
    0x08002ed4   0x00000012   Code   RO         1658    i.rt_tid2ptcb       RTX_CM3.lib(rt_cmsis.o)
    0x08002ee6   0x00000002   PAD
    0x08002ee8   0x00000034   Code   RO         1659    i.rt_timer_insert   RTX_CM3.lib(rt_cmsis.o)
    0x08002f1c   0x00000088   Code   RO         2234    i.rt_tsk_create     RTX_CM3.lib(rt_task.o)
    0x08002fa4   0x0000017c   Code   RO         2235    i.rt_tsk_delete     RTX_CM3.lib(rt_task.o)
    0x08003120   0x0000007c   Code   RO         2237    i.rt_tsk_prio       RTX_CM3.lib(rt_task.o)
    0x0800319c   0x00000010   Code   RO         2238    i.rt_tsk_self       RTX_CM3.lib(rt_task.o)
    0x080031ac   0x00000050   Code   RO          874    i.send_data         psock.o
    0x080031fc   0x0000006c   Code   RO         1288    i.send_file         httpd.o
    0x08003268   0x000001f8   Code   RO         1289    i.send_headers      httpd.o
    0x08003460   0x0000003e   Code   RO         1290    i.send_part_of_file  httpd.o
    0x0800349e   0x00000002   PAD
    0x080034a0   0x00000044   Code   RO         1361    i.set_addr          httpd-cgi.o
    0x080034e4   0x00000006   Code   RO         1362    i.set_host_addr     httpd-cgi.o
    0x080034ea   0x00000012   Code   RO         1661    i.svcDelay          RTX_CM3.lib(rt_cmsis.o)
    0x080034fc   0x00000070   Code   RO         1662    i.svcKernelInitialize  RTX_CM3.lib(rt_cmsis.o)
    0x0800356c   0x0000000c   Code   RO         1663    i.svcKernelRunning  RTX_CM3.lib(rt_cmsis.o)
    0x08003578   0x00000048   Code   RO         1664    i.svcKernelStart    RTX_CM3.lib(rt_cmsis.o)
    0x080035c0   0x00000024   Code   RO         1667    i.svcMessageCreate  RTX_CM3.lib(rt_cmsis.o)
    0x080035e4   0x00000070   Code   RO         1682    i.svcThreadCreate   RTX_CM3.lib(rt_cmsis.o)
    0x08003654   0x0000001c   Code   RO         1683    i.svcThreadGetId    RTX_CM3.lib(rt_cmsis.o)
    0x08003670   0x00000038   Code   RO         1686    i.svcThreadTerminate  RTX_CM3.lib(rt_cmsis.o)
    0x080036a8   0x0000005c   Code   RO         1697    i.sysTimerTick      RTX_CM3.lib(rt_cmsis.o)
    0x08003704   0x00000074   Code   RO         1363    i.tcp_stats         httpd-cgi.o
    0x08003778   0x00000070   Code   RO          988    i.uip_add32         uip.o
    0x080037e8   0x00000044   Code   RO          989    i.uip_add_rcv_nxt   uip.o
    0x0800382c   0x000000e8   Code   RO         1093    i.uip_arp_arpin     uip_arp.o
    0x08003914   0x00000038   Code   RO         1094    i.uip_arp_init      uip_arp.o
    0x0800394c   0x000001a0   Code   RO         1095    i.uip_arp_out       uip_arp.o
    0x08003aec   0x00000058   Code   RO         1096    i.uip_arp_timer     uip_arp.o
    0x08003b44   0x00000124   Code   RO         1097    i.uip_arp_update    uip_arp.o
    0x08003c68   0x0000006c   Code   RO          992    i.uip_init          uip.o
    0x08003cd4   0x00000024   Code   RO          993    i.uip_ipchksum      uip.o
    0x08003cf8   0x00000040   Code   RO          994    i.uip_listen        uip.o
    0x08003d38   0x00000e60   Code   RO          995    i.uip_process       uip.o
    0x08004b98   0x00000030   Code   RO          996    i.uip_send          uip.o
    0x08004bc8   0x0000000a   Code   RO          998    i.uip_tcpchksum     uip.o
    0x08004bd2   0x00000002   PAD
    0x08004bd4   0x00000048   Code   RO         1000    i.upper_layer_chksum  uip.o
    0x08004c1c   0x00000026   Data   RO           11    .constdata          stm32net.o
    0x08004c42   0x00000008   Data   RO         1002    .constdata          uip.o
    0x08004c4a   0x0000000a   Data   RO         1099    .constdata          uip_arp.o
    0x08004c54   0x0000008e   Data   RO         1364    .constdata          httpd-cgi.o
    0x08004ce2   0x00000002   PAD
    0x08004ce4   0x00001a1c   Data   RO         1444    .constdata          httpd-fs.o
    0x08006700   0x0000027c   Data   RO         1478    .constdata          http-strings.o
    0x0800697c   0x00000046   Data   RO         1495    .constdata          rtx_conf_cm.o
    0x080069c2   0x00000002   PAD
    0x080069c4   0x000000b6   Data   RO         1365    .conststring        httpd-cgi.o
    0x08006a7a   0x00000002   PAD
    0x08006a7c   0x00000020   Data   RO         3241    Region$$Table       anon$$obj.o


    Execution Region RW_IRAM1 (Base: 0x20000000, Size: 0x00001b10, Max: 0x00002000, ABSOLUTE)

    Base Addr    Size         Type   Attr      Idx    E Section Name        Object

    0x20000000   0x0000000c   Data   RW           12    .data               stm32net.o
    0x2000000c   0x00000004   Data   RW          755    .data               enc28j60.o
    0x20000010   0x0000003c   Data   RW         1003    .data               uip.o
    0x2000004c   0x00000008   Data   RW         1100    .data               uip_arp.o
    0x20000054   0x00000044   Data   RW         1366    .data               httpd-cgi.o
    0x20000098   0x00000024   Data   RW         1479    .data               http-strings.o
    0x200000bc   0x00000024   Data   RW         1496    .data               rtx_conf_cm.o
    0x200000e0   0x00000008   Data   RW         1700    .data               RTX_CM3.lib(rt_cmsis.o)
    0x200000e8   0x00000008   Data   RW         2240    .data               RTX_CM3.lib(rt_task.o)
    0x200000f0   0x00000008   Data   RW         2359    .data               RTX_CM3.lib(rt_system.o)
    0x200000f8   0x00000004   Data   RW         2649    .data               RTX_CM3.lib(rt_time.o)
    0x200000fc   0x00000008   Data   RW         2680    .data               RTX_CM3.lib(rt_robin.o)
    0x20000104   0x00000001   Data   RW         2759    .data               RTX_CM3.lib(hal_cm.o)
    0x20000105   0x00000003   PAD
    0x20000108   0x00000d60   Zero   RW         1001    .bss                uip.o
    0x20000e68   0x00000060   Zero   RW         1098    .bss                uip_arp.o
    0x20000ec8   0x00000016   Zero   RW         1443    .bss                httpd-fs.o
    0x20000ede   0x00000002   PAD
    0x20000ee0   0x00000868   Zero   RW         1494    .bss                rtx_conf_cm.o
    0x20001748   0x00000034   Zero   RW         2239    .bss                RTX_CM3.lib(rt_task.o)
    0x2000177c   0x00000030   Zero   RW         2489    .bss                RTX_CM3.lib(rt_list.o)
    0x200017ac   0x00000060   Zero   RW         2817    .bss                c_w.l(libspace.o)
    0x2000180c   0x00000004   PAD
    0x20001810   0x00000100   Zero   RW         1551    HEAP                startup_stm32f10x_md_vl.o
    0x20001910   0x00000200   Zero   RW         1550    STACK               startup_stm32f10x_md_vl.o


==============================================================================

Image component sizes


      Code (inc. data)   RO Data    RW Data    ZI Data      Debug   Object Name

      1312         64          0          4          0      10581   enc28j60.o
         0          0        636         36          0       2548   http-strings.o
      1242        162        324         68          0      10120   httpd-cgi.o
       176         20       6684          0         22       4330   httpd-fs.o
      2058        136          0          0          0       7465   httpd.o
       792         44          0          0          0      12970   psock.o
       128         26         70         36       2152       9390   rtx_conf_cm.o
        64         26        288          0        768        812   startup_stm32f10x_md_vl.o
       286          0          0          0          0       3020   stm32f10x_gpio.o
        64         12          0          0          0       1130   stm32f10x_rcc.o
       112          0          0          0          0       3810   stm32f10x_spi.o
       572         70         38         12          0     241859   stm32net.o
       292         24          0          0          0       1865   system_stm32f10x.o
      4280        260          8         60       3424      15816   uip.o
      1084        108         10          8         96       4707   uip_arp.o

    ----------------------------------------------------------------------
     12480        952       8096        224       6464     330423   Object Totals
         0          0         32          0          0          0   (incl. Generated)
        18          0          6          0          2          0   (incl. Padding)

    ----------------------------------------------------------------------

      Code (inc. data)   RO Data    RW Data    ZI Data      Debug   Library Member Name

       238         24          0          1          0       3256   hal_cm.o
       304         36          0          0          0        760   hal_cm3.o
       996        144          0          8          0      29544   rt_cmsis.o
        80          4          0          0          0        653   rt_event.o
       530         34          0          0         48       8165   rt_list.o
       288          4          0          0          0       2393   rt_mailbox.o
       140          0          0          0          0       1901   rt_membox.o
       128          0          0          0          0       2275   rt_memory.o
       320         12          0          0          0       1603   rt_mutex.o
        96         22          0          8          0       1134   rt_robin.o
        52          4          0          0          0        565   rt_semaphore.o
       262         44          0          8          0       5732   rt_system.o
      1216        174          0          8         52       9545   rt_task.o
         6          0          0          4          0        636   rt_time.o
         4          4          0          0          0        200   svc_table.o
        56          6          0          0          0         88   __2snprintf.o
         8          0          0          0          0         68   __main.o
       284          0          0          0          0        156   __printf_wp.o
         0          0          0          0          0          0   __rtentry.o
        20          0          0          0          0          0   __rtentry2.o
         6          0          0          0          0          0   __rtentry4.o
        52          8          0          0          0          0   __scatter.o
        26          0          0          0          0          0   __scatter_copy.o
        28          0          0          0          0          0   __scatter_zi.o
         6          0          0          0          0          0   _printf_c.o
        44          0          0          0          0        108   _printf_char.o
        48          6          0          0          0         96   _printf_char_common.o
         6          0          0          0          0          0   _printf_d.o
       120         16          0          0          0         92   _printf_dec.o
       178          0          0          0          0         88   _printf_intcommon.o
        78          0          0          0          0        108   _printf_pad.o
         0          0          0          0          0          0   _printf_percent.o
         4          0          0          0          0          0   _printf_percent_end.o
         6          0          0          0          0          0   _printf_s.o
        82          0          0          0          0         80   _printf_str.o
         6          0          0          0          0          0   _printf_u.o
        16          0          0          0          0         68   _snputc.o
        10          0          0          0          0         68   _sputc.o
        16          0          0          0          0         68   aeabi_memset.o
        18          0          0          0          0         80   exit.o
         6          0          0          0          0        152   heapauxi.o
         0          0          0          0          0          0   indicate_semi.o
         2          0          0          0          0          0   libinit.o
         2          0          0          0          0          0   libinit2.o
         2          0          0          0          0          0   libshutdown.o
         2          0          0          0          0          0   libshutdown2.o
         8          4          0          0         96         68   libspace.o
        68          0          0          0          0         68   rt_memclr.o
        78          0          0          0          0         80   rt_memclr_w.o
       138          0          0          0          0         68   rt_memcpy_v6.o
       100          0          0          0          0         80   rt_memcpy_w.o
         2          0          0          0          0          0   rtexit.o
        10          0          0          0          0          0   rtexit2.o
        20          0          0          0          0         68   strchr.o
        72          0          0          0          0         80   strcpy.o
        62          0          0          0          0         76   strlen.o
       150          0          0          0          0         80   strncmp.o
        86          0          0          0          0         76   strncpy.o
        22          0          0          0          0         68   strrchr.o
        12          4          0          0          0         68   sys_exit.o
        74          0          0          0          0         80   sys_stackheap_outer.o
         2          0          0          0          0         68   use_no_semi.o

    ----------------------------------------------------------------------
      6716        550          0         40        200      70710   Library Totals
        20          0          0          3          4          0   (incl. Padding)

    ----------------------------------------------------------------------

      Code (inc. data)   RO Data    RW Data    ZI Data      Debug   Library Name

      4660        506          0         37        100      68362   RTX_CM3.lib
      2036         44          0          0         96       2348   c_w.l

    ----------------------------------------------------------------------
      6716        550          0         40        200      70710   Library Totals

    ----------------------------------------------------------------------

==============================================================================


      Code (inc. data)   RO Data    RW Data    ZI Data      Debug   

     19196       1502       8096        264       6664     391821   Grand Totals
     19196       1502       8096        264       6664     391821   ELF Image Totals
     19196       1502       8096        264          0          0   ROM Totals

==============================================================================

    Total RO  Size (Code + RO Data)                27292 (  26.65kB)
    Total RW  Size (RW Data + ZI Data)              6928 (   6.77kB)
    Total ROM Size (Code + RO Data + RW Data)      27556 (  26.91kB)

==============================================================================

